Tue 11 Aug 2026 12:04:55 INFO  [Training]: train_batch_size = [2048] train_neg_sample_args: [{'distribution': 'none', 'sample_num': 'none', 'alpha': 'none', 'dynamic': False, 'candidate_num': 0}]
Tue 11 Aug 2026 12:04:55 INFO  [Evaluation]: eval_batch_size = [4096] eval_args: [{'split': {'LS': 'valid_and_test'}, 'order': 'TO', 'group_by': 'user', 'mode': {'valid': 'full', 'test': 'full'}}]
Tue 11 Aug 2026 12:05:00 INFO  epoch 0 training [time: 0.81s, train loss: 5.8936]
Tue 11 Aug 2026 12:05:00 INFO  epoch 0 evaluating [time: 0.01s, valid_score: 0.010000]
Tue 11 Aug 2026 12:05:00 INFO  valid result: 
recall@10 : 0.0277    recall@50 : 0.1937    recall@100 : 0.3162    ndcg@10 : 0.01    ndcg@50 : 0.0439    ndcg@100 : 0.0636
Tue 11 Aug 2026 12:05:00 INFO  Saving current: /projects/PROJECT_ALLOC/R-project/results/anchor/All_Beauty/_ckpt/SASRec-Aug-11-2026_12-04-55.pth
Tue 11 Aug 2026 12:05:01 INFO  epoch 1 training [time: 0.68s, train loss: 5.8763]
Tue 11 Aug 2026 12:05:01 INFO  epoch 1 evaluating [time: 0.01s, valid_score: 0.010000]
Tue 11 Aug 2026 12:05:01 INFO  valid result: 
recall@10 : 0.0277    recall@50 : 0.1937    recall@100 : 0.3241    ndcg@10 : 0.01    ndcg@50 : 0.0442    ndcg@100 : 0.0651
Tue 11 Aug 2026 12:05:01 INFO  Saving current: /projects/PROJECT_ALLOC/R-project/results/anchor/All_Beauty/_ckpt/SASRec-Aug-11-2026_12-04-55.pth
Tue 11 Aug 2026 12:05:01 INFO  epoch 2 training [time: 0.69s, train loss: 5.8582]
Tue 11 Aug 2026 12:05:01 INFO  epoch 2 evaluating [time: 0.01s, valid_score: 0.007800]
Tue 11 Aug 2026 12:05:01 INFO  valid result: 
recall@10 : 0.0198    recall@50 : 0.1858    recall@100 : 0.3202    ndcg@10 : 0.0078    ndcg@50 : 0.0429    ndcg@100 : 0.0647
Tue 11 Aug 2026 12:05:02 INFO  epoch 3 training [time: 0.67s, train loss: 5.8456]
Tue 11 Aug 2026 12:05:02 INFO  epoch 3 evaluating [time: 0.01s, valid_score: 0.008000]
Tue 11 Aug 2026 12:05:02 INFO  valid result: 
recall@10 : 0.0198    recall@50 : 0.1976    recall@100 : 0.3202    ndcg@10 : 0.008    ndcg@50 : 0.0457    ndcg@100 : 0.0655
Tue 11 Aug 2026 12:05:03 INFO  epoch 4 training [time: 0.64s, train loss: 5.8252]
Tue 11 Aug 2026 12:05:03 INFO  epoch 4 evaluating [time: 0.01s, valid_score: 0.009100]
Tue 11 Aug 2026 12:05:03 INFO  valid result: 
recall@10 : 0.0237    recall@50 : 0.1937    recall@100 : 0.3241    ndcg@10 : 0.0091    ndcg@50 : 0.0454    ndcg@100 : 0.0664
Tue 11 Aug 2026 12:05:03 INFO  epoch 5 training [time: 0.66s, train loss: 5.8023]
Tue 11 Aug 2026 12:05:03 INFO  epoch 5 evaluating [time: 0.01s, valid_score: 0.011300]
Tue 11 Aug 2026 12:05:03 INFO  valid result: 
recall@10 : 0.0316    recall@50 : 0.1937    recall@100 : 0.3281    ndcg@10 : 0.0113    ndcg@50 : 0.0458    ndcg@100 : 0.0675
Tue 11 Aug 2026 12:05:03 INFO  Saving current: /projects/PROJECT_ALLOC/R-project/results/anchor/All_Beauty/_ckpt/SASRec-Aug-11-2026_12-04-55.pth
Tue 11 Aug 2026 12:05:04 INFO  epoch 6 training [time: 0.73s, train loss: 5.7836]
Tue 11 Aug 2026 12:05:04 INFO  epoch 6 evaluating [time: 0.01s, valid_score: 0.012700]
Tue 11 Aug 2026 12:05:04 INFO  valid result: 
recall@10 : 0.0356    recall@50 : 0.1858    recall@100 : 0.336    ndcg@10 : 0.0127    ndcg@50 : 0.0453    ndcg@100 : 0.0696
Tue 11 Aug 2026 12:05:04 INFO  Saving current: /projects/PROJECT_ALLOC/R-project/results/anchor/All_Beauty/_ckpt/SASRec-Aug-11-2026_12-04-55.pth
Tue 11 Aug 2026 12:05:05 INFO  epoch 7 training [time: 0.68s, train loss: 5.7709]
Tue 11 Aug 2026 12:05:05 INFO  epoch 7 evaluating [time: 0.02s, valid_score: 0.014300]
Tue 11 Aug 2026 12:05:05 INFO  valid result: 
recall@10 : 0.0395    recall@50 : 0.1818    recall@100 : 0.3518    ndcg@10 : 0.0143    ndcg@50 : 0.045    ndcg@100 : 0.0725
Tue 11 Aug 2026 12:05:05 INFO  Saving current: /projects/PROJECT_ALLOC/R-project/results/anchor/All_Beauty/_ckpt/SASRec-Aug-11-2026_12-04-55.pth
Tue 11 Aug 2026 12:05:06 INFO  epoch 8 training [time: 0.70s, train loss: 5.7473]
Tue 11 Aug 2026 12:05:06 INFO  epoch 8 evaluating [time: 0.01s, valid_score: 0.015500]
Tue 11 Aug 2026 12:05:06 INFO  valid result: 
recall@10 : 0.0435    recall@50 : 0.1976    recall@100 : 0.3478    ndcg@10 : 0.0155    ndcg@50 : 0.0481    ndcg@100 : 0.0723
Tue 11 Aug 2026 12:05:06 INFO  Saving current: /projects/PROJECT_ALLOC/R-project/results/anchor/All_Beauty/_ckpt/SASRec-Aug-11-2026_12-04-55.pth
Tue 11 Aug 2026 12:05:06 INFO  epoch 9 training [time: 0.65s, train loss: 5.7257]
Tue 11 Aug 2026 12:05:06 INFO  epoch 9 evaluating [time: 0.01s, valid_score: 0.015600]
Tue 11 Aug 2026 12:05:06 INFO  valid result: 
recall@10 : 0.0435    recall@50 : 0.2016    recall@100 : 0.3518    ndcg@10 : 0.0156    ndcg@50 : 0.0491    ndcg@100 : 0.0732
Tue 11 Aug 2026 12:05:06 INFO  Saving current: /projects/PROJECT_ALLOC/R-project/results/anchor/All_Beauty/_ckpt/SASRec-Aug-11-2026_12-04-55.pth
Tue 11 Aug 2026 12:05:07 INFO  epoch 10 training [time: 0.68s, train loss: 5.7106]
Tue 11 Aug 2026 12:05:07 INFO  epoch 10 evaluating [time: 0.01s, valid_score: 0.015700]
Tue 11 Aug 2026 12:05:07 INFO  valid result: 
recall@10 : 0.0435    recall@50 : 0.2016    recall@100 : 0.3676    ndcg@10 : 0.0157    ndcg@50 : 0.0495    ndcg@100 : 0.0762
Tue 11 Aug 2026 12:05:07 INFO  Saving current: /projects/PROJECT_ALLOC/R-project/results/anchor/All_Beauty/_ckpt/SASRec-Aug-11-2026_12-04-55.pth
Tue 11 Aug 2026 12:05:08 INFO  epoch 11 training [time: 0.65s, train loss: 5.6911]
Tue 11 Aug 2026 12:05:08 INFO  epoch 11 evaluating [time: 0.01s, valid_score: 0.015900]
Tue 11 Aug 2026 12:05:08 INFO  valid result: 
recall@10 : 0.0435    recall@50 : 0.2174    recall@100 : 0.3715    ndcg@10 : 0.0159    ndcg@50 : 0.0528    ndcg@100 : 0.0775
Tue 11 Aug 2026 12:05:08 INFO  Saving current: /projects/PROJECT_ALLOC/R-project/results/anchor/All_Beauty/_ckpt/SASRec-Aug-11-2026_12-04-55.pth
Tue 11 Aug 2026 12:05:08 INFO  epoch 12 training [time: 0.68s, train loss: 5.6722]
Tue 11 Aug 2026 12:05:08 INFO  epoch 12 evaluating [time: 0.02s, valid_score: 0.015000]
Tue 11 Aug 2026 12:05:08 INFO  valid result: 
recall@10 : 0.0395    recall@50 : 0.2134    recall@100 : 0.3715    ndcg@10 : 0.015    ndcg@50 : 0.0526    ndcg@100 : 0.0781
Tue 11 Aug 2026 12:05:09 INFO  epoch 13 training [time: 0.66s, train loss: 5.6545]
Tue 11 Aug 2026 12:05:09 INFO  epoch 13 evaluating [time: 0.01s, valid_score: 0.016400]
Tue 11 Aug 2026 12:05:09 INFO  valid result: 
recall@10 : 0.0435    recall@50 : 0.2174    recall@100 : 0.3755    ndcg@10 : 0.0164    ndcg@50 : 0.0536    ndcg@100 : 0.0791
Tue 11 Aug 2026 12:05:09 INFO  Saving current: /projects/PROJECT_ALLOC/R-project/results/anchor/All_Beauty/_ckpt/SASRec-Aug-11-2026_12-04-55.pth
Tue 11 Aug 2026 12:05:10 INFO  epoch 14 training [time: 0.66s, train loss: 5.6361]
Tue 11 Aug 2026 12:05:10 INFO  epoch 14 evaluating [time: 0.01s, valid_score: 0.014000]
Tue 11 Aug 2026 12:05:10 INFO  valid result: 
recall@10 : 0.0356    recall@50 : 0.2292    recall@100 : 0.3874    ndcg@10 : 0.014    ndcg@50 : 0.0556    ndcg@100 : 0.0809
Tue 11 Aug 2026 12:05:10 INFO  epoch 15 training [time: 0.64s, train loss: 5.6175]
Tue 11 Aug 2026 12:05:10 INFO  epoch 15 evaluating [time: 0.01s, valid_score: 0.014400]
Tue 11 Aug 2026 12:05:10 INFO  valid result: 
recall@10 : 0.0395    recall@50 : 0.2292    recall@100 : 0.3834    ndcg@10 : 0.0144    ndcg@50 : 0.0553    ndcg@100 : 0.0801
Tue 11 Aug 2026 12:05:11 INFO  epoch 16 training [time: 0.66s, train loss: 5.5949]
Tue 11 Aug 2026 12:05:11 INFO  epoch 16 evaluating [time: 0.01s, valid_score: 0.015900]
Tue 11 Aug 2026 12:05:11 INFO  valid result: 
recall@10 : 0.0435    recall@50 : 0.2332    recall@100 : 0.3874    ndcg@10 : 0.0159    ndcg@50 : 0.0567    ndcg@100 : 0.0815
Tue 11 Aug 2026 12:05:12 INFO  epoch 17 training [time: 0.67s, train loss: 5.5765]
Tue 11 Aug 2026 12:05:12 INFO  epoch 17 evaluating [time: 0.01s, valid_score: 0.016000]
Tue 11 Aug 2026 12:05:12 INFO  valid result: 
recall@10 : 0.0435    recall@50 : 0.2253    recall@100 : 0.3953    ndcg@10 : 0.016    ndcg@50 : 0.0558    ndcg@100 : 0.0834
Tue 11 Aug 2026 12:05:12 INFO  epoch 18 training [time: 0.73s, train loss: 5.5584]
Tue 11 Aug 2026 12:05:13 INFO  epoch 18 evaluating [time: 0.01s, valid_score: 0.017800]
Tue 11 Aug 2026 12:05:13 INFO  valid result: 
recall@10 : 0.0474    recall@50 : 0.2372    recall@100 : 0.3992    ndcg@10 : 0.0178    ndcg@50 : 0.0589    ndcg@100 : 0.0851
Tue 11 Aug 2026 12:05:13 INFO  Saving current: /projects/PROJECT_ALLOC/R-project/results/anchor/All_Beauty/_ckpt/SASRec-Aug-11-2026_12-04-55.pth
Tue 11 Aug 2026 12:05:13 INFO  epoch 19 training [time: 0.67s, train loss: 5.5350]
Tue 11 Aug 2026 12:05:13 INFO  epoch 19 evaluating [time: 0.01s, valid_score: 0.019100]
Tue 11 Aug 2026 12:05:13 INFO  valid result: 
recall@10 : 0.0514    recall@50 : 0.2451    recall@100 : 0.419    ndcg@10 : 0.0191    ndcg@50 : 0.0609    ndcg@100 : 0.0889
Tue 11 Aug 2026 12:05:13 INFO  Saving current: /projects/PROJECT_ALLOC/R-project/results/anchor/All_Beauty/_ckpt/SASRec-Aug-11-2026_12-04-55.pth
Tue 11 Aug 2026 12:05:14 INFO  epoch 20 training [time: 0.67s, train loss: 5.5081]
Tue 11 Aug 2026 12:05:14 INFO  epoch 20 evaluating [time: 0.01s, valid_score: 0.017500]
Tue 11 Aug 2026 12:05:14 INFO  valid result: 
recall@10 : 0.0474    recall@50 : 0.2569    recall@100 : 0.4111    ndcg@10 : 0.0175    ndcg@50 : 0.0633    ndcg@100 : 0.0882
Tue 11 Aug 2026 12:05:15 INFO  epoch 21 training [time: 0.66s, train loss: 5.4940]
Tue 11 Aug 2026 12:05:15 INFO  epoch 21 evaluating [time: 0.01s, valid_score: 0.020700]
Tue 11 Aug 2026 12:05:15 INFO  valid result: 
recall@10 : 0.0553    recall@50 : 0.2688    recall@100 : 0.415    ndcg@10 : 0.0207    ndcg@50 : 0.0671    ndcg@100 : 0.0908
Tue 11 Aug 2026 12:05:15 INFO  Saving current: /projects/PROJECT_ALLOC/R-project/results/anchor/All_Beauty/_ckpt/SASRec-Aug-11-2026_12-04-55.pth
Tue 11 Aug 2026 12:05:15 INFO  epoch 22 training [time: 0.65s, train loss: 5.4731]
Tue 11 Aug 2026 12:05:15 INFO  epoch 22 evaluating [time: 0.01s, valid_score: 0.023200]
Tue 11 Aug 2026 12:05:15 INFO  valid result: 
recall@10 : 0.0632    recall@50 : 0.2688    recall@100 : 0.4269    ndcg@10 : 0.0232    ndcg@50 : 0.0683    ndcg@100 : 0.094
Tue 11 Aug 2026 12:05:15 INFO  Saving current: /projects/PROJECT_ALLOC/R-project/results/anchor/All_Beauty/_ckpt/SASRec-Aug-11-2026_12-04-55.pth
Tue 11 Aug 2026 12:05:16 INFO  epoch 23 training [time: 0.67s, train loss: 5.4493]
Tue 11 Aug 2026 12:05:16 INFO  epoch 23 evaluating [time: 0.01s, valid_score: 0.026300]
Tue 11 Aug 2026 12:05:16 INFO  valid result: 
recall@10 : 0.0711    recall@50 : 0.2885    recall@100 : 0.4269    ndcg@10 : 0.0263    ndcg@50 : 0.0732    ndcg@100 : 0.0956
Tue 11 Aug 2026 12:05:16 INFO  Saving current: /projects/PROJECT_ALLOC/R-project/results/anchor/All_Beauty/_ckpt/SASRec-Aug-11-2026_12-04-55.pth
Tue 11 Aug 2026 12:05:17 INFO  epoch 24 training [time: 0.65s, train loss: 5.4268]
Tue 11 Aug 2026 12:05:17 INFO  epoch 24 evaluating [time: 0.01s, valid_score: 0.029000]
Tue 11 Aug 2026 12:05:17 INFO  valid result: 
recall@10 : 0.0791    recall@50 : 0.3004    recall@100 : 0.4466    ndcg@10 : 0.029    ndcg@50 : 0.0764    ndcg@100 : 0.1
Tue 11 Aug 2026 12:05:17 INFO  Saving current: /projects/PROJECT_ALLOC/R-project/results/anchor/All_Beauty/_ckpt/SASRec-Aug-11-2026_12-04-55.pth
Tue 11 Aug 2026 12:05:17 INFO  epoch 25 training [time: 0.66s, train loss: 5.4040]
Tue 11 Aug 2026 12:05:17 INFO  epoch 25 evaluating [time: 0.01s, valid_score: 0.030400]
Tue 11 Aug 2026 12:05:17 INFO  valid result: 
recall@10 : 0.083    recall@50 : 0.3004    recall@100 : 0.4664    ndcg@10 : 0.0304    ndcg@50 : 0.0776    ndcg@100 : 0.1043
Tue 11 Aug 2026 12:05:17 INFO  Saving current: /projects/PROJECT_ALLOC/R-project/results/anchor/All_Beauty/_ckpt/SASRec-Aug-11-2026_12-04-55.pth
Tue 11 Aug 2026 12:05:18 INFO  epoch 26 training [time: 0.65s, train loss: 5.3766]
Tue 11 Aug 2026 12:05:18 INFO  epoch 26 evaluating [time: 0.01s, valid_score: 0.031500]
Tue 11 Aug 2026 12:05:18 INFO  valid result: 
recall@10 : 0.083    recall@50 : 0.3083    recall@100 : 0.4743    ndcg@10 : 0.0315    ndcg@50 : 0.0808    ndcg@100 : 0.1075
Tue 11 Aug 2026 12:05:18 INFO  Saving current: /projects/PROJECT_ALLOC/R-project/results/anchor/All_Beauty/_ckpt/SASRec-Aug-11-2026_12-04-55.pth
Tue 11 Aug 2026 12:05:19 INFO  epoch 27 training [time: 0.68s, train loss: 5.3500]
Tue 11 Aug 2026 12:05:19 INFO  epoch 27 evaluating [time: 0.01s, valid_score: 0.031600]
Tue 11 Aug 2026 12:05:19 INFO  valid result: 
recall@10 : 0.083    recall@50 : 0.3202    recall@100 : 0.502    ndcg@10 : 0.0316    ndcg@50 : 0.0834    ndcg@100 : 0.1125
Tue 11 Aug 2026 12:05:19 INFO  Saving current: /projects/PROJECT_ALLOC/R-project/results/anchor/All_Beauty/_ckpt/SASRec-Aug-11-2026_12-04-55.pth
Tue 11 Aug 2026 12:05:19 INFO  epoch 28 training [time: 0.66s, train loss: 5.3270]
Tue 11 Aug 2026 12:05:19 INFO  epoch 28 evaluating [time: 0.01s, valid_score: 0.031700]
Tue 11 Aug 2026 12:05:19 INFO  valid result: 
recall@10 : 0.083    recall@50 : 0.3202    recall@100 : 0.502    ndcg@10 : 0.0317    ndcg@50 : 0.0839    ndcg@100 : 0.1133
Tue 11 Aug 2026 12:05:19 INFO  Saving current: /projects/PROJECT_ALLOC/R-project/results/anchor/All_Beauty/_ckpt/SASRec-Aug-11-2026_12-04-55.pth
Tue 11 Aug 2026 12:05:20 INFO  epoch 29 training [time: 0.65s, train loss: 5.3039]
Tue 11 Aug 2026 12:05:20 INFO  epoch 29 evaluating [time: 0.01s, valid_score: 0.032700]
Tue 11 Aug 2026 12:05:20 INFO  valid result: 
recall@10 : 0.083    recall@50 : 0.3202    recall@100 : 0.5257    ndcg@10 : 0.0327    ndcg@50 : 0.0853    ndcg@100 : 0.1185
Tue 11 Aug 2026 12:05:20 INFO  Saving current: /projects/PROJECT_ALLOC/R-project/results/anchor/All_Beauty/_ckpt/SASRec-Aug-11-2026_12-04-55.pth
Tue 11 Aug 2026 12:05:21 INFO  epoch 30 training [time: 0.65s, train loss: 5.2836]
Tue 11 Aug 2026 12:05:21 INFO  epoch 30 evaluating [time: 0.01s, valid_score: 0.033800]
Tue 11 Aug 2026 12:05:21 INFO  valid result: 
recall@10 : 0.087    recall@50 : 0.332    recall@100 : 0.5415    ndcg@10 : 0.0338    ndcg@50 : 0.0879    ndcg@100 : 0.1216
Tue 11 Aug 2026 12:05:21 INFO  Saving current: /projects/PROJECT_ALLOC/R-project/results/anchor/All_Beauty/_ckpt/SASRec-Aug-11-2026_12-04-55.pth
Tue 11 Aug 2026 12:05:21 INFO  epoch 31 training [time: 0.65s, train loss: 5.2554]
Tue 11 Aug 2026 12:05:21 INFO  epoch 31 evaluating [time: 0.01s, valid_score: 0.035000]
Tue 11 Aug 2026 12:05:21 INFO  valid result: 
recall@10 : 0.0909    recall@50 : 0.3439    recall@100 : 0.5534    ndcg@10 : 0.035    ndcg@50 : 0.0903    ndcg@100 : 0.124
Tue 11 Aug 2026 12:05:21 INFO  Saving current: /projects/PROJECT_ALLOC/R-project/results/anchor/All_Beauty/_ckpt/SASRec-Aug-11-2026_12-04-55.pth
Tue 11 Aug 2026 12:05:22 INFO  epoch 32 training [time: 0.64s, train loss: 5.2349]
Tue 11 Aug 2026 12:05:22 INFO  epoch 32 evaluating [time: 0.01s, valid_score: 0.037400]
Tue 11 Aug 2026 12:05:22 INFO  valid result: 
recall@10 : 0.0988    recall@50 : 0.3557    recall@100 : 0.5692    ndcg@10 : 0.0374    ndcg@50 : 0.0931    ndcg@100 : 0.1273
Tue 11 Aug 2026 12:05:22 INFO  Saving current: /projects/PROJECT_ALLOC/R-project/results/anchor/All_Beauty/_ckpt/SASRec-Aug-11-2026_12-04-55.pth
Tue 11 Aug 2026 12:05:23 INFO  epoch 33 training [time: 0.64s, train loss: 5.2086]
Tue 11 Aug 2026 12:05:23 INFO  epoch 33 evaluating [time: 0.01s, valid_score: 0.036500]
Tue 11 Aug 2026 12:05:23 INFO  valid result: 
recall@10 : 0.0949    recall@50 : 0.3518    recall@100 : 0.585    ndcg@10 : 0.0365    ndcg@50 : 0.0929    ndcg@100 : 0.1305
Tue 11 Aug 2026 12:05:23 INFO  epoch 34 training [time: 0.63s, train loss: 5.1752]
Tue 11 Aug 2026 12:05:23 INFO  epoch 34 evaluating [time: 0.01s, valid_score: 0.036600]
Tue 11 Aug 2026 12:05:23 INFO  valid result: 
recall@10 : 0.0949    recall@50 : 0.3676    recall@100 : 0.5889    ndcg@10 : 0.0366    ndcg@50 : 0.0962    ndcg@100 : 0.1318
Tue 11 Aug 2026 12:05:24 INFO  epoch 35 training [time: 0.63s, train loss: 5.1606]
Tue 11 Aug 2026 12:05:24 INFO  epoch 35 evaluating [time: 0.02s, valid_score: 0.037200]
Tue 11 Aug 2026 12:05:24 INFO  valid result: 
recall@10 : 0.0909    recall@50 : 0.3834    recall@100 : 0.6047    ndcg@10 : 0.0372    ndcg@50 : 0.1012    ndcg@100 : 0.1367
Tue 11 Aug 2026 12:05:25 INFO  epoch 36 training [time: 0.65s, train loss: 5.1371]
Tue 11 Aug 2026 12:05:25 INFO  epoch 36 evaluating [time: 0.01s, valid_score: 0.040800]
Tue 11 Aug 2026 12:05:25 INFO  valid result: 
recall@10 : 0.1028    recall@50 : 0.3834    recall@100 : 0.6166    ndcg@10 : 0.0408    ndcg@50 : 0.1018    ndcg@100 : 0.1394
Tue 11 Aug 2026 12:05:25 INFO  Saving current: /projects/PROJECT_ALLOC/R-project/results/anchor/All_Beauty/_ckpt/SASRec-Aug-11-2026_12-04-55.pth
Tue 11 Aug 2026 12:05:25 INFO  epoch 37 training [time: 0.65s, train loss: 5.1124]
Tue 11 Aug 2026 12:05:25 INFO  epoch 37 evaluating [time: 0.01s, valid_score: 0.043500]
Tue 11 Aug 2026 12:05:25 INFO  valid result: 
recall@10 : 0.1107    recall@50 : 0.3913    recall@100 : 0.6245    ndcg@10 : 0.0435    ndcg@50 : 0.1042    ndcg@100 : 0.1419
Tue 11 Aug 2026 12:05:25 INFO  Saving current: /projects/PROJECT_ALLOC/R-project/results/anchor/All_Beauty/_ckpt/SASRec-Aug-11-2026_12-04-55.pth
Tue 11 Aug 2026 12:05:26 INFO  epoch 38 training [time: 0.67s, train loss: 5.0833]
Tue 11 Aug 2026 12:05:26 INFO  epoch 38 evaluating [time: 0.01s, valid_score: 0.044900]
Tue 11 Aug 2026 12:05:26 INFO  valid result: 
recall@10 : 0.1146    recall@50 : 0.3992    recall@100 : 0.6324    ndcg@10 : 0.0449    ndcg@50 : 0.1066    ndcg@100 : 0.1442
Tue 11 Aug 2026 12:05:26 INFO  Saving current: /projects/PROJECT_ALLOC/R-project/results/anchor/All_Beauty/_ckpt/SASRec-Aug-11-2026_12-04-55.pth
Tue 11 Aug 2026 12:05:27 INFO  epoch 39 training [time: 0.67s, train loss: 5.0711]
Tue 11 Aug 2026 12:05:27 INFO  epoch 39 evaluating [time: 0.01s, valid_score: 0.046100]
Tue 11 Aug 2026 12:05:27 INFO  valid result: 
recall@10 : 0.1186    recall@50 : 0.3874    recall@100 : 0.6403    ndcg@10 : 0.0461    ndcg@50 : 0.1047    ndcg@100 : 0.1459
Tue 11 Aug 2026 12:05:27 INFO  Saving current: /projects/PROJECT_ALLOC/R-project/results/anchor/All_Beauty/_ckpt/SASRec-Aug-11-2026_12-04-55.pth
Tue 11 Aug 2026 12:05:27 INFO  epoch 40 training [time: 0.65s, train loss: 5.0409]
Tue 11 Aug 2026 12:05:27 INFO  epoch 40 evaluating [time: 0.01s, valid_score: 0.047500]
Tue 11 Aug 2026 12:05:27 INFO  valid result: 
recall@10 : 0.1225    recall@50 : 0.3992    recall@100 : 0.6482    ndcg@10 : 0.0475    ndcg@50 : 0.1075    ndcg@100 : 0.1479
Tue 11 Aug 2026 12:05:27 INFO  Saving current: /projects/PROJECT_ALLOC/R-project/results/anchor/All_Beauty/_ckpt/SASRec-Aug-11-2026_12-04-55.pth
Tue 11 Aug 2026 12:05:28 INFO  epoch 41 training [time: 0.66s, train loss: 5.0152]
Tue 11 Aug 2026 12:05:28 INFO  epoch 41 evaluating [time: 0.01s, valid_score: 0.047000]
Tue 11 Aug 2026 12:05:28 INFO  valid result: 
recall@10 : 0.1186    recall@50 : 0.4071    recall@100 : 0.6443    ndcg@10 : 0.047    ndcg@50 : 0.1097    ndcg@100 : 0.1483
Tue 11 Aug 2026 12:05:29 INFO  epoch 42 training [time: 0.66s, train loss: 5.0015]
Tue 11 Aug 2026 12:05:29 INFO  epoch 42 evaluating [time: 0.01s, valid_score: 0.046000]
Tue 11 Aug 2026 12:05:29 INFO  valid result: 
recall@10 : 0.1146    recall@50 : 0.415    recall@100 : 0.6601    ndcg@10 : 0.046    ndcg@50 : 0.1114    ndcg@100 : 0.151
Tue 11 Aug 2026 12:05:29 INFO  epoch 43 training [time: 0.63s, train loss: 4.9727]
Tue 11 Aug 2026 12:05:29 INFO  epoch 43 evaluating [time: 0.01s, valid_score: 0.047700]
Tue 11 Aug 2026 12:05:29 INFO  valid result: 
recall@10 : 0.1186    recall@50 : 0.419    recall@100 : 0.6719    ndcg@10 : 0.0477    ndcg@50 : 0.1126    ndcg@100 : 0.1535
Tue 11 Aug 2026 12:05:29 INFO  Saving current: /projects/PROJECT_ALLOC/R-project/results/anchor/All_Beauty/_ckpt/SASRec-Aug-11-2026_12-04-55.pth
Tue 11 Aug 2026 12:05:30 INFO  epoch 44 training [time: 0.66s, train loss: 4.9524]
Tue 11 Aug 2026 12:05:30 INFO  epoch 44 evaluating [time: 0.01s, valid_score: 0.047200]
Tue 11 Aug 2026 12:05:30 INFO  valid result: 
recall@10 : 0.1146    recall@50 : 0.4111    recall@100 : 0.6759    ndcg@10 : 0.0472    ndcg@50 : 0.1118    ndcg@100 : 0.1547
Tue 11 Aug 2026 12:05:31 INFO  epoch 45 training [time: 0.62s, train loss: 4.9300]
Tue 11 Aug 2026 12:05:31 INFO  epoch 45 evaluating [time: 0.01s, valid_score: 0.049800]
Tue 11 Aug 2026 12:05:31 INFO  valid result: 
recall@10 : 0.1225    recall@50 : 0.4229    recall@100 : 0.6759    ndcg@10 : 0.0498    ndcg@50 : 0.1145    ndcg@100 : 0.1554
Tue 11 Aug 2026 12:05:31 INFO  Saving current: /projects/PROJECT_ALLOC/R-project/results/anchor/All_Beauty/_ckpt/SASRec-Aug-11-2026_12-04-55.pth
Tue 11 Aug 2026 12:05:31 INFO  epoch 46 training [time: 0.63s, train loss: 4.9076]
Tue 11 Aug 2026 12:05:31 INFO  epoch 46 evaluating [time: 0.01s, valid_score: 0.051100]
Tue 11 Aug 2026 12:05:31 INFO  valid result: 
recall@10 : 0.1265    recall@50 : 0.4269    recall@100 : 0.6759    ndcg@10 : 0.0511    ndcg@50 : 0.1153    ndcg@100 : 0.1556
Tue 11 Aug 2026 12:05:31 INFO  Saving current: /projects/PROJECT_ALLOC/R-project/results/anchor/All_Beauty/_ckpt/SASRec-Aug-11-2026_12-04-55.pth
Tue 11 Aug 2026 12:05:32 INFO  epoch 47 training [time: 0.61s, train loss: 4.8925]
Tue 11 Aug 2026 12:05:32 INFO  epoch 47 evaluating [time: 0.01s, valid_score: 0.048900]
Tue 11 Aug 2026 12:05:32 INFO  valid result: 
recall@10 : 0.1186    recall@50 : 0.4229    recall@100 : 0.6759    ndcg@10 : 0.0489    ndcg@50 : 0.1149    ndcg@100 : 0.1558
Tue 11 Aug 2026 12:05:33 INFO  epoch 48 training [time: 0.66s, train loss: 4.8693]
Tue 11 Aug 2026 12:05:33 INFO  epoch 48 evaluating [time: 0.01s, valid_score: 0.052600]
Tue 11 Aug 2026 12:05:33 INFO  valid result: 
recall@10 : 0.1265    recall@50 : 0.4229    recall@100 : 0.6759    ndcg@10 : 0.0526    ndcg@50 : 0.1163    ndcg@100 : 0.1573
Tue 11 Aug 2026 12:05:33 INFO  Saving current: /projects/PROJECT_ALLOC/R-project/results/anchor/All_Beauty/_ckpt/SASRec-Aug-11-2026_12-04-55.pth
Tue 11 Aug 2026 12:05:33 INFO  epoch 49 training [time: 0.63s, train loss: 4.8441]
Tue 11 Aug 2026 12:05:33 INFO  epoch 49 evaluating [time: 0.01s, valid_score: 0.051600]
Tue 11 Aug 2026 12:05:33 INFO  valid result: 
recall@10 : 0.1225    recall@50 : 0.4269    recall@100 : 0.6719    ndcg@10 : 0.0516    ndcg@50 : 0.1171    ndcg@100 : 0.1568
Tue 11 Aug 2026 12:05:34 INFO  epoch 50 training [time: 0.65s, train loss: 4.8216]
Tue 11 Aug 2026 12:05:34 INFO  epoch 50 evaluating [time: 0.01s, valid_score: 0.049200]
Tue 11 Aug 2026 12:05:34 INFO  valid result: 
recall@10 : 0.1146    recall@50 : 0.4269    recall@100 : 0.6759    ndcg@10 : 0.0492    ndcg@50 : 0.1169    ndcg@100 : 0.1572
Tue 11 Aug 2026 12:05:35 INFO  epoch 51 training [time: 0.66s, train loss: 4.8019]
Tue 11 Aug 2026 12:05:35 INFO  epoch 51 evaluating [time: 0.01s, valid_score: 0.050500]
Tue 11 Aug 2026 12:05:35 INFO  valid result: 
recall@10 : 0.1186    recall@50 : 0.4269    recall@100 : 0.6719    ndcg@10 : 0.0505    ndcg@50 : 0.1173    ndcg@100 : 0.157
Tue 11 Aug 2026 12:05:35 INFO  epoch 52 training [time: 0.64s, train loss: 4.7808]
Tue 11 Aug 2026 12:05:35 INFO  epoch 52 evaluating [time: 0.01s, valid_score: 0.051800]
Tue 11 Aug 2026 12:05:35 INFO  valid result: 
recall@10 : 0.1225    recall@50 : 0.4269    recall@100 : 0.6838    ndcg@10 : 0.0518    ndcg@50 : 0.1177    ndcg@100 : 0.1592
Tue 11 Aug 2026 12:05:36 INFO  epoch 53 training [time: 0.63s, train loss: 4.7575]
Tue 11 Aug 2026 12:05:36 INFO  epoch 53 evaluating [time: 0.01s, valid_score: 0.051900]
Tue 11 Aug 2026 12:05:36 INFO  valid result: 
recall@10 : 0.1225    recall@50 : 0.4308    recall@100 : 0.6877    ndcg@10 : 0.0519    ndcg@50 : 0.1185    ndcg@100 : 0.1601
Tue 11 Aug 2026 12:05:36 INFO  epoch 54 training [time: 0.63s, train loss: 4.7447]
Tue 11 Aug 2026 12:05:36 INFO  epoch 54 evaluating [time: 0.01s, valid_score: 0.052400]
Tue 11 Aug 2026 12:05:36 INFO  valid result: 
recall@10 : 0.1225    recall@50 : 0.4466    recall@100 : 0.6917    ndcg@10 : 0.0524    ndcg@50 : 0.1221    ndcg@100 : 0.1615
Tue 11 Aug 2026 12:05:37 INFO  epoch 55 training [time: 0.62s, train loss: 4.7219]
Tue 11 Aug 2026 12:05:37 INFO  epoch 55 evaluating [time: 0.01s, valid_score: 0.052400]
Tue 11 Aug 2026 12:05:37 INFO  valid result: 
recall@10 : 0.1225    recall@50 : 0.4466    recall@100 : 0.6957    ndcg@10 : 0.0524    ndcg@50 : 0.1223    ndcg@100 : 0.1624
Tue 11 Aug 2026 12:05:38 INFO  epoch 56 training [time: 0.65s, train loss: 4.7051]
Tue 11 Aug 2026 12:05:38 INFO  epoch 56 evaluating [time: 0.01s, valid_score: 0.051400]
Tue 11 Aug 2026 12:05:38 INFO  valid result: 
recall@10 : 0.1186    recall@50 : 0.4466    recall@100 : 0.6957    ndcg@10 : 0.0514    ndcg@50 : 0.1226    ndcg@100 : 0.1628
Tue 11 Aug 2026 12:05:38 INFO  epoch 57 training [time: 0.69s, train loss: 4.6867]
Tue 11 Aug 2026 12:05:38 INFO  epoch 57 evaluating [time: 0.01s, valid_score: 0.052700]
Tue 11 Aug 2026 12:05:38 INFO  valid result: 
recall@10 : 0.1225    recall@50 : 0.4664    recall@100 : 0.7036    ndcg@10 : 0.0527    ndcg@50 : 0.1266    ndcg@100 : 0.1645
Tue 11 Aug 2026 12:05:38 INFO  Saving current: /projects/PROJECT_ALLOC/R-project/results/anchor/All_Beauty/_ckpt/SASRec-Aug-11-2026_12-04-55.pth
Tue 11 Aug 2026 12:05:39 INFO  epoch 58 training [time: 0.66s, train loss: 4.6614]
Tue 11 Aug 2026 12:05:39 INFO  epoch 58 evaluating [time: 0.01s, valid_score: 0.053700]
Tue 11 Aug 2026 12:05:39 INFO  valid result: 
recall@10 : 0.1265    recall@50 : 0.4625    recall@100 : 0.7075    ndcg@10 : 0.0537    ndcg@50 : 0.1259    ndcg@100 : 0.1652
Tue 11 Aug 2026 12:05:39 INFO  Saving current: /projects/PROJECT_ALLOC/R-project/results/anchor/All_Beauty/_ckpt/SASRec-Aug-11-2026_12-04-55.pth
Tue 11 Aug 2026 12:05:40 INFO  epoch 59 training [time: 0.66s, train loss: 4.6602]
Tue 11 Aug 2026 12:05:40 INFO  epoch 59 evaluating [time: 0.01s, valid_score: 0.053800]
Tue 11 Aug 2026 12:05:40 INFO  valid result: 
recall@10 : 0.1265    recall@50 : 0.4545    recall@100 : 0.7036    ndcg@10 : 0.0538    ndcg@50 : 0.125    ndcg@100 : 0.165
Tue 11 Aug 2026 12:05:40 INFO  Saving current: /projects/PROJECT_ALLOC/R-project/results/anchor/All_Beauty/_ckpt/SASRec-Aug-11-2026_12-04-55.pth
Tue 11 Aug 2026 12:05:40 INFO  epoch 60 training [time: 0.63s, train loss: 4.6248]
Tue 11 Aug 2026 12:05:40 INFO  epoch 60 evaluating [time: 0.01s, valid_score: 0.055200]
Tue 11 Aug 2026 12:05:40 INFO  valid result: 
recall@10 : 0.1304    recall@50 : 0.4585    recall@100 : 0.7036    ndcg@10 : 0.0552    ndcg@50 : 0.1262    ndcg@100 : 0.1655
Tue 11 Aug 2026 12:05:40 INFO  Saving current: /projects/PROJECT_ALLOC/R-project/results/anchor/All_Beauty/_ckpt/SASRec-Aug-11-2026_12-04-55.pth
Tue 11 Aug 2026 12:05:41 INFO  epoch 61 training [time: 0.64s, train loss: 4.6192]
Tue 11 Aug 2026 12:05:41 INFO  epoch 61 evaluating [time: 0.01s, valid_score: 0.054900]
Tue 11 Aug 2026 12:05:41 INFO  valid result: 
recall@10 : 0.1304    recall@50 : 0.4545    recall@100 : 0.7075    ndcg@10 : 0.0549    ndcg@50 : 0.1253    ndcg@100 : 0.1659
Tue 11 Aug 2026 12:05:42 INFO  epoch 62 training [time: 0.64s, train loss: 4.6038]
Tue 11 Aug 2026 12:05:42 INFO  epoch 62 evaluating [time: 0.01s, valid_score: 0.057500]
Tue 11 Aug 2026 12:05:42 INFO  valid result: 
recall@10 : 0.1383    recall@50 : 0.4545    recall@100 : 0.7075    ndcg@10 : 0.0575    ndcg@50 : 0.1258    ndcg@100 : 0.1664
Tue 11 Aug 2026 12:05:42 INFO  Saving current: /projects/PROJECT_ALLOC/R-project/results/anchor/All_Beauty/_ckpt/SASRec-Aug-11-2026_12-04-55.pth
Tue 11 Aug 2026 12:05:42 INFO  epoch 63 training [time: 0.64s, train loss: 4.5708]
Tue 11 Aug 2026 12:05:42 INFO  epoch 63 evaluating [time: 0.01s, valid_score: 0.056000]
Tue 11 Aug 2026 12:05:42 INFO  valid result: 
recall@10 : 0.1304    recall@50 : 0.4506    recall@100 : 0.7075    ndcg@10 : 0.056    ndcg@50 : 0.1258    ndcg@100 : 0.1671
Tue 11 Aug 2026 12:05:43 INFO  epoch 64 training [time: 0.67s, train loss: 4.5699]
Tue 11 Aug 2026 12:05:43 INFO  epoch 64 evaluating [time: 0.01s, valid_score: 0.057800]
Tue 11 Aug 2026 12:05:43 INFO  valid result: 
recall@10 : 0.1344    recall@50 : 0.4506    recall@100 : 0.7036    ndcg@10 : 0.0578    ndcg@50 : 0.1266    ndcg@100 : 0.1674
Tue 11 Aug 2026 12:05:43 INFO  Saving current: /projects/PROJECT_ALLOC/R-project/results/anchor/All_Beauty/_ckpt/SASRec-Aug-11-2026_12-04-55.pth
Tue 11 Aug 2026 12:05:44 INFO  epoch 65 training [time: 0.62s, train loss: 4.5410]
Tue 11 Aug 2026 12:05:44 INFO  epoch 65 evaluating [time: 0.01s, valid_score: 0.059200]
Tue 11 Aug 2026 12:05:44 INFO  valid result: 
recall@10 : 0.1383    recall@50 : 0.4625    recall@100 : 0.7075    ndcg@10 : 0.0592    ndcg@50 : 0.1289    ndcg@100 : 0.1682
Tue 11 Aug 2026 12:05:44 INFO  Saving current: /projects/PROJECT_ALLOC/R-project/results/anchor/All_Beauty/_ckpt/SASRec-Aug-11-2026_12-04-55.pth
Tue 11 Aug 2026 12:05:44 INFO  epoch 66 training [time: 0.63s, train loss: 4.5245]
Tue 11 Aug 2026 12:05:44 INFO  epoch 66 evaluating [time: 0.01s, valid_score: 0.059400]
Tue 11 Aug 2026 12:05:44 INFO  valid result: 
recall@10 : 0.1383    recall@50 : 0.4625    recall@100 : 0.7154    ndcg@10 : 0.0594    ndcg@50 : 0.1291    ndcg@100 : 0.1697
Tue 11 Aug 2026 12:05:44 INFO  Saving current: /projects/PROJECT_ALLOC/R-project/results/anchor/All_Beauty/_ckpt/SASRec-Aug-11-2026_12-04-55.pth
Tue 11 Aug 2026 12:05:45 INFO  epoch 67 training [time: 0.65s, train loss: 4.5083]
Tue 11 Aug 2026 12:05:45 INFO  epoch 67 evaluating [time: 0.01s, valid_score: 0.059600]
Tue 11 Aug 2026 12:05:45 INFO  valid result: 
recall@10 : 0.1383    recall@50 : 0.4625    recall@100 : 0.7154    ndcg@10 : 0.0596    ndcg@50 : 0.1294    ndcg@100 : 0.17
Tue 11 Aug 2026 12:05:45 INFO  Saving current: /projects/PROJECT_ALLOC/R-project/results/anchor/All_Beauty/_ckpt/SASRec-Aug-11-2026_12-04-55.pth
Tue 11 Aug 2026 12:05:46 INFO  epoch 68 training [time: 0.65s, train loss: 4.4988]
Tue 11 Aug 2026 12:05:46 INFO  epoch 68 evaluating [time: 0.01s, valid_score: 0.061700]
Tue 11 Aug 2026 12:05:46 INFO  valid result: 
recall@10 : 0.1383    recall@50 : 0.4664    recall@100 : 0.7036    ndcg@10 : 0.0617    ndcg@50 : 0.1323    ndcg@100 : 0.1705
Tue 11 Aug 2026 12:05:46 INFO  Saving current: /projects/PROJECT_ALLOC/R-project/results/anchor/All_Beauty/_ckpt/SASRec-Aug-11-2026_12-04-55.pth
Tue 11 Aug 2026 12:05:46 INFO  epoch 69 training [time: 0.65s, train loss: 4.4790]
Tue 11 Aug 2026 12:05:46 INFO  epoch 69 evaluating [time: 0.01s, valid_score: 0.064600]
Tue 11 Aug 2026 12:05:46 INFO  valid result: 
recall@10 : 0.1462    recall@50 : 0.4664    recall@100 : 0.7036    ndcg@10 : 0.0646    ndcg@50 : 0.133    ndcg@100 : 0.1712
Tue 11 Aug 2026 12:05:46 INFO  Saving current: /projects/PROJECT_ALLOC/R-project/results/anchor/All_Beauty/_ckpt/SASRec-Aug-11-2026_12-04-55.pth
Tue 11 Aug 2026 12:05:47 INFO  epoch 70 training [time: 0.66s, train loss: 4.4657]
Tue 11 Aug 2026 12:05:47 INFO  epoch 70 evaluating [time: 0.02s, valid_score: 0.065800]
Tue 11 Aug 2026 12:05:47 INFO  valid result: 
recall@10 : 0.1502    recall@50 : 0.4704    recall@100 : 0.7075    ndcg@10 : 0.0658    ndcg@50 : 0.1338    ndcg@100 : 0.1719
Tue 11 Aug 2026 12:05:47 INFO  Saving current: /projects/PROJECT_ALLOC/R-project/results/anchor/All_Beauty/_ckpt/SASRec-Aug-11-2026_12-04-55.pth
Tue 11 Aug 2026 12:05:48 INFO  epoch 71 training [time: 0.66s, train loss: 4.4510]
Tue 11 Aug 2026 12:05:48 INFO  epoch 71 evaluating [time: 0.01s, valid_score: 0.064900]
Tue 11 Aug 2026 12:05:48 INFO  valid result: 
recall@10 : 0.1462    recall@50 : 0.4822    recall@100 : 0.7075    ndcg@10 : 0.0649    ndcg@50 : 0.1361    ndcg@100 : 0.1723
Tue 11 Aug 2026 12:05:49 INFO  epoch 72 training [time: 0.89s, train loss: 4.4249]
Tue 11 Aug 2026 12:05:49 INFO  epoch 72 evaluating [time: 0.02s, valid_score: 0.065400]
Tue 11 Aug 2026 12:05:49 INFO  valid result: 
recall@10 : 0.1462    recall@50 : 0.4822    recall@100 : 0.7115    ndcg@10 : 0.0654    ndcg@50 : 0.1369    ndcg@100 : 0.1737
Tue 11 Aug 2026 12:05:49 INFO  epoch 73 training [time: 0.66s, train loss: 4.4149]
Tue 11 Aug 2026 12:05:49 INFO  epoch 73 evaluating [time: 0.01s, valid_score: 0.062300]
Tue 11 Aug 2026 12:05:49 INFO  valid result: 
recall@10 : 0.1344    recall@50 : 0.4783    recall@100 : 0.7154    ndcg@10 : 0.0623    ndcg@50 : 0.1365    ndcg@100 : 0.1746
Tue 11 Aug 2026 12:05:50 INFO  epoch 74 training [time: 0.65s, train loss: 4.4048]
Tue 11 Aug 2026 12:05:50 INFO  epoch 74 evaluating [time: 0.01s, valid_score: 0.064600]
Tue 11 Aug 2026 12:05:50 INFO  valid result: 
recall@10 : 0.1423    recall@50 : 0.4822    recall@100 : 0.7115    ndcg@10 : 0.0646    ndcg@50 : 0.1373    ndcg@100 : 0.1741
Tue 11 Aug 2026 12:05:51 INFO  epoch 75 training [time: 0.63s, train loss: 4.3850]
Tue 11 Aug 2026 12:05:51 INFO  epoch 75 evaluating [time: 0.01s, valid_score: 0.062200]
Tue 11 Aug 2026 12:05:51 INFO  valid result: 
recall@10 : 0.1344    recall@50 : 0.4822    recall@100 : 0.7154    ndcg@10 : 0.0622    ndcg@50 : 0.1371    ndcg@100 : 0.1746
Tue 11 Aug 2026 12:05:51 INFO  epoch 76 training [time: 0.62s, train loss: 4.3877]
Tue 11 Aug 2026 12:05:51 INFO  epoch 76 evaluating [time: 0.01s, valid_score: 0.062200]
Tue 11 Aug 2026 12:05:51 INFO  valid result: 
recall@10 : 0.1344    recall@50 : 0.4783    recall@100 : 0.7194    ndcg@10 : 0.0622    ndcg@50 : 0.1365    ndcg@100 : 0.1753
Tue 11 Aug 2026 12:05:52 INFO  epoch 77 training [time: 0.64s, train loss: 4.3519]
Tue 11 Aug 2026 12:05:52 INFO  epoch 77 evaluating [time: 0.01s, valid_score: 0.064600]
Tue 11 Aug 2026 12:05:52 INFO  valid result: 
recall@10 : 0.1383    recall@50 : 0.4783    recall@100 : 0.7194    ndcg@10 : 0.0646    ndcg@50 : 0.1376    ndcg@100 : 0.1764
Tue 11 Aug 2026 12:05:53 INFO  epoch 78 training [time: 0.61s, train loss: 4.3454]
Tue 11 Aug 2026 12:05:53 INFO  epoch 78 evaluating [time: 0.01s, valid_score: 0.063300]
Tue 11 Aug 2026 12:05:53 INFO  valid result: 
recall@10 : 0.1423    recall@50 : 0.4783    recall@100 : 0.7194    ndcg@10 : 0.0633    ndcg@50 : 0.1352    ndcg@100 : 0.174
Tue 11 Aug 2026 12:05:53 INFO  epoch 79 training [time: 0.66s, train loss: 4.3296]
Tue 11 Aug 2026 12:05:53 INFO  epoch 79 evaluating [time: 0.01s, valid_score: 0.063200]
Tue 11 Aug 2026 12:05:53 INFO  valid result: 
recall@10 : 0.1423    recall@50 : 0.4783    recall@100 : 0.7154    ndcg@10 : 0.0632    ndcg@50 : 0.135    ndcg@100 : 0.1733
Tue 11 Aug 2026 12:05:54 INFO  epoch 80 training [time: 0.66s, train loss: 4.3237]
Tue 11 Aug 2026 12:05:54 INFO  epoch 80 evaluating [time: 0.01s, valid_score: 0.061900]
Tue 11 Aug 2026 12:05:54 INFO  valid result: 
recall@10 : 0.1383    recall@50 : 0.4822    recall@100 : 0.7154    ndcg@10 : 0.0619    ndcg@50 : 0.1356    ndcg@100 : 0.1732
Tue 11 Aug 2026 12:05:55 INFO  epoch 81 training [time: 0.66s, train loss: 4.2984]
Tue 11 Aug 2026 12:05:55 INFO  epoch 81 evaluating [time: 0.01s, valid_score: 0.062100]
Tue 11 Aug 2026 12:05:55 INFO  valid result: 
recall@10 : 0.1383    recall@50 : 0.4862    recall@100 : 0.7115    ndcg@10 : 0.0621    ndcg@50 : 0.1366    ndcg@100 : 0.1729
Tue 11 Aug 2026 12:05:55 INFO  Finished training, best eval result in epoch 70
Tue 11 Aug 2026 12:05:55 INFO  Loading model structure and parameters from /projects/PROJECT_ALLOC/R-project/results/anchor/All_Beauty/_ckpt/SASRec-Aug-11-2026_12-04-55.pth
