Tue 11 Aug 2026 12:03:20 INFO  [Training]: train_batch_size = [2048] train_neg_sample_args: [{'distribution': 'none', 'sample_num': 'none', 'alpha': 'none', 'dynamic': False, 'candidate_num': 0}]
Tue 11 Aug 2026 12:03:20 INFO  [Evaluation]: eval_batch_size = [4096] eval_args: [{'split': {'LS': 'valid_and_test'}, 'order': 'TO', 'group_by': 'user', 'mode': {'valid': 'full', 'test': 'full'}}]
Tue 11 Aug 2026 12:03:24 INFO  epoch 0 training [time: 2.02s, train loss: 5.8975]
Tue 11 Aug 2026 12:03:24 INFO  epoch 0 evaluating [time: 0.02s, valid_score: 0.006600]
Tue 11 Aug 2026 12:03:24 INFO  valid result: 
recall@10 : 0.0198    recall@50 : 0.1344    recall@100 : 0.2846    ndcg@10 : 0.0066    ndcg@50 : 0.0314    ndcg@100 : 0.0553
Tue 11 Aug 2026 12:03:24 INFO  Saving current: /projects/PROJECT_ALLOC/R-project/results/anchor/All_Beauty/_ckpt/SASRec-Aug-11-2026_12-03-20.pth
Tue 11 Aug 2026 12:03:26 INFO  epoch 1 training [time: 1.91s, train loss: 5.8774]
Tue 11 Aug 2026 12:03:26 INFO  epoch 1 evaluating [time: 0.02s, valid_score: 0.006700]
Tue 11 Aug 2026 12:03:26 INFO  valid result: 
recall@10 : 0.0198    recall@50 : 0.1383    recall@100 : 0.2767    ndcg@10 : 0.0067    ndcg@50 : 0.0321    ndcg@100 : 0.0544
Tue 11 Aug 2026 12:03:26 INFO  Saving current: /projects/PROJECT_ALLOC/R-project/results/anchor/All_Beauty/_ckpt/SASRec-Aug-11-2026_12-03-20.pth
Tue 11 Aug 2026 12:03:28 INFO  epoch 2 training [time: 1.89s, train loss: 5.8539]
Tue 11 Aug 2026 12:03:28 INFO  epoch 2 evaluating [time: 0.02s, valid_score: 0.007600]
Tue 11 Aug 2026 12:03:28 INFO  valid result: 
recall@10 : 0.0237    recall@50 : 0.1502    recall@100 : 0.2767    ndcg@10 : 0.0076    ndcg@50 : 0.0344    ndcg@100 : 0.0548
Tue 11 Aug 2026 12:03:28 INFO  Saving current: /projects/PROJECT_ALLOC/R-project/results/anchor/All_Beauty/_ckpt/SASRec-Aug-11-2026_12-03-20.pth
Tue 11 Aug 2026 12:03:29 INFO  epoch 3 training [time: 1.81s, train loss: 5.8373]
Tue 11 Aug 2026 12:03:29 INFO  epoch 3 evaluating [time: 0.02s, valid_score: 0.007800]
Tue 11 Aug 2026 12:03:29 INFO  valid result: 
recall@10 : 0.0237    recall@50 : 0.1542    recall@100 : 0.2846    ndcg@10 : 0.0078    ndcg@50 : 0.0357    ndcg@100 : 0.0566
Tue 11 Aug 2026 12:03:29 INFO  Saving current: /projects/PROJECT_ALLOC/R-project/results/anchor/All_Beauty/_ckpt/SASRec-Aug-11-2026_12-03-20.pth
Tue 11 Aug 2026 12:03:31 INFO  epoch 4 training [time: 1.96s, train loss: 5.8145]
Tue 11 Aug 2026 12:03:31 INFO  epoch 4 evaluating [time: 0.02s, valid_score: 0.007400]
Tue 11 Aug 2026 12:03:31 INFO  valid result: 
recall@10 : 0.0198    recall@50 : 0.1621    recall@100 : 0.2885    ndcg@10 : 0.0074    ndcg@50 : 0.0378    ndcg@100 : 0.058
Tue 11 Aug 2026 12:03:33 INFO  epoch 5 training [time: 2.02s, train loss: 5.7929]
Tue 11 Aug 2026 12:03:33 INFO  epoch 5 evaluating [time: 0.03s, valid_score: 0.008600]
Tue 11 Aug 2026 12:03:33 INFO  valid result: 
recall@10 : 0.0237    recall@50 : 0.166    recall@100 : 0.2846    ndcg@10 : 0.0086    ndcg@50 : 0.0388    ndcg@100 : 0.0579
Tue 11 Aug 2026 12:03:33 INFO  Saving current: /projects/PROJECT_ALLOC/R-project/results/anchor/All_Beauty/_ckpt/SASRec-Aug-11-2026_12-03-20.pth
Tue 11 Aug 2026 12:03:35 INFO  epoch 6 training [time: 1.88s, train loss: 5.7783]
Tue 11 Aug 2026 12:03:35 INFO  epoch 6 evaluating [time: 0.02s, valid_score: 0.009100]
Tue 11 Aug 2026 12:03:35 INFO  valid result: 
recall@10 : 0.0237    recall@50 : 0.1739    recall@100 : 0.3004    ndcg@10 : 0.0091    ndcg@50 : 0.0411    ndcg@100 : 0.0614
Tue 11 Aug 2026 12:03:35 INFO  Saving current: /projects/PROJECT_ALLOC/R-project/results/anchor/All_Beauty/_ckpt/SASRec-Aug-11-2026_12-03-20.pth
Tue 11 Aug 2026 12:03:37 INFO  epoch 7 training [time: 1.90s, train loss: 5.7614]
Tue 11 Aug 2026 12:03:37 INFO  epoch 7 evaluating [time: 0.02s, valid_score: 0.009900]
Tue 11 Aug 2026 12:03:37 INFO  valid result: 
recall@10 : 0.0237    recall@50 : 0.1739    recall@100 : 0.3162    ndcg@10 : 0.0099    ndcg@50 : 0.0421    ndcg@100 : 0.065
Tue 11 Aug 2026 12:03:37 INFO  Saving current: /projects/PROJECT_ALLOC/R-project/results/anchor/All_Beauty/_ckpt/SASRec-Aug-11-2026_12-03-20.pth
Tue 11 Aug 2026 12:03:39 INFO  epoch 8 training [time: 1.88s, train loss: 5.7429]
Tue 11 Aug 2026 12:03:39 INFO  epoch 8 evaluating [time: 0.02s, valid_score: 0.008700]
Tue 11 Aug 2026 12:03:39 INFO  valid result: 
recall@10 : 0.0198    recall@50 : 0.1897    recall@100 : 0.3202    ndcg@10 : 0.0087    ndcg@50 : 0.0449    ndcg@100 : 0.0658
Tue 11 Aug 2026 12:03:41 INFO  epoch 9 training [time: 1.86s, train loss: 5.7261]
Tue 11 Aug 2026 12:03:41 INFO  epoch 9 evaluating [time: 0.02s, valid_score: 0.009600]
Tue 11 Aug 2026 12:03:41 INFO  valid result: 
recall@10 : 0.0237    recall@50 : 0.1937    recall@100 : 0.3281    ndcg@10 : 0.0096    ndcg@50 : 0.0458    ndcg@100 : 0.0674
Tue 11 Aug 2026 12:03:43 INFO  epoch 10 training [time: 1.94s, train loss: 5.7019]
Tue 11 Aug 2026 12:03:43 INFO  epoch 10 evaluating [time: 0.03s, valid_score: 0.012300]
Tue 11 Aug 2026 12:03:43 INFO  valid result: 
recall@10 : 0.0316    recall@50 : 0.2016    recall@100 : 0.3241    ndcg@10 : 0.0123    ndcg@50 : 0.0478    ndcg@100 : 0.0676
Tue 11 Aug 2026 12:03:43 INFO  Saving current: /projects/PROJECT_ALLOC/R-project/results/anchor/All_Beauty/_ckpt/SASRec-Aug-11-2026_12-03-20.pth
Tue 11 Aug 2026 12:03:45 INFO  epoch 11 training [time: 1.99s, train loss: 5.6804]
Tue 11 Aug 2026 12:03:45 INFO  epoch 11 evaluating [time: 0.03s, valid_score: 0.014700]
Tue 11 Aug 2026 12:03:45 INFO  valid result: 
recall@10 : 0.0395    recall@50 : 0.2016    recall@100 : 0.3241    ndcg@10 : 0.0147    ndcg@50 : 0.0482    ndcg@100 : 0.0682
Tue 11 Aug 2026 12:03:45 INFO  Saving current: /projects/PROJECT_ALLOC/R-project/results/anchor/All_Beauty/_ckpt/SASRec-Aug-11-2026_12-03-20.pth
Tue 11 Aug 2026 12:03:47 INFO  epoch 12 training [time: 1.96s, train loss: 5.6632]
Tue 11 Aug 2026 12:03:47 INFO  epoch 12 evaluating [time: 0.02s, valid_score: 0.014700]
Tue 11 Aug 2026 12:03:47 INFO  valid result: 
recall@10 : 0.0395    recall@50 : 0.1976    recall@100 : 0.332    ndcg@10 : 0.0147    ndcg@50 : 0.0476    ndcg@100 : 0.0695
Tue 11 Aug 2026 12:03:47 INFO  Saving current: /projects/PROJECT_ALLOC/R-project/results/anchor/All_Beauty/_ckpt/SASRec-Aug-11-2026_12-03-20.pth
Tue 11 Aug 2026 12:03:49 INFO  epoch 13 training [time: 1.90s, train loss: 5.6373]
Tue 11 Aug 2026 12:03:49 INFO  epoch 13 evaluating [time: 0.02s, valid_score: 0.015900]
Tue 11 Aug 2026 12:03:49 INFO  valid result: 
recall@10 : 0.0435    recall@50 : 0.2055    recall@100 : 0.3478    ndcg@10 : 0.0159    ndcg@50 : 0.0493    ndcg@100 : 0.0723
Tue 11 Aug 2026 12:03:49 INFO  Saving current: /projects/PROJECT_ALLOC/R-project/results/anchor/All_Beauty/_ckpt/SASRec-Aug-11-2026_12-03-20.pth
Tue 11 Aug 2026 12:03:51 INFO  epoch 14 training [time: 1.95s, train loss: 5.6200]
Tue 11 Aug 2026 12:03:51 INFO  epoch 14 evaluating [time: 0.02s, valid_score: 0.013700]
Tue 11 Aug 2026 12:03:51 INFO  valid result: 
recall@10 : 0.0356    recall@50 : 0.1976    recall@100 : 0.3557    ndcg@10 : 0.0137    ndcg@50 : 0.0482    ndcg@100 : 0.0739
Tue 11 Aug 2026 12:03:53 INFO  epoch 15 training [time: 1.86s, train loss: 5.5985]
Tue 11 Aug 2026 12:03:53 INFO  epoch 15 evaluating [time: 0.02s, valid_score: 0.016300]
Tue 11 Aug 2026 12:03:53 INFO  valid result: 
recall@10 : 0.0435    recall@50 : 0.2016    recall@100 : 0.3597    ndcg@10 : 0.0163    ndcg@50 : 0.0498    ndcg@100 : 0.0755
Tue 11 Aug 2026 12:03:53 INFO  Saving current: /projects/PROJECT_ALLOC/R-project/results/anchor/All_Beauty/_ckpt/SASRec-Aug-11-2026_12-03-20.pth
Tue 11 Aug 2026 12:03:55 INFO  epoch 16 training [time: 1.80s, train loss: 5.5846]
Tue 11 Aug 2026 12:03:55 INFO  epoch 16 evaluating [time: 0.02s, valid_score: 0.018000]
Tue 11 Aug 2026 12:03:55 INFO  valid result: 
recall@10 : 0.0474    recall@50 : 0.2213    recall@100 : 0.3478    ndcg@10 : 0.018    ndcg@50 : 0.0546    ndcg@100 : 0.0751
Tue 11 Aug 2026 12:03:55 INFO  Saving current: /projects/PROJECT_ALLOC/R-project/results/anchor/All_Beauty/_ckpt/SASRec-Aug-11-2026_12-03-20.pth
Tue 11 Aug 2026 12:03:57 INFO  epoch 17 training [time: 1.85s, train loss: 5.5631]
Tue 11 Aug 2026 12:03:57 INFO  epoch 17 evaluating [time: 0.02s, valid_score: 0.019500]
Tue 11 Aug 2026 12:03:57 INFO  valid result: 
recall@10 : 0.0514    recall@50 : 0.2253    recall@100 : 0.3557    ndcg@10 : 0.0195    ndcg@50 : 0.0562    ndcg@100 : 0.0773
Tue 11 Aug 2026 12:03:57 INFO  Saving current: /projects/PROJECT_ALLOC/R-project/results/anchor/All_Beauty/_ckpt/SASRec-Aug-11-2026_12-03-20.pth
Tue 11 Aug 2026 12:03:59 INFO  epoch 18 training [time: 1.97s, train loss: 5.5429]
Tue 11 Aug 2026 12:03:59 INFO  epoch 18 evaluating [time: 0.02s, valid_score: 0.023600]
Tue 11 Aug 2026 12:03:59 INFO  valid result: 
recall@10 : 0.0632    recall@50 : 0.2213    recall@100 : 0.3755    ndcg@10 : 0.0236    ndcg@50 : 0.057    ndcg@100 : 0.0818
Tue 11 Aug 2026 12:03:59 INFO  Saving current: /projects/PROJECT_ALLOC/R-project/results/anchor/All_Beauty/_ckpt/SASRec-Aug-11-2026_12-03-20.pth
Tue 11 Aug 2026 12:04:01 INFO  epoch 19 training [time: 1.98s, train loss: 5.5211]
Tue 11 Aug 2026 12:04:01 INFO  epoch 19 evaluating [time: 0.04s, valid_score: 0.027800]
Tue 11 Aug 2026 12:04:01 INFO  valid result: 
recall@10 : 0.0751    recall@50 : 0.2292    recall@100 : 0.3913    ndcg@10 : 0.0278    ndcg@50 : 0.0601    ndcg@100 : 0.0862
Tue 11 Aug 2026 12:04:01 INFO  Saving current: /projects/PROJECT_ALLOC/R-project/results/anchor/All_Beauty/_ckpt/SASRec-Aug-11-2026_12-03-20.pth
Tue 11 Aug 2026 12:04:02 INFO  epoch 20 training [time: 1.89s, train loss: 5.4966]
Tue 11 Aug 2026 12:04:02 INFO  epoch 20 evaluating [time: 0.02s, valid_score: 0.026800]
Tue 11 Aug 2026 12:04:02 INFO  valid result: 
recall@10 : 0.0711    recall@50 : 0.2372    recall@100 : 0.4032    ndcg@10 : 0.0268    ndcg@50 : 0.0622    ndcg@100 : 0.089
Tue 11 Aug 2026 12:04:04 INFO  epoch 21 training [time: 1.81s, train loss: 5.4710]
Tue 11 Aug 2026 12:04:04 INFO  epoch 21 evaluating [time: 0.02s, valid_score: 0.029300]
Tue 11 Aug 2026 12:04:04 INFO  valid result: 
recall@10 : 0.0791    recall@50 : 0.2569    recall@100 : 0.419    ndcg@10 : 0.0293    ndcg@50 : 0.0666    ndcg@100 : 0.0926
Tue 11 Aug 2026 12:04:04 INFO  Saving current: /projects/PROJECT_ALLOC/R-project/results/anchor/All_Beauty/_ckpt/SASRec-Aug-11-2026_12-03-20.pth
Tue 11 Aug 2026 12:04:06 INFO  epoch 22 training [time: 1.75s, train loss: 5.4479]
Tue 11 Aug 2026 12:04:06 INFO  epoch 22 evaluating [time: 0.02s, valid_score: 0.029800]
Tue 11 Aug 2026 12:04:06 INFO  valid result: 
recall@10 : 0.0791    recall@50 : 0.2609    recall@100 : 0.4269    ndcg@10 : 0.0298    ndcg@50 : 0.0685    ndcg@100 : 0.0953
Tue 11 Aug 2026 12:04:06 INFO  Saving current: /projects/PROJECT_ALLOC/R-project/results/anchor/All_Beauty/_ckpt/SASRec-Aug-11-2026_12-03-20.pth
Tue 11 Aug 2026 12:04:08 INFO  epoch 23 training [time: 1.92s, train loss: 5.4317]
Tue 11 Aug 2026 12:04:08 INFO  epoch 23 evaluating [time: 0.02s, valid_score: 0.028900]
Tue 11 Aug 2026 12:04:08 INFO  valid result: 
recall@10 : 0.0751    recall@50 : 0.2688    recall@100 : 0.4427    ndcg@10 : 0.0289    ndcg@50 : 0.0708    ndcg@100 : 0.0989
Tue 11 Aug 2026 12:04:10 INFO  epoch 24 training [time: 1.82s, train loss: 5.4108]
Tue 11 Aug 2026 12:04:10 INFO  epoch 24 evaluating [time: 0.02s, valid_score: 0.029800]
Tue 11 Aug 2026 12:04:10 INFO  valid result: 
recall@10 : 0.0751    recall@50 : 0.2767    recall@100 : 0.4783    ndcg@10 : 0.0298    ndcg@50 : 0.0736    ndcg@100 : 0.1062
Tue 11 Aug 2026 12:04:10 INFO  Saving current: /projects/PROJECT_ALLOC/R-project/results/anchor/All_Beauty/_ckpt/SASRec-Aug-11-2026_12-03-20.pth
Tue 11 Aug 2026 12:04:12 INFO  epoch 25 training [time: 1.81s, train loss: 5.3815]
Tue 11 Aug 2026 12:04:12 INFO  epoch 25 evaluating [time: 0.02s, valid_score: 0.029900]
Tue 11 Aug 2026 12:04:12 INFO  valid result: 
recall@10 : 0.0751    recall@50 : 0.2964    recall@100 : 0.4901    ndcg@10 : 0.0299    ndcg@50 : 0.0776    ndcg@100 : 0.1088
Tue 11 Aug 2026 12:04:12 INFO  Saving current: /projects/PROJECT_ALLOC/R-project/results/anchor/All_Beauty/_ckpt/SASRec-Aug-11-2026_12-03-20.pth
Tue 11 Aug 2026 12:04:14 INFO  epoch 26 training [time: 1.93s, train loss: 5.3653]
Tue 11 Aug 2026 12:04:14 INFO  epoch 26 evaluating [time: 0.02s, valid_score: 0.031300]
Tue 11 Aug 2026 12:04:14 INFO  valid result: 
recall@10 : 0.0791    recall@50 : 0.3123    recall@100 : 0.5059    ndcg@10 : 0.0313    ndcg@50 : 0.0809    ndcg@100 : 0.1119
Tue 11 Aug 2026 12:04:14 INFO  Saving current: /projects/PROJECT_ALLOC/R-project/results/anchor/All_Beauty/_ckpt/SASRec-Aug-11-2026_12-03-20.pth
Tue 11 Aug 2026 12:04:16 INFO  epoch 27 training [time: 1.83s, train loss: 5.3352]
Tue 11 Aug 2026 12:04:16 INFO  epoch 27 evaluating [time: 0.02s, valid_score: 0.033200]
Tue 11 Aug 2026 12:04:16 INFO  valid result: 
recall@10 : 0.083    recall@50 : 0.3043    recall@100 : 0.5257    ndcg@10 : 0.0332    ndcg@50 : 0.0803    ndcg@100 : 0.1159
Tue 11 Aug 2026 12:04:16 INFO  Saving current: /projects/PROJECT_ALLOC/R-project/results/anchor/All_Beauty/_ckpt/SASRec-Aug-11-2026_12-03-20.pth
Tue 11 Aug 2026 12:04:17 INFO  epoch 28 training [time: 1.79s, train loss: 5.3147]
Tue 11 Aug 2026 12:04:17 INFO  epoch 28 evaluating [time: 0.02s, valid_score: 0.036800]
Tue 11 Aug 2026 12:04:17 INFO  valid result: 
recall@10 : 0.083    recall@50 : 0.3083    recall@100 : 0.5336    ndcg@10 : 0.0368    ndcg@50 : 0.0846    ndcg@100 : 0.1211
Tue 11 Aug 2026 12:04:17 INFO  Saving current: /projects/PROJECT_ALLOC/R-project/results/anchor/All_Beauty/_ckpt/SASRec-Aug-11-2026_12-03-20.pth
Tue 11 Aug 2026 12:04:19 INFO  epoch 29 training [time: 1.74s, train loss: 5.2902]
Tue 11 Aug 2026 12:04:19 INFO  epoch 29 evaluating [time: 0.02s, valid_score: 0.037300]
Tue 11 Aug 2026 12:04:19 INFO  valid result: 
recall@10 : 0.083    recall@50 : 0.3241    recall@100 : 0.5455    ndcg@10 : 0.0373    ndcg@50 : 0.088    ndcg@100 : 0.1239
Tue 11 Aug 2026 12:04:19 INFO  Saving current: /projects/PROJECT_ALLOC/R-project/results/anchor/All_Beauty/_ckpt/SASRec-Aug-11-2026_12-03-20.pth
Tue 11 Aug 2026 12:04:21 INFO  epoch 30 training [time: 1.82s, train loss: 5.2653]
Tue 11 Aug 2026 12:04:21 INFO  epoch 30 evaluating [time: 0.03s, valid_score: 0.035900]
Tue 11 Aug 2026 12:04:21 INFO  valid result: 
recall@10 : 0.0791    recall@50 : 0.3399    recall@100 : 0.5613    ndcg@10 : 0.0359    ndcg@50 : 0.0909    ndcg@100 : 0.1266
Tue 11 Aug 2026 12:04:23 INFO  epoch 31 training [time: 1.78s, train loss: 5.2386]
Tue 11 Aug 2026 12:04:23 INFO  epoch 31 evaluating [time: 0.02s, valid_score: 0.033500]
Tue 11 Aug 2026 12:04:23 INFO  valid result: 
recall@10 : 0.0711    recall@50 : 0.3518    recall@100 : 0.5771    ndcg@10 : 0.0335    ndcg@50 : 0.0933    ndcg@100 : 0.1295
Tue 11 Aug 2026 12:04:25 INFO  epoch 32 training [time: 1.84s, train loss: 5.2107]
Tue 11 Aug 2026 12:04:25 INFO  epoch 32 evaluating [time: 0.03s, valid_score: 0.031300]
Tue 11 Aug 2026 12:04:25 INFO  valid result: 
recall@10 : 0.0632    recall@50 : 0.3636    recall@100 : 0.581    ndcg@10 : 0.0313    ndcg@50 : 0.0955    ndcg@100 : 0.1304
Tue 11 Aug 2026 12:04:26 INFO  epoch 33 training [time: 1.76s, train loss: 5.1923]
Tue 11 Aug 2026 12:04:26 INFO  epoch 33 evaluating [time: 0.02s, valid_score: 0.033000]
Tue 11 Aug 2026 12:04:26 INFO  valid result: 
recall@10 : 0.0672    recall@50 : 0.3518    recall@100 : 0.5889    ndcg@10 : 0.033    ndcg@50 : 0.0944    ndcg@100 : 0.1328
Tue 11 Aug 2026 12:04:28 INFO  epoch 34 training [time: 1.84s, train loss: 5.1607]
Tue 11 Aug 2026 12:04:28 INFO  epoch 34 evaluating [time: 0.03s, valid_score: 0.032600]
Tue 11 Aug 2026 12:04:28 INFO  valid result: 
recall@10 : 0.0711    recall@50 : 0.3557    recall@100 : 0.5889    ndcg@10 : 0.0326    ndcg@50 : 0.094    ndcg@100 : 0.1319
Tue 11 Aug 2026 12:04:30 INFO  epoch 35 training [time: 1.80s, train loss: 5.1397]
Tue 11 Aug 2026 12:04:30 INFO  epoch 35 evaluating [time: 0.02s, valid_score: 0.033000]
Tue 11 Aug 2026 12:04:30 INFO  valid result: 
recall@10 : 0.0711    recall@50 : 0.3715    recall@100 : 0.5929    ndcg@10 : 0.033    ndcg@50 : 0.0978    ndcg@100 : 0.1336
Tue 11 Aug 2026 12:04:32 INFO  epoch 36 training [time: 1.82s, train loss: 5.1164]
Tue 11 Aug 2026 12:04:32 INFO  epoch 36 evaluating [time: 0.02s, valid_score: 0.034200]
Tue 11 Aug 2026 12:04:32 INFO  valid result: 
recall@10 : 0.0751    recall@50 : 0.3715    recall@100 : 0.5968    ndcg@10 : 0.0342    ndcg@50 : 0.0985    ndcg@100 : 0.135
Tue 11 Aug 2026 12:04:34 INFO  epoch 37 training [time: 1.74s, train loss: 5.0852]
Tue 11 Aug 2026 12:04:34 INFO  epoch 37 evaluating [time: 0.03s, valid_score: 0.035400]
Tue 11 Aug 2026 12:04:34 INFO  valid result: 
recall@10 : 0.0791    recall@50 : 0.3755    recall@100 : 0.5968    ndcg@10 : 0.0354    ndcg@50 : 0.0996    ndcg@100 : 0.1355
Tue 11 Aug 2026 12:04:35 INFO  epoch 38 training [time: 1.68s, train loss: 5.0721]
Tue 11 Aug 2026 12:04:35 INFO  epoch 38 evaluating [time: 0.02s, valid_score: 0.034900]
Tue 11 Aug 2026 12:04:35 INFO  valid result: 
recall@10 : 0.0751    recall@50 : 0.3794    recall@100 : 0.5968    ndcg@10 : 0.0349    ndcg@50 : 0.1013    ndcg@100 : 0.1365
Tue 11 Aug 2026 12:04:37 INFO  epoch 39 training [time: 1.96s, train loss: 5.0381]
Tue 11 Aug 2026 12:04:37 INFO  epoch 39 evaluating [time: 0.02s, valid_score: 0.035000]
Tue 11 Aug 2026 12:04:37 INFO  valid result: 
recall@10 : 0.0751    recall@50 : 0.3794    recall@100 : 0.6008    ndcg@10 : 0.035    ndcg@50 : 0.1016    ndcg@100 : 0.1376
Tue 11 Aug 2026 12:04:39 INFO  epoch 40 training [time: 1.86s, train loss: 5.0177]
Tue 11 Aug 2026 12:04:39 INFO  epoch 40 evaluating [time: 0.02s, valid_score: 0.033700]
Tue 11 Aug 2026 12:04:39 INFO  valid result: 
recall@10 : 0.0711    recall@50 : 0.3794    recall@100 : 0.6206    ndcg@10 : 0.0337    ndcg@50 : 0.1017    ndcg@100 : 0.1407
Tue 11 Aug 2026 12:04:39 INFO  Finished training, best eval result in epoch 29
Tue 11 Aug 2026 12:04:39 INFO  Loading model structure and parameters from /projects/PROJECT_ALLOC/R-project/results/anchor/All_Beauty/_ckpt/SASRec-Aug-11-2026_12-03-20.pth
