Tue 11 Aug 2026 12:56:43 INFO  [Training]: train_batch_size = [2048] train_neg_sample_args: [{'distribution': 'uniform', 'sample_num': 1, 'alpha': 1.0, 'dynamic': False, 'candidate_num': 0}]
Tue 11 Aug 2026 12:56:43 INFO  [Evaluation]: eval_batch_size = [4096] eval_args: [{'split': {'LS': 'valid_and_test'}, 'order': 'TO', 'group_by': 'user', 'mode': {'valid': 'full', 'test': 'full'}}]
Tue 11 Aug 2026 12:56:55 INFO  epoch 0 training [time: 0.26s, train loss: 0.0000]
Tue 11 Aug 2026 12:56:55 INFO  epoch 0 evaluating [time: 0.34s, valid_score: 0.010500]
Tue 11 Aug 2026 12:56:55 INFO  valid result: 
recall@10 : 0.0237    recall@50 : 0.1344    recall@100 : 0.3439    ndcg@10 : 0.0105    ndcg@50 : 0.033    ndcg@100 : 0.0665
Tue 11 Aug 2026 12:56:55 INFO  Saving current: /projects/PROJECT_ALLOC/R-project/results/anchor/All_Beauty/_ckpt/Pop-Aug-11-2026_12-56-43.pth
Tue 11 Aug 2026 12:56:55 INFO  Loading model structure and parameters from /projects/PROJECT_ALLOC/R-project/results/anchor/All_Beauty/_ckpt/Pop-Aug-11-2026_12-56-43.pth
Tue 11 Aug 2026 12:56:56 WARNING  command line args [--category All_Beauty --legs pop,itemknn,sasrec,sasrec_len20] will not be used in RecBole
Tue 11 Aug 2026 12:56:56 INFO  [Training]: train_batch_size = [2048] train_neg_sample_args: [{'distribution': 'uniform', 'sample_num': 1, 'alpha': 1.0, 'dynamic': False, 'candidate_num': 0}]
Tue 11 Aug 2026 12:56:56 INFO  [Evaluation]: eval_batch_size = [4096] eval_args: [{'split': {'LS': 'valid_and_test'}, 'order': 'TO', 'group_by': 'user', 'mode': {'valid': 'full', 'test': 'full'}}]
Tue 11 Aug 2026 12:56:56 INFO  epoch 0 training [time: 0.00s, train loss: 0.0000]
Tue 11 Aug 2026 12:56:56 INFO  epoch 0 evaluating [time: 0.03s, valid_score: 0.036600]
Tue 11 Aug 2026 12:56:56 INFO  valid result: 
recall@10 : 0.083    recall@50 : 0.2174    recall@100 : 0.3794    ndcg@10 : 0.0366    ndcg@50 : 0.0649    ndcg@100 : 0.0911
Tue 11 Aug 2026 12:56:56 INFO  Saving current: /projects/PROJECT_ALLOC/R-project/results/anchor/All_Beauty/_ckpt/ItemKNN-Aug-11-2026_12-56-56.pth
Tue 11 Aug 2026 12:56:56 INFO  Loading model structure and parameters from /projects/PROJECT_ALLOC/R-project/results/anchor/All_Beauty/_ckpt/ItemKNN-Aug-11-2026_12-56-56.pth
Tue 11 Aug 2026 12:56:56 WARNING  command line args [--category All_Beauty --legs pop,itemknn,sasrec,sasrec_len20] will not be used in RecBole
Tue 11 Aug 2026 12:56:56 INFO  [Training]: train_batch_size = [2048] train_neg_sample_args: [{'distribution': 'none', 'sample_num': 'none', 'alpha': 'none', 'dynamic': False, 'candidate_num': 0}]
Tue 11 Aug 2026 12:56:56 INFO  [Evaluation]: eval_batch_size = [4096] eval_args: [{'split': {'LS': 'valid_and_test'}, 'order': 'TO', 'group_by': 'user', 'mode': {'valid': 'full', 'test': 'full'}}]
Tue 11 Aug 2026 12:56:58 INFO  epoch 0 training [time: 1.11s, train loss: 5.8949]
Tue 11 Aug 2026 12:56:58 INFO  epoch 0 evaluating [time: 0.01s, valid_score: 0.006900]
Tue 11 Aug 2026 12:56:58 INFO  valid result: 
recall@10 : 0.0198    recall@50 : 0.1423    recall@100 : 0.2727    ndcg@10 : 0.0069    ndcg@50 : 0.0332    ndcg@100 : 0.0538
Tue 11 Aug 2026 12:56:58 INFO  Saving current: /projects/PROJECT_ALLOC/R-project/results/anchor/All_Beauty/_ckpt/SASRec-Aug-11-2026_12-56-56.pth
Tue 11 Aug 2026 12:56:58 INFO  epoch 1 training [time: 0.06s, train loss: 5.8749]
Tue 11 Aug 2026 12:56:58 INFO  epoch 1 evaluating [time: 0.01s, valid_score: 0.007700]
Tue 11 Aug 2026 12:56:58 INFO  valid result: 
recall@10 : 0.0237    recall@50 : 0.1344    recall@100 : 0.2767    ndcg@10 : 0.0077    ndcg@50 : 0.0316    ndcg@100 : 0.0544
Tue 11 Aug 2026 12:56:58 INFO  Saving current: /projects/PROJECT_ALLOC/R-project/results/anchor/All_Beauty/_ckpt/SASRec-Aug-11-2026_12-56-56.pth
Tue 11 Aug 2026 12:56:58 INFO  epoch 2 training [time: 0.06s, train loss: 5.8557]
Tue 11 Aug 2026 12:56:58 INFO  epoch 2 evaluating [time: 0.01s, valid_score: 0.007800]
Tue 11 Aug 2026 12:56:58 INFO  valid result: 
recall@10 : 0.0237    recall@50 : 0.1423    recall@100 : 0.2767    ndcg@10 : 0.0078    ndcg@50 : 0.0333    ndcg@100 : 0.0548
Tue 11 Aug 2026 12:56:58 INFO  Saving current: /projects/PROJECT_ALLOC/R-project/results/anchor/All_Beauty/_ckpt/SASRec-Aug-11-2026_12-56-56.pth
Tue 11 Aug 2026 12:56:58 INFO  epoch 3 training [time: 0.06s, train loss: 5.8353]
Tue 11 Aug 2026 12:56:58 INFO  epoch 3 evaluating [time: 0.01s, valid_score: 0.009300]
Tue 11 Aug 2026 12:56:58 INFO  valid result: 
recall@10 : 0.0277    recall@50 : 0.1383    recall@100 : 0.2688    ndcg@10 : 0.0093    ndcg@50 : 0.033    ndcg@100 : 0.0542
Tue 11 Aug 2026 12:56:58 INFO  Saving current: /projects/PROJECT_ALLOC/R-project/results/anchor/All_Beauty/_ckpt/SASRec-Aug-11-2026_12-56-56.pth
Tue 11 Aug 2026 12:56:58 INFO  epoch 4 training [time: 0.06s, train loss: 5.8195]
Tue 11 Aug 2026 12:56:58 INFO  epoch 4 evaluating [time: 0.01s, valid_score: 0.009400]
Tue 11 Aug 2026 12:56:58 INFO  valid result: 
recall@10 : 0.0277    recall@50 : 0.1383    recall@100 : 0.2846    ndcg@10 : 0.0094    ndcg@50 : 0.0332    ndcg@100 : 0.0569
Tue 11 Aug 2026 12:56:58 INFO  Saving current: /projects/PROJECT_ALLOC/R-project/results/anchor/All_Beauty/_ckpt/SASRec-Aug-11-2026_12-56-56.pth
Tue 11 Aug 2026 12:56:58 INFO  epoch 5 training [time: 0.05s, train loss: 5.7991]
Tue 11 Aug 2026 12:56:58 INFO  epoch 5 evaluating [time: 0.01s, valid_score: 0.010100]
Tue 11 Aug 2026 12:56:58 INFO  valid result: 
recall@10 : 0.0277    recall@50 : 0.1462    recall@100 : 0.3004    ndcg@10 : 0.0101    ndcg@50 : 0.0354    ndcg@100 : 0.0604
Tue 11 Aug 2026 12:56:58 INFO  Saving current: /projects/PROJECT_ALLOC/R-project/results/anchor/All_Beauty/_ckpt/SASRec-Aug-11-2026_12-56-56.pth
Tue 11 Aug 2026 12:56:58 INFO  epoch 6 training [time: 0.05s, train loss: 5.7798]
Tue 11 Aug 2026 12:56:58 INFO  epoch 6 evaluating [time: 0.01s, valid_score: 0.010000]
Tue 11 Aug 2026 12:56:58 INFO  valid result: 
recall@10 : 0.0277    recall@50 : 0.1581    recall@100 : 0.3043    ndcg@10 : 0.01    ndcg@50 : 0.0377    ndcg@100 : 0.0615
Tue 11 Aug 2026 12:56:58 INFO  epoch 7 training [time: 0.05s, train loss: 5.7568]
Tue 11 Aug 2026 12:56:58 INFO  epoch 7 evaluating [time: 0.01s, valid_score: 0.010300]
Tue 11 Aug 2026 12:56:58 INFO  valid result: 
recall@10 : 0.0277    recall@50 : 0.17    recall@100 : 0.3162    ndcg@10 : 0.0103    ndcg@50 : 0.0402    ndcg@100 : 0.0639
Tue 11 Aug 2026 12:56:58 INFO  Saving current: /projects/PROJECT_ALLOC/R-project/results/anchor/All_Beauty/_ckpt/SASRec-Aug-11-2026_12-56-56.pth
Tue 11 Aug 2026 12:56:58 INFO  epoch 8 training [time: 0.05s, train loss: 5.7443]
Tue 11 Aug 2026 12:56:58 INFO  epoch 8 evaluating [time: 0.01s, valid_score: 0.010600]
Tue 11 Aug 2026 12:56:58 INFO  valid result: 
recall@10 : 0.0277    recall@50 : 0.1739    recall@100 : 0.3123    ndcg@10 : 0.0106    ndcg@50 : 0.0413    ndcg@100 : 0.0639
Tue 11 Aug 2026 12:56:58 INFO  Saving current: /projects/PROJECT_ALLOC/R-project/results/anchor/All_Beauty/_ckpt/SASRec-Aug-11-2026_12-56-56.pth
Tue 11 Aug 2026 12:56:58 INFO  epoch 9 training [time: 0.05s, train loss: 5.7238]
Tue 11 Aug 2026 12:56:58 INFO  epoch 9 evaluating [time: 0.01s, valid_score: 0.012200]
Tue 11 Aug 2026 12:56:58 INFO  valid result: 
recall@10 : 0.0316    recall@50 : 0.1818    recall@100 : 0.3241    ndcg@10 : 0.0122    ndcg@50 : 0.0436    ndcg@100 : 0.0666
Tue 11 Aug 2026 12:56:58 INFO  Saving current: /projects/PROJECT_ALLOC/R-project/results/anchor/All_Beauty/_ckpt/SASRec-Aug-11-2026_12-56-56.pth
Tue 11 Aug 2026 12:56:58 INFO  epoch 10 training [time: 0.05s, train loss: 5.7027]
Tue 11 Aug 2026 12:56:58 INFO  epoch 10 evaluating [time: 0.01s, valid_score: 0.013400]
Tue 11 Aug 2026 12:56:58 INFO  valid result: 
recall@10 : 0.0356    recall@50 : 0.1858    recall@100 : 0.3241    ndcg@10 : 0.0134    ndcg@50 : 0.0447    ndcg@100 : 0.067
Tue 11 Aug 2026 12:56:58 INFO  Saving current: /projects/PROJECT_ALLOC/R-project/results/anchor/All_Beauty/_ckpt/SASRec-Aug-11-2026_12-56-56.pth
Tue 11 Aug 2026 12:56:58 INFO  epoch 11 training [time: 0.05s, train loss: 5.6836]
Tue 11 Aug 2026 12:56:58 INFO  epoch 11 evaluating [time: 0.01s, valid_score: 0.012900]
Tue 11 Aug 2026 12:56:58 INFO  valid result: 
recall@10 : 0.0316    recall@50 : 0.1897    recall@100 : 0.3202    ndcg@10 : 0.0129    ndcg@50 : 0.0464    ndcg@100 : 0.0675
Tue 11 Aug 2026 12:56:58 INFO  epoch 12 training [time: 0.05s, train loss: 5.6665]
Tue 11 Aug 2026 12:56:58 INFO  epoch 12 evaluating [time: 0.01s, valid_score: 0.012800]
Tue 11 Aug 2026 12:56:58 INFO  valid result: 
recall@10 : 0.0316    recall@50 : 0.1937    recall@100 : 0.3162    ndcg@10 : 0.0128    ndcg@50 : 0.0471    ndcg@100 : 0.0669
Tue 11 Aug 2026 12:56:58 INFO  epoch 13 training [time: 0.05s, train loss: 5.6448]
Tue 11 Aug 2026 12:56:58 INFO  epoch 13 evaluating [time: 0.01s, valid_score: 0.015600]
Tue 11 Aug 2026 12:56:58 INFO  valid result: 
recall@10 : 0.0395    recall@50 : 0.1937    recall@100 : 0.3281    ndcg@10 : 0.0156    ndcg@50 : 0.0479    ndcg@100 : 0.0695
Tue 11 Aug 2026 12:56:58 INFO  Saving current: /projects/PROJECT_ALLOC/R-project/results/anchor/All_Beauty/_ckpt/SASRec-Aug-11-2026_12-56-56.pth
Tue 11 Aug 2026 12:56:59 INFO  epoch 14 training [time: 0.05s, train loss: 5.6218]
Tue 11 Aug 2026 12:56:59 INFO  epoch 14 evaluating [time: 0.01s, valid_score: 0.016800]
Tue 11 Aug 2026 12:56:59 INFO  valid result: 
recall@10 : 0.0435    recall@50 : 0.1897    recall@100 : 0.3439    ndcg@10 : 0.0168    ndcg@50 : 0.0475    ndcg@100 : 0.0723
Tue 11 Aug 2026 12:56:59 INFO  Saving current: /projects/PROJECT_ALLOC/R-project/results/anchor/All_Beauty/_ckpt/SASRec-Aug-11-2026_12-56-56.pth
Tue 11 Aug 2026 12:56:59 INFO  epoch 15 training [time: 0.05s, train loss: 5.6020]
Tue 11 Aug 2026 12:56:59 INFO  epoch 15 evaluating [time: 0.01s, valid_score: 0.017600]
Tue 11 Aug 2026 12:56:59 INFO  valid result: 
recall@10 : 0.0435    recall@50 : 0.1897    recall@100 : 0.3557    ndcg@10 : 0.0176    ndcg@50 : 0.0488    ndcg@100 : 0.0755
Tue 11 Aug 2026 12:56:59 INFO  Saving current: /projects/PROJECT_ALLOC/R-project/results/anchor/All_Beauty/_ckpt/SASRec-Aug-11-2026_12-56-56.pth
Tue 11 Aug 2026 12:56:59 INFO  epoch 16 training [time: 0.05s, train loss: 5.5820]
Tue 11 Aug 2026 12:56:59 INFO  epoch 16 evaluating [time: 0.01s, valid_score: 0.017400]
Tue 11 Aug 2026 12:56:59 INFO  valid result: 
recall@10 : 0.0435    recall@50 : 0.1937    recall@100 : 0.3439    ndcg@10 : 0.0174    ndcg@50 : 0.0497    ndcg@100 : 0.0741
Tue 11 Aug 2026 12:56:59 INFO  epoch 17 training [time: 0.05s, train loss: 5.5577]
Tue 11 Aug 2026 12:56:59 INFO  epoch 17 evaluating [time: 0.01s, valid_score: 0.018400]
Tue 11 Aug 2026 12:56:59 INFO  valid result: 
recall@10 : 0.0435    recall@50 : 0.2055    recall@100 : 0.3478    ndcg@10 : 0.0184    ndcg@50 : 0.0536    ndcg@100 : 0.0766
Tue 11 Aug 2026 12:56:59 INFO  Saving current: /projects/PROJECT_ALLOC/R-project/results/anchor/All_Beauty/_ckpt/SASRec-Aug-11-2026_12-56-56.pth
Tue 11 Aug 2026 12:56:59 INFO  epoch 18 training [time: 0.05s, train loss: 5.5401]
Tue 11 Aug 2026 12:56:59 INFO  epoch 18 evaluating [time: 0.01s, valid_score: 0.023700]
Tue 11 Aug 2026 12:56:59 INFO  valid result: 
recall@10 : 0.0593    recall@50 : 0.2055    recall@100 : 0.3557    ndcg@10 : 0.0237    ndcg@50 : 0.0551    ndcg@100 : 0.0795
Tue 11 Aug 2026 12:56:59 INFO  Saving current: /projects/PROJECT_ALLOC/R-project/results/anchor/All_Beauty/_ckpt/SASRec-Aug-11-2026_12-56-56.pth
Tue 11 Aug 2026 12:56:59 INFO  epoch 19 training [time: 0.05s, train loss: 5.5168]
Tue 11 Aug 2026 12:56:59 INFO  epoch 19 evaluating [time: 0.01s, valid_score: 0.025800]
Tue 11 Aug 2026 12:56:59 INFO  valid result: 
recall@10 : 0.0672    recall@50 : 0.2213    recall@100 : 0.3834    ndcg@10 : 0.0258    ndcg@50 : 0.0581    ndcg@100 : 0.0841
Tue 11 Aug 2026 12:56:59 INFO  Saving current: /projects/PROJECT_ALLOC/R-project/results/anchor/All_Beauty/_ckpt/SASRec-Aug-11-2026_12-56-56.pth
Tue 11 Aug 2026 12:56:59 INFO  epoch 20 training [time: 0.05s, train loss: 5.4953]
Tue 11 Aug 2026 12:56:59 INFO  epoch 20 evaluating [time: 0.01s, valid_score: 0.026600]
Tue 11 Aug 2026 12:56:59 INFO  valid result: 
recall@10 : 0.0672    recall@50 : 0.2411    recall@100 : 0.4111    ndcg@10 : 0.0266    ndcg@50 : 0.0631    ndcg@100 : 0.0902
Tue 11 Aug 2026 12:56:59 INFO  Saving current: /projects/PROJECT_ALLOC/R-project/results/anchor/All_Beauty/_ckpt/SASRec-Aug-11-2026_12-56-56.pth
Tue 11 Aug 2026 12:56:59 INFO  epoch 21 training [time: 0.05s, train loss: 5.4693]
Tue 11 Aug 2026 12:56:59 INFO  epoch 21 evaluating [time: 0.01s, valid_score: 0.026000]
Tue 11 Aug 2026 12:56:59 INFO  valid result: 
recall@10 : 0.0672    recall@50 : 0.2451    recall@100 : 0.4348    ndcg@10 : 0.026    ndcg@50 : 0.0639    ndcg@100 : 0.0943
Tue 11 Aug 2026 12:56:59 INFO  epoch 22 training [time: 0.05s, train loss: 5.4500]
Tue 11 Aug 2026 12:56:59 INFO  epoch 22 evaluating [time: 0.01s, valid_score: 0.027100]
Tue 11 Aug 2026 12:56:59 INFO  valid result: 
recall@10 : 0.0711    recall@50 : 0.249    recall@100 : 0.4466    ndcg@10 : 0.0271    ndcg@50 : 0.0654    ndcg@100 : 0.0974
Tue 11 Aug 2026 12:56:59 INFO  Saving current: /projects/PROJECT_ALLOC/R-project/results/anchor/All_Beauty/_ckpt/SASRec-Aug-11-2026_12-56-56.pth
Tue 11 Aug 2026 12:56:59 INFO  epoch 23 training [time: 0.05s, train loss: 5.4266]
Tue 11 Aug 2026 12:56:59 INFO  epoch 23 evaluating [time: 0.01s, valid_score: 0.029900]
Tue 11 Aug 2026 12:56:59 INFO  valid result: 
recall@10 : 0.0791    recall@50 : 0.2688    recall@100 : 0.4625    ndcg@10 : 0.0299    ndcg@50 : 0.0704    ndcg@100 : 0.1016
Tue 11 Aug 2026 12:56:59 INFO  Saving current: /projects/PROJECT_ALLOC/R-project/results/anchor/All_Beauty/_ckpt/SASRec-Aug-11-2026_12-56-56.pth
Tue 11 Aug 2026 12:56:59 INFO  epoch 24 training [time: 0.05s, train loss: 5.4069]
Tue 11 Aug 2026 12:56:59 INFO  epoch 24 evaluating [time: 0.01s, valid_score: 0.031500]
Tue 11 Aug 2026 12:56:59 INFO  valid result: 
recall@10 : 0.083    recall@50 : 0.2806    recall@100 : 0.4862    ndcg@10 : 0.0315    ndcg@50 : 0.0737    ndcg@100 : 0.1066
Tue 11 Aug 2026 12:56:59 INFO  Saving current: /projects/PROJECT_ALLOC/R-project/results/anchor/All_Beauty/_ckpt/SASRec-Aug-11-2026_12-56-56.pth
Tue 11 Aug 2026 12:56:59 INFO  epoch 25 training [time: 0.05s, train loss: 5.3867]
Tue 11 Aug 2026 12:56:59 INFO  epoch 25 evaluating [time: 0.01s, valid_score: 0.032800]
Tue 11 Aug 2026 12:56:59 INFO  valid result: 
recall@10 : 0.087    recall@50 : 0.2806    recall@100 : 0.498    ndcg@10 : 0.0328    ndcg@50 : 0.0743    ndcg@100 : 0.1094
Tue 11 Aug 2026 12:56:59 INFO  Saving current: /projects/PROJECT_ALLOC/R-project/results/anchor/All_Beauty/_ckpt/SASRec-Aug-11-2026_12-56-56.pth
Tue 11 Aug 2026 12:56:59 INFO  epoch 26 training [time: 0.05s, train loss: 5.3605]
Tue 11 Aug 2026 12:56:59 INFO  epoch 26 evaluating [time: 0.01s, valid_score: 0.032800]
Tue 11 Aug 2026 12:56:59 INFO  valid result: 
recall@10 : 0.087    recall@50 : 0.3083    recall@100 : 0.5138    ndcg@10 : 0.0328    ndcg@50 : 0.0794    ndcg@100 : 0.1123
Tue 11 Aug 2026 12:56:59 INFO  Saving current: /projects/PROJECT_ALLOC/R-project/results/anchor/All_Beauty/_ckpt/SASRec-Aug-11-2026_12-56-56.pth
Tue 11 Aug 2026 12:56:59 INFO  epoch 27 training [time: 0.05s, train loss: 5.3338]
Tue 11 Aug 2026 12:56:59 INFO  epoch 27 evaluating [time: 0.01s, valid_score: 0.032800]
Tue 11 Aug 2026 12:56:59 INFO  valid result: 
recall@10 : 0.087    recall@50 : 0.3043    recall@100 : 0.5178    ndcg@10 : 0.0328    ndcg@50 : 0.079    ndcg@100 : 0.1135
Tue 11 Aug 2026 12:56:59 INFO  Saving current: /projects/PROJECT_ALLOC/R-project/results/anchor/All_Beauty/_ckpt/SASRec-Aug-11-2026_12-56-56.pth
Tue 11 Aug 2026 12:56:59 INFO  epoch 28 training [time: 0.05s, train loss: 5.3079]
Tue 11 Aug 2026 12:56:59 INFO  epoch 28 evaluating [time: 0.01s, valid_score: 0.032600]
Tue 11 Aug 2026 12:56:59 INFO  valid result: 
recall@10 : 0.083    recall@50 : 0.3043    recall@100 : 0.5415    ndcg@10 : 0.0326    ndcg@50 : 0.0803    ndcg@100 : 0.1187
Tue 11 Aug 2026 12:57:00 INFO  epoch 29 training [time: 0.05s, train loss: 5.2870]
Tue 11 Aug 2026 12:57:00 INFO  epoch 29 evaluating [time: 0.01s, valid_score: 0.033900]
Tue 11 Aug 2026 12:57:00 INFO  valid result: 
recall@10 : 0.083    recall@50 : 0.3162    recall@100 : 0.5415    ndcg@10 : 0.0339    ndcg@50 : 0.084    ndcg@100 : 0.1206
Tue 11 Aug 2026 12:57:00 INFO  Saving current: /projects/PROJECT_ALLOC/R-project/results/anchor/All_Beauty/_ckpt/SASRec-Aug-11-2026_12-56-56.pth
Tue 11 Aug 2026 12:57:00 INFO  epoch 30 training [time: 0.05s, train loss: 5.2569]
Tue 11 Aug 2026 12:57:00 INFO  epoch 30 evaluating [time: 0.01s, valid_score: 0.032900]
Tue 11 Aug 2026 12:57:00 INFO  valid result: 
recall@10 : 0.0791    recall@50 : 0.332    recall@100 : 0.5494    ndcg@10 : 0.0329    ndcg@50 : 0.0873    ndcg@100 : 0.1225
Tue 11 Aug 2026 12:57:00 INFO  epoch 31 training [time: 0.05s, train loss: 5.2338]
Tue 11 Aug 2026 12:57:00 INFO  epoch 31 evaluating [time: 0.01s, valid_score: 0.031400]
Tue 11 Aug 2026 12:57:00 INFO  valid result: 
recall@10 : 0.0751    recall@50 : 0.336    recall@100 : 0.5573    ndcg@10 : 0.0314    ndcg@50 : 0.0882    ndcg@100 : 0.124
Tue 11 Aug 2026 12:57:00 INFO  epoch 32 training [time: 0.05s, train loss: 5.2083]
Tue 11 Aug 2026 12:57:00 INFO  epoch 32 evaluating [time: 0.01s, valid_score: 0.030300]
Tue 11 Aug 2026 12:57:00 INFO  valid result: 
recall@10 : 0.0711    recall@50 : 0.3478    recall@100 : 0.5771    ndcg@10 : 0.0303    ndcg@50 : 0.0907    ndcg@100 : 0.1276
Tue 11 Aug 2026 12:57:00 INFO  epoch 33 training [time: 0.05s, train loss: 5.1903]
Tue 11 Aug 2026 12:57:00 INFO  epoch 33 evaluating [time: 0.01s, valid_score: 0.033300]
Tue 11 Aug 2026 12:57:00 INFO  valid result: 
recall@10 : 0.0791    recall@50 : 0.3518    recall@100 : 0.581    ndcg@10 : 0.0333    ndcg@50 : 0.0925    ndcg@100 : 0.1296
Tue 11 Aug 2026 12:57:00 INFO  epoch 34 training [time: 0.05s, train loss: 5.1637]
Tue 11 Aug 2026 12:57:00 INFO  epoch 34 evaluating [time: 0.01s, valid_score: 0.034200]
Tue 11 Aug 2026 12:57:00 INFO  valid result: 
recall@10 : 0.0791    recall@50 : 0.3478    recall@100 : 0.585    ndcg@10 : 0.0342    ndcg@50 : 0.0932    ndcg@100 : 0.1317
Tue 11 Aug 2026 12:57:00 INFO  Saving current: /projects/PROJECT_ALLOC/R-project/results/anchor/All_Beauty/_ckpt/SASRec-Aug-11-2026_12-56-56.pth
Tue 11 Aug 2026 12:57:00 INFO  epoch 35 training [time: 0.05s, train loss: 5.1383]
Tue 11 Aug 2026 12:57:00 INFO  epoch 35 evaluating [time: 0.01s, valid_score: 0.034200]
Tue 11 Aug 2026 12:57:00 INFO  valid result: 
recall@10 : 0.0791    recall@50 : 0.3557    recall@100 : 0.585    ndcg@10 : 0.0342    ndcg@50 : 0.0948    ndcg@100 : 0.1322
Tue 11 Aug 2026 12:57:00 INFO  Saving current: /projects/PROJECT_ALLOC/R-project/results/anchor/All_Beauty/_ckpt/SASRec-Aug-11-2026_12-56-56.pth
Tue 11 Aug 2026 12:57:00 INFO  epoch 36 training [time: 0.05s, train loss: 5.1122]
Tue 11 Aug 2026 12:57:00 INFO  epoch 36 evaluating [time: 0.01s, valid_score: 0.036700]
Tue 11 Aug 2026 12:57:00 INFO  valid result: 
recall@10 : 0.087    recall@50 : 0.3676    recall@100 : 0.5968    ndcg@10 : 0.0367    ndcg@50 : 0.0976    ndcg@100 : 0.1348
Tue 11 Aug 2026 12:57:00 INFO  Saving current: /projects/PROJECT_ALLOC/R-project/results/anchor/All_Beauty/_ckpt/SASRec-Aug-11-2026_12-56-56.pth
Tue 11 Aug 2026 12:57:00 INFO  epoch 37 training [time: 0.05s, train loss: 5.0914]
Tue 11 Aug 2026 12:57:00 INFO  epoch 37 evaluating [time: 0.01s, valid_score: 0.039300]
Tue 11 Aug 2026 12:57:00 INFO  valid result: 
recall@10 : 0.0949    recall@50 : 0.3794    recall@100 : 0.5968    ndcg@10 : 0.0393    ndcg@50 : 0.1003    ndcg@100 : 0.1357
Tue 11 Aug 2026 12:57:00 INFO  Saving current: /projects/PROJECT_ALLOC/R-project/results/anchor/All_Beauty/_ckpt/SASRec-Aug-11-2026_12-56-56.pth
Tue 11 Aug 2026 12:57:00 INFO  epoch 38 training [time: 0.05s, train loss: 5.0656]
Tue 11 Aug 2026 12:57:00 INFO  epoch 38 evaluating [time: 0.01s, valid_score: 0.039500]
Tue 11 Aug 2026 12:57:00 INFO  valid result: 
recall@10 : 0.0949    recall@50 : 0.3953    recall@100 : 0.6047    ndcg@10 : 0.0395    ndcg@50 : 0.1034    ndcg@100 : 0.1372
Tue 11 Aug 2026 12:57:00 INFO  Saving current: /projects/PROJECT_ALLOC/R-project/results/anchor/All_Beauty/_ckpt/SASRec-Aug-11-2026_12-56-56.pth
Tue 11 Aug 2026 12:57:00 INFO  epoch 39 training [time: 0.05s, train loss: 5.0421]
Tue 11 Aug 2026 12:57:00 INFO  epoch 39 evaluating [time: 0.01s, valid_score: 0.040900]
Tue 11 Aug 2026 12:57:00 INFO  valid result: 
recall@10 : 0.0988    recall@50 : 0.4032    recall@100 : 0.6245    ndcg@10 : 0.0409    ndcg@50 : 0.1052    ndcg@100 : 0.1407
Tue 11 Aug 2026 12:57:00 INFO  Saving current: /projects/PROJECT_ALLOC/R-project/results/anchor/All_Beauty/_ckpt/SASRec-Aug-11-2026_12-56-56.pth
Tue 11 Aug 2026 12:57:00 INFO  epoch 40 training [time: 0.05s, train loss: 5.0154]
Tue 11 Aug 2026 12:57:00 INFO  epoch 40 evaluating [time: 0.01s, valid_score: 0.043600]
Tue 11 Aug 2026 12:57:00 INFO  valid result: 
recall@10 : 0.1067    recall@50 : 0.3992    recall@100 : 0.6206    ndcg@10 : 0.0436    ndcg@50 : 0.1053    ndcg@100 : 0.141
Tue 11 Aug 2026 12:57:00 INFO  Saving current: /projects/PROJECT_ALLOC/R-project/results/anchor/All_Beauty/_ckpt/SASRec-Aug-11-2026_12-56-56.pth
Tue 11 Aug 2026 12:57:00 INFO  epoch 41 training [time: 0.05s, train loss: 4.9992]
Tue 11 Aug 2026 12:57:00 INFO  epoch 41 evaluating [time: 0.01s, valid_score: 0.043900]
Tue 11 Aug 2026 12:57:00 INFO  valid result: 
recall@10 : 0.1067    recall@50 : 0.3953    recall@100 : 0.6324    ndcg@10 : 0.0439    ndcg@50 : 0.1049    ndcg@100 : 0.1432
Tue 11 Aug 2026 12:57:00 INFO  Saving current: /projects/PROJECT_ALLOC/R-project/results/anchor/All_Beauty/_ckpt/SASRec-Aug-11-2026_12-56-56.pth
Tue 11 Aug 2026 12:57:00 INFO  epoch 42 training [time: 0.05s, train loss: 4.9661]
Tue 11 Aug 2026 12:57:00 INFO  epoch 42 evaluating [time: 0.01s, valid_score: 0.043900]
Tue 11 Aug 2026 12:57:00 INFO  valid result: 
recall@10 : 0.1067    recall@50 : 0.3874    recall@100 : 0.6561    ndcg@10 : 0.0439    ndcg@50 : 0.1036    ndcg@100 : 0.147
Tue 11 Aug 2026 12:57:00 INFO  Saving current: /projects/PROJECT_ALLOC/R-project/results/anchor/All_Beauty/_ckpt/SASRec-Aug-11-2026_12-56-56.pth
Tue 11 Aug 2026 12:57:00 INFO  epoch 43 training [time: 0.05s, train loss: 4.9501]
Tue 11 Aug 2026 12:57:00 INFO  epoch 43 evaluating [time: 0.01s, valid_score: 0.044100]
Tue 11 Aug 2026 12:57:00 INFO  valid result: 
recall@10 : 0.1067    recall@50 : 0.3913    recall@100 : 0.6561    ndcg@10 : 0.0441    ndcg@50 : 0.1048    ndcg@100 : 0.1475
Tue 11 Aug 2026 12:57:01 INFO  Saving current: /projects/PROJECT_ALLOC/R-project/results/anchor/All_Beauty/_ckpt/SASRec-Aug-11-2026_12-56-56.pth
Tue 11 Aug 2026 12:57:01 INFO  epoch 44 training [time: 0.05s, train loss: 4.9298]
Tue 11 Aug 2026 12:57:01 INFO  epoch 44 evaluating [time: 0.01s, valid_score: 0.044400]
Tue 11 Aug 2026 12:57:01 INFO  valid result: 
recall@10 : 0.1067    recall@50 : 0.4071    recall@100 : 0.6561    ndcg@10 : 0.0444    ndcg@50 : 0.1081    ndcg@100 : 0.1481
Tue 11 Aug 2026 12:57:01 INFO  Saving current: /projects/PROJECT_ALLOC/R-project/results/anchor/All_Beauty/_ckpt/SASRec-Aug-11-2026_12-56-56.pth
Tue 11 Aug 2026 12:57:01 INFO  epoch 45 training [time: 0.05s, train loss: 4.9011]
Tue 11 Aug 2026 12:57:01 INFO  epoch 45 evaluating [time: 0.01s, valid_score: 0.043500]
Tue 11 Aug 2026 12:57:01 INFO  valid result: 
recall@10 : 0.1028    recall@50 : 0.4032    recall@100 : 0.6561    ndcg@10 : 0.0435    ndcg@50 : 0.1077    ndcg@100 : 0.1484
Tue 11 Aug 2026 12:57:01 INFO  epoch 46 training [time: 0.05s, train loss: 4.8757]
Tue 11 Aug 2026 12:57:01 INFO  epoch 46 evaluating [time: 0.01s, valid_score: 0.045700]
Tue 11 Aug 2026 12:57:01 INFO  valid result: 
recall@10 : 0.1067    recall@50 : 0.4071    recall@100 : 0.6601    ndcg@10 : 0.0457    ndcg@50 : 0.1097    ndcg@100 : 0.1502
Tue 11 Aug 2026 12:57:01 INFO  Saving current: /projects/PROJECT_ALLOC/R-project/results/anchor/All_Beauty/_ckpt/SASRec-Aug-11-2026_12-56-56.pth
Tue 11 Aug 2026 12:57:01 INFO  epoch 47 training [time: 0.05s, train loss: 4.8624]
Tue 11 Aug 2026 12:57:01 INFO  epoch 47 evaluating [time: 0.01s, valid_score: 0.046800]
Tue 11 Aug 2026 12:57:01 INFO  valid result: 
recall@10 : 0.1107    recall@50 : 0.4032    recall@100 : 0.6601    ndcg@10 : 0.0468    ndcg@50 : 0.1091    ndcg@100 : 0.1504
Tue 11 Aug 2026 12:57:01 INFO  Saving current: /projects/PROJECT_ALLOC/R-project/results/anchor/All_Beauty/_ckpt/SASRec-Aug-11-2026_12-56-56.pth
Tue 11 Aug 2026 12:57:01 INFO  epoch 48 training [time: 0.05s, train loss: 4.8399]
Tue 11 Aug 2026 12:57:01 INFO  epoch 48 evaluating [time: 0.01s, valid_score: 0.048800]
Tue 11 Aug 2026 12:57:01 INFO  valid result: 
recall@10 : 0.1107    recall@50 : 0.4032    recall@100 : 0.668    ndcg@10 : 0.0488    ndcg@50 : 0.1113    ndcg@100 : 0.1537
Tue 11 Aug 2026 12:57:01 INFO  Saving current: /projects/PROJECT_ALLOC/R-project/results/anchor/All_Beauty/_ckpt/SASRec-Aug-11-2026_12-56-56.pth
Tue 11 Aug 2026 12:57:01 INFO  epoch 49 training [time: 0.05s, train loss: 4.8155]
Tue 11 Aug 2026 12:57:01 INFO  epoch 49 evaluating [time: 0.01s, valid_score: 0.049100]
Tue 11 Aug 2026 12:57:01 INFO  valid result: 
recall@10 : 0.1107    recall@50 : 0.3953    recall@100 : 0.6719    ndcg@10 : 0.0491    ndcg@50 : 0.1102    ndcg@100 : 0.1546
Tue 11 Aug 2026 12:57:01 INFO  Saving current: /projects/PROJECT_ALLOC/R-project/results/anchor/All_Beauty/_ckpt/SASRec-Aug-11-2026_12-56-56.pth
Tue 11 Aug 2026 12:57:01 INFO  epoch 50 training [time: 0.05s, train loss: 4.7886]
Tue 11 Aug 2026 12:57:01 INFO  epoch 50 evaluating [time: 0.01s, valid_score: 0.047900]
Tue 11 Aug 2026 12:57:01 INFO  valid result: 
recall@10 : 0.1067    recall@50 : 0.3913    recall@100 : 0.6719    ndcg@10 : 0.0479    ndcg@50 : 0.1095    ndcg@100 : 0.1546
Tue 11 Aug 2026 12:57:01 INFO  epoch 51 training [time: 0.05s, train loss: 4.7831]
Tue 11 Aug 2026 12:57:01 INFO  epoch 51 evaluating [time: 0.01s, valid_score: 0.050400]
Tue 11 Aug 2026 12:57:01 INFO  valid result: 
recall@10 : 0.1107    recall@50 : 0.3953    recall@100 : 0.668    ndcg@10 : 0.0504    ndcg@50 : 0.1116    ndcg@100 : 0.1555
Tue 11 Aug 2026 12:57:01 INFO  Saving current: /projects/PROJECT_ALLOC/R-project/results/anchor/All_Beauty/_ckpt/SASRec-Aug-11-2026_12-56-56.pth
Tue 11 Aug 2026 12:57:01 INFO  epoch 52 training [time: 0.05s, train loss: 4.7477]
Tue 11 Aug 2026 12:57:01 INFO  epoch 52 evaluating [time: 0.01s, valid_score: 0.051700]
Tue 11 Aug 2026 12:57:01 INFO  valid result: 
recall@10 : 0.1146    recall@50 : 0.3992    recall@100 : 0.6719    ndcg@10 : 0.0517    ndcg@50 : 0.1126    ndcg@100 : 0.1564
Tue 11 Aug 2026 12:57:01 INFO  Saving current: /projects/PROJECT_ALLOC/R-project/results/anchor/All_Beauty/_ckpt/SASRec-Aug-11-2026_12-56-56.pth
Tue 11 Aug 2026 12:57:01 INFO  epoch 53 training [time: 0.05s, train loss: 4.7376]
Tue 11 Aug 2026 12:57:01 INFO  epoch 53 evaluating [time: 0.01s, valid_score: 0.050600]
Tue 11 Aug 2026 12:57:01 INFO  valid result: 
recall@10 : 0.1107    recall@50 : 0.3953    recall@100 : 0.6798    ndcg@10 : 0.0506    ndcg@50 : 0.1119    ndcg@100 : 0.1577
Tue 11 Aug 2026 12:57:01 INFO  epoch 54 training [time: 0.05s, train loss: 4.7107]
Tue 11 Aug 2026 12:57:01 INFO  epoch 54 evaluating [time: 0.01s, valid_score: 0.048500]
Tue 11 Aug 2026 12:57:01 INFO  valid result: 
recall@10 : 0.1028    recall@50 : 0.3992    recall@100 : 0.6917    ndcg@10 : 0.0485    ndcg@50 : 0.1129    ndcg@100 : 0.1599
Tue 11 Aug 2026 12:57:01 INFO  epoch 55 training [time: 0.05s, train loss: 4.7008]
Tue 11 Aug 2026 12:57:01 INFO  epoch 55 evaluating [time: 0.01s, valid_score: 0.046400]
Tue 11 Aug 2026 12:57:01 INFO  valid result: 
recall@10 : 0.0988    recall@50 : 0.4032    recall@100 : 0.6957    ndcg@10 : 0.0464    ndcg@50 : 0.1128    ndcg@100 : 0.1598
Tue 11 Aug 2026 12:57:01 INFO  epoch 56 training [time: 0.05s, train loss: 4.6763]
Tue 11 Aug 2026 12:57:01 INFO  epoch 56 evaluating [time: 0.01s, valid_score: 0.046600]
Tue 11 Aug 2026 12:57:01 INFO  valid result: 
recall@10 : 0.0949    recall@50 : 0.4032    recall@100 : 0.6957    ndcg@10 : 0.0466    ndcg@50 : 0.1144    ndcg@100 : 0.1613
Tue 11 Aug 2026 12:57:01 INFO  epoch 57 training [time: 0.05s, train loss: 4.6642]
Tue 11 Aug 2026 12:57:01 INFO  epoch 57 evaluating [time: 0.01s, valid_score: 0.046600]
Tue 11 Aug 2026 12:57:01 INFO  valid result: 
recall@10 : 0.0949    recall@50 : 0.4111    recall@100 : 0.6996    ndcg@10 : 0.0466    ndcg@50 : 0.1156    ndcg@100 : 0.1618
Tue 11 Aug 2026 12:57:01 INFO  epoch 58 training [time: 0.05s, train loss: 4.6374]
Tue 11 Aug 2026 12:57:01 INFO  epoch 58 evaluating [time: 0.01s, valid_score: 0.047600]
Tue 11 Aug 2026 12:57:01 INFO  valid result: 
recall@10 : 0.0988    recall@50 : 0.4071    recall@100 : 0.6996    ndcg@10 : 0.0476    ndcg@50 : 0.1148    ndcg@100 : 0.1618
Tue 11 Aug 2026 12:57:02 INFO  epoch 59 training [time: 0.05s, train loss: 4.6245]
Tue 11 Aug 2026 12:57:02 INFO  epoch 59 evaluating [time: 0.01s, valid_score: 0.049800]
Tue 11 Aug 2026 12:57:02 INFO  valid result: 
recall@10 : 0.1067    recall@50 : 0.4111    recall@100 : 0.7115    ndcg@10 : 0.0498    ndcg@50 : 0.1157    ndcg@100 : 0.1638
Tue 11 Aug 2026 12:57:02 INFO  epoch 60 training [time: 0.05s, train loss: 4.6094]
Tue 11 Aug 2026 12:57:02 INFO  epoch 60 evaluating [time: 0.01s, valid_score: 0.050000]
Tue 11 Aug 2026 12:57:02 INFO  valid result: 
recall@10 : 0.1067    recall@50 : 0.4111    recall@100 : 0.6996    ndcg@10 : 0.05    ndcg@50 : 0.116    ndcg@100 : 0.1624
Tue 11 Aug 2026 12:57:02 INFO  epoch 61 training [time: 0.05s, train loss: 4.5915]
Tue 11 Aug 2026 12:57:02 INFO  epoch 61 evaluating [time: 0.01s, valid_score: 0.052300]
Tue 11 Aug 2026 12:57:02 INFO  valid result: 
recall@10 : 0.1146    recall@50 : 0.415    recall@100 : 0.7115    ndcg@10 : 0.0523    ndcg@50 : 0.117    ndcg@100 : 0.1646
Tue 11 Aug 2026 12:57:02 INFO  Saving current: /projects/PROJECT_ALLOC/R-project/results/anchor/All_Beauty/_ckpt/SASRec-Aug-11-2026_12-56-56.pth
Tue 11 Aug 2026 12:57:02 INFO  epoch 62 training [time: 0.05s, train loss: 4.5687]
Tue 11 Aug 2026 12:57:02 INFO  epoch 62 evaluating [time: 0.01s, valid_score: 0.052600]
Tue 11 Aug 2026 12:57:02 INFO  valid result: 
recall@10 : 0.1146    recall@50 : 0.415    recall@100 : 0.7115    ndcg@10 : 0.0526    ndcg@50 : 0.1173    ndcg@100 : 0.1651
Tue 11 Aug 2026 12:57:02 INFO  Saving current: /projects/PROJECT_ALLOC/R-project/results/anchor/All_Beauty/_ckpt/SASRec-Aug-11-2026_12-56-56.pth
Tue 11 Aug 2026 12:57:02 INFO  epoch 63 training [time: 0.05s, train loss: 4.5489]
Tue 11 Aug 2026 12:57:02 INFO  epoch 63 evaluating [time: 0.01s, valid_score: 0.054300]
Tue 11 Aug 2026 12:57:02 INFO  valid result: 
recall@10 : 0.1186    recall@50 : 0.415    recall@100 : 0.7115    ndcg@10 : 0.0543    ndcg@50 : 0.1179    ndcg@100 : 0.1658
Tue 11 Aug 2026 12:57:02 INFO  Saving current: /projects/PROJECT_ALLOC/R-project/results/anchor/All_Beauty/_ckpt/SASRec-Aug-11-2026_12-56-56.pth
Tue 11 Aug 2026 12:57:02 INFO  epoch 64 training [time: 0.05s, train loss: 4.5420]
Tue 11 Aug 2026 12:57:02 INFO  epoch 64 evaluating [time: 0.01s, valid_score: 0.054500]
Tue 11 Aug 2026 12:57:02 INFO  valid result: 
recall@10 : 0.1186    recall@50 : 0.4269    recall@100 : 0.7075    ndcg@10 : 0.0545    ndcg@50 : 0.1202    ndcg@100 : 0.1655
Tue 11 Aug 2026 12:57:02 INFO  Saving current: /projects/PROJECT_ALLOC/R-project/results/anchor/All_Beauty/_ckpt/SASRec-Aug-11-2026_12-56-56.pth
Tue 11 Aug 2026 12:57:02 INFO  epoch 65 training [time: 0.05s, train loss: 4.5111]
Tue 11 Aug 2026 12:57:02 INFO  epoch 65 evaluating [time: 0.01s, valid_score: 0.055800]
Tue 11 Aug 2026 12:57:02 INFO  valid result: 
recall@10 : 0.1186    recall@50 : 0.4348    recall@100 : 0.7075    ndcg@10 : 0.0558    ndcg@50 : 0.1232    ndcg@100 : 0.1671
Tue 11 Aug 2026 12:57:02 INFO  Saving current: /projects/PROJECT_ALLOC/R-project/results/anchor/All_Beauty/_ckpt/SASRec-Aug-11-2026_12-56-56.pth
Tue 11 Aug 2026 12:57:02 INFO  epoch 66 training [time: 0.05s, train loss: 4.5099]
Tue 11 Aug 2026 12:57:02 INFO  epoch 66 evaluating [time: 0.01s, valid_score: 0.056200]
Tue 11 Aug 2026 12:57:02 INFO  valid result: 
recall@10 : 0.1186    recall@50 : 0.4348    recall@100 : 0.7036    ndcg@10 : 0.0562    ndcg@50 : 0.1236    ndcg@100 : 0.167
Tue 11 Aug 2026 12:57:02 INFO  Saving current: /projects/PROJECT_ALLOC/R-project/results/anchor/All_Beauty/_ckpt/SASRec-Aug-11-2026_12-56-56.pth
Tue 11 Aug 2026 12:57:02 INFO  epoch 67 training [time: 0.05s, train loss: 4.4913]
Tue 11 Aug 2026 12:57:02 INFO  epoch 67 evaluating [time: 0.01s, valid_score: 0.057200]
Tue 11 Aug 2026 12:57:02 INFO  valid result: 
recall@10 : 0.1225    recall@50 : 0.4348    recall@100 : 0.6996    ndcg@10 : 0.0572    ndcg@50 : 0.1237    ndcg@100 : 0.1665
Tue 11 Aug 2026 12:57:02 INFO  Saving current: /projects/PROJECT_ALLOC/R-project/results/anchor/All_Beauty/_ckpt/SASRec-Aug-11-2026_12-56-56.pth
Tue 11 Aug 2026 12:57:02 INFO  epoch 68 training [time: 0.05s, train loss: 4.4728]
Tue 11 Aug 2026 12:57:02 INFO  epoch 68 evaluating [time: 0.01s, valid_score: 0.055900]
Tue 11 Aug 2026 12:57:02 INFO  valid result: 
recall@10 : 0.1186    recall@50 : 0.4348    recall@100 : 0.7036    ndcg@10 : 0.0559    ndcg@50 : 0.1236    ndcg@100 : 0.1671
Tue 11 Aug 2026 12:57:02 INFO  epoch 69 training [time: 0.05s, train loss: 4.4521]
Tue 11 Aug 2026 12:57:02 INFO  epoch 69 evaluating [time: 0.01s, valid_score: 0.055900]
Tue 11 Aug 2026 12:57:02 INFO  valid result: 
recall@10 : 0.1186    recall@50 : 0.4348    recall@100 : 0.7115    ndcg@10 : 0.0559    ndcg@50 : 0.1237    ndcg@100 : 0.1684
Tue 11 Aug 2026 12:57:02 INFO  epoch 70 training [time: 0.05s, train loss: 4.4423]
Tue 11 Aug 2026 12:57:02 INFO  epoch 70 evaluating [time: 0.01s, valid_score: 0.055500]
Tue 11 Aug 2026 12:57:02 INFO  valid result: 
recall@10 : 0.1186    recall@50 : 0.4427    recall@100 : 0.7075    ndcg@10 : 0.0555    ndcg@50 : 0.1247    ndcg@100 : 0.1675
Tue 11 Aug 2026 12:57:02 INFO  epoch 71 training [time: 0.05s, train loss: 4.4249]
Tue 11 Aug 2026 12:57:02 INFO  epoch 71 evaluating [time: 0.01s, valid_score: 0.057400]
Tue 11 Aug 2026 12:57:02 INFO  valid result: 
recall@10 : 0.1225    recall@50 : 0.4387    recall@100 : 0.7075    ndcg@10 : 0.0574    ndcg@50 : 0.1249    ndcg@100 : 0.1684
Tue 11 Aug 2026 12:57:02 INFO  Saving current: /projects/PROJECT_ALLOC/R-project/results/anchor/All_Beauty/_ckpt/SASRec-Aug-11-2026_12-56-56.pth
Tue 11 Aug 2026 12:57:02 INFO  epoch 72 training [time: 0.05s, train loss: 4.4072]
Tue 11 Aug 2026 12:57:02 INFO  epoch 72 evaluating [time: 0.01s, valid_score: 0.057400]
Tue 11 Aug 2026 12:57:02 INFO  valid result: 
recall@10 : 0.1225    recall@50 : 0.4427    recall@100 : 0.7115    ndcg@10 : 0.0574    ndcg@50 : 0.1255    ndcg@100 : 0.169
Tue 11 Aug 2026 12:57:02 INFO  Saving current: /projects/PROJECT_ALLOC/R-project/results/anchor/All_Beauty/_ckpt/SASRec-Aug-11-2026_12-56-56.pth
Tue 11 Aug 2026 12:57:02 INFO  epoch 73 training [time: 0.05s, train loss: 4.3960]
Tue 11 Aug 2026 12:57:02 INFO  epoch 73 evaluating [time: 0.01s, valid_score: 0.057400]
Tue 11 Aug 2026 12:57:02 INFO  valid result: 
recall@10 : 0.1225    recall@50 : 0.4466    recall@100 : 0.7115    ndcg@10 : 0.0574    ndcg@50 : 0.1262    ndcg@100 : 0.169
Tue 11 Aug 2026 12:57:02 INFO  Saving current: /projects/PROJECT_ALLOC/R-project/results/anchor/All_Beauty/_ckpt/SASRec-Aug-11-2026_12-56-56.pth
Tue 11 Aug 2026 12:57:02 INFO  epoch 74 training [time: 0.05s, train loss: 4.3820]
Tue 11 Aug 2026 12:57:02 INFO  epoch 74 evaluating [time: 0.01s, valid_score: 0.058100]
Tue 11 Aug 2026 12:57:02 INFO  valid result: 
recall@10 : 0.1225    recall@50 : 0.4466    recall@100 : 0.7154    ndcg@10 : 0.0581    ndcg@50 : 0.1269    ndcg@100 : 0.1703
Tue 11 Aug 2026 12:57:03 INFO  Saving current: /projects/PROJECT_ALLOC/R-project/results/anchor/All_Beauty/_ckpt/SASRec-Aug-11-2026_12-56-56.pth
Tue 11 Aug 2026 12:57:03 INFO  epoch 75 training [time: 0.05s, train loss: 4.3669]
Tue 11 Aug 2026 12:57:03 INFO  epoch 75 evaluating [time: 0.01s, valid_score: 0.058000]
Tue 11 Aug 2026 12:57:03 INFO  valid result: 
recall@10 : 0.1225    recall@50 : 0.4506    recall@100 : 0.7154    ndcg@10 : 0.058    ndcg@50 : 0.1274    ndcg@100 : 0.1702
Tue 11 Aug 2026 12:57:03 INFO  epoch 76 training [time: 0.05s, train loss: 4.3415]
Tue 11 Aug 2026 12:57:03 INFO  epoch 76 evaluating [time: 0.01s, valid_score: 0.058100]
Tue 11 Aug 2026 12:57:03 INFO  valid result: 
recall@10 : 0.1225    recall@50 : 0.4545    recall@100 : 0.7233    ndcg@10 : 0.0581    ndcg@50 : 0.1282    ndcg@100 : 0.1714
Tue 11 Aug 2026 12:57:03 INFO  Saving current: /projects/PROJECT_ALLOC/R-project/results/anchor/All_Beauty/_ckpt/SASRec-Aug-11-2026_12-56-56.pth
Tue 11 Aug 2026 12:57:03 INFO  epoch 77 training [time: 0.05s, train loss: 4.3425]
Tue 11 Aug 2026 12:57:03 INFO  epoch 77 evaluating [time: 0.01s, valid_score: 0.057800]
Tue 11 Aug 2026 12:57:03 INFO  valid result: 
recall@10 : 0.1225    recall@50 : 0.4545    recall@100 : 0.7312    ndcg@10 : 0.0578    ndcg@50 : 0.128    ndcg@100 : 0.1725
Tue 11 Aug 2026 12:57:03 INFO  epoch 78 training [time: 0.05s, train loss: 4.3310]
Tue 11 Aug 2026 12:57:03 INFO  epoch 78 evaluating [time: 0.01s, valid_score: 0.059800]
Tue 11 Aug 2026 12:57:03 INFO  valid result: 
recall@10 : 0.1225    recall@50 : 0.4545    recall@100 : 0.7312    ndcg@10 : 0.0598    ndcg@50 : 0.1301    ndcg@100 : 0.1746
Tue 11 Aug 2026 12:57:03 INFO  Saving current: /projects/PROJECT_ALLOC/R-project/results/anchor/All_Beauty/_ckpt/SASRec-Aug-11-2026_12-56-56.pth
Tue 11 Aug 2026 12:57:03 INFO  epoch 79 training [time: 0.05s, train loss: 4.3055]
Tue 11 Aug 2026 12:57:03 INFO  epoch 79 evaluating [time: 0.01s, valid_score: 0.060300]
Tue 11 Aug 2026 12:57:03 INFO  valid result: 
recall@10 : 0.1225    recall@50 : 0.4506    recall@100 : 0.7273    ndcg@10 : 0.0603    ndcg@50 : 0.13    ndcg@100 : 0.1747
Tue 11 Aug 2026 12:57:03 INFO  Saving current: /projects/PROJECT_ALLOC/R-project/results/anchor/All_Beauty/_ckpt/SASRec-Aug-11-2026_12-56-56.pth
Tue 11 Aug 2026 12:57:03 INFO  epoch 80 training [time: 0.05s, train loss: 4.2915]
Tue 11 Aug 2026 12:57:03 INFO  epoch 80 evaluating [time: 0.01s, valid_score: 0.062000]
Tue 11 Aug 2026 12:57:03 INFO  valid result: 
recall@10 : 0.1225    recall@50 : 0.4506    recall@100 : 0.7273    ndcg@10 : 0.062    ndcg@50 : 0.1319    ndcg@100 : 0.1766
Tue 11 Aug 2026 12:57:03 INFO  Saving current: /projects/PROJECT_ALLOC/R-project/results/anchor/All_Beauty/_ckpt/SASRec-Aug-11-2026_12-56-56.pth
Tue 11 Aug 2026 12:57:03 INFO  epoch 81 training [time: 0.05s, train loss: 4.2755]
Tue 11 Aug 2026 12:57:03 INFO  epoch 81 evaluating [time: 0.01s, valid_score: 0.061900]
Tue 11 Aug 2026 12:57:03 INFO  valid result: 
recall@10 : 0.1225    recall@50 : 0.4506    recall@100 : 0.7352    ndcg@10 : 0.0619    ndcg@50 : 0.1319    ndcg@100 : 0.1779
Tue 11 Aug 2026 12:57:03 INFO  epoch 82 training [time: 0.05s, train loss: 4.2690]
Tue 11 Aug 2026 12:57:03 INFO  epoch 82 evaluating [time: 0.01s, valid_score: 0.063000]
Tue 11 Aug 2026 12:57:03 INFO  valid result: 
recall@10 : 0.1265    recall@50 : 0.4506    recall@100 : 0.7312    ndcg@10 : 0.063    ndcg@50 : 0.1321    ndcg@100 : 0.1775
Tue 11 Aug 2026 12:57:03 INFO  Saving current: /projects/PROJECT_ALLOC/R-project/results/anchor/All_Beauty/_ckpt/SASRec-Aug-11-2026_12-56-56.pth
Tue 11 Aug 2026 12:57:03 INFO  epoch 83 training [time: 0.05s, train loss: 4.2500]
Tue 11 Aug 2026 12:57:03 INFO  epoch 83 evaluating [time: 0.01s, valid_score: 0.063000]
Tue 11 Aug 2026 12:57:03 INFO  valid result: 
recall@10 : 0.1265    recall@50 : 0.4585    recall@100 : 0.7312    ndcg@10 : 0.063    ndcg@50 : 0.1335    ndcg@100 : 0.1776
Tue 11 Aug 2026 12:57:03 INFO  Saving current: /projects/PROJECT_ALLOC/R-project/results/anchor/All_Beauty/_ckpt/SASRec-Aug-11-2026_12-56-56.pth
Tue 11 Aug 2026 12:57:03 INFO  epoch 84 training [time: 0.05s, train loss: 4.2325]
Tue 11 Aug 2026 12:57:03 INFO  epoch 84 evaluating [time: 0.01s, valid_score: 0.062800]
Tue 11 Aug 2026 12:57:03 INFO  valid result: 
recall@10 : 0.1265    recall@50 : 0.4545    recall@100 : 0.7312    ndcg@10 : 0.0628    ndcg@50 : 0.1327    ndcg@100 : 0.1775
Tue 11 Aug 2026 12:57:03 INFO  epoch 85 training [time: 0.05s, train loss: 4.2295]
Tue 11 Aug 2026 12:57:03 INFO  epoch 85 evaluating [time: 0.01s, valid_score: 0.064200]
Tue 11 Aug 2026 12:57:03 INFO  valid result: 
recall@10 : 0.1304    recall@50 : 0.4545    recall@100 : 0.7391    ndcg@10 : 0.0642    ndcg@50 : 0.133    ndcg@100 : 0.179
Tue 11 Aug 2026 12:57:03 INFO  Saving current: /projects/PROJECT_ALLOC/R-project/results/anchor/All_Beauty/_ckpt/SASRec-Aug-11-2026_12-56-56.pth
Tue 11 Aug 2026 12:57:03 INFO  epoch 86 training [time: 0.05s, train loss: 4.2265]
Tue 11 Aug 2026 12:57:03 INFO  epoch 86 evaluating [time: 0.01s, valid_score: 0.064700]
Tue 11 Aug 2026 12:57:03 INFO  valid result: 
recall@10 : 0.1304    recall@50 : 0.4585    recall@100 : 0.7391    ndcg@10 : 0.0647    ndcg@50 : 0.1343    ndcg@100 : 0.1796
Tue 11 Aug 2026 12:57:03 INFO  Saving current: /projects/PROJECT_ALLOC/R-project/results/anchor/All_Beauty/_ckpt/SASRec-Aug-11-2026_12-56-56.pth
Tue 11 Aug 2026 12:57:03 INFO  epoch 87 training [time: 0.05s, train loss: 4.1839]
Tue 11 Aug 2026 12:57:03 INFO  epoch 87 evaluating [time: 0.01s, valid_score: 0.064200]
Tue 11 Aug 2026 12:57:03 INFO  valid result: 
recall@10 : 0.1304    recall@50 : 0.4585    recall@100 : 0.7391    ndcg@10 : 0.0642    ndcg@50 : 0.1339    ndcg@100 : 0.1793
Tue 11 Aug 2026 12:57:03 INFO  epoch 88 training [time: 0.05s, train loss: 4.1904]
Tue 11 Aug 2026 12:57:03 INFO  epoch 88 evaluating [time: 0.01s, valid_score: 0.062700]
Tue 11 Aug 2026 12:57:03 INFO  valid result: 
recall@10 : 0.1265    recall@50 : 0.4545    recall@100 : 0.7391    ndcg@10 : 0.0627    ndcg@50 : 0.1328    ndcg@100 : 0.1789
Tue 11 Aug 2026 12:57:03 INFO  epoch 89 training [time: 0.05s, train loss: 4.1818]
Tue 11 Aug 2026 12:57:03 INFO  epoch 89 evaluating [time: 0.01s, valid_score: 0.063800]
Tue 11 Aug 2026 12:57:03 INFO  valid result: 
recall@10 : 0.1304    recall@50 : 0.4506    recall@100 : 0.7391    ndcg@10 : 0.0638    ndcg@50 : 0.1322    ndcg@100 : 0.179
Tue 11 Aug 2026 12:57:04 INFO  epoch 90 training [time: 0.05s, train loss: 4.1699]
Tue 11 Aug 2026 12:57:04 INFO  epoch 90 evaluating [time: 0.01s, valid_score: 0.066200]
Tue 11 Aug 2026 12:57:04 INFO  valid result: 
recall@10 : 0.1383    recall@50 : 0.4545    recall@100 : 0.7431    ndcg@10 : 0.0662    ndcg@50 : 0.133    ndcg@100 : 0.1798
Tue 11 Aug 2026 12:57:04 INFO  Saving current: /projects/PROJECT_ALLOC/R-project/results/anchor/All_Beauty/_ckpt/SASRec-Aug-11-2026_12-56-56.pth
Tue 11 Aug 2026 12:57:04 INFO  epoch 91 training [time: 0.05s, train loss: 4.1604]
Tue 11 Aug 2026 12:57:04 INFO  epoch 91 evaluating [time: 0.01s, valid_score: 0.066400]
Tue 11 Aug 2026 12:57:04 INFO  valid result: 
recall@10 : 0.1383    recall@50 : 0.4545    recall@100 : 0.7431    ndcg@10 : 0.0664    ndcg@50 : 0.1332    ndcg@100 : 0.18
Tue 11 Aug 2026 12:57:04 INFO  Saving current: /projects/PROJECT_ALLOC/R-project/results/anchor/All_Beauty/_ckpt/SASRec-Aug-11-2026_12-56-56.pth
Tue 11 Aug 2026 12:57:04 INFO  epoch 92 training [time: 0.05s, train loss: 4.1456]
Tue 11 Aug 2026 12:57:04 INFO  epoch 92 evaluating [time: 0.01s, valid_score: 0.064100]
Tue 11 Aug 2026 12:57:04 INFO  valid result: 
recall@10 : 0.1304    recall@50 : 0.4545    recall@100 : 0.747    ndcg@10 : 0.0641    ndcg@50 : 0.133    ndcg@100 : 0.1804
Tue 11 Aug 2026 12:57:04 INFO  epoch 93 training [time: 0.05s, train loss: 4.1227]
Tue 11 Aug 2026 12:57:04 INFO  epoch 93 evaluating [time: 0.01s, valid_score: 0.064200]
Tue 11 Aug 2026 12:57:04 INFO  valid result: 
recall@10 : 0.1304    recall@50 : 0.4545    recall@100 : 0.747    ndcg@10 : 0.0642    ndcg@50 : 0.1331    ndcg@100 : 0.1806
Tue 11 Aug 2026 12:57:04 INFO  epoch 94 training [time: 0.05s, train loss: 4.1079]
Tue 11 Aug 2026 12:57:04 INFO  epoch 94 evaluating [time: 0.01s, valid_score: 0.062900]
Tue 11 Aug 2026 12:57:04 INFO  valid result: 
recall@10 : 0.1265    recall@50 : 0.4545    recall@100 : 0.747    ndcg@10 : 0.0629    ndcg@50 : 0.1329    ndcg@100 : 0.1804
Tue 11 Aug 2026 12:57:04 INFO  epoch 95 training [time: 0.05s, train loss: 4.0988]
Tue 11 Aug 2026 12:57:04 INFO  epoch 95 evaluating [time: 0.01s, valid_score: 0.062800]
Tue 11 Aug 2026 12:57:04 INFO  valid result: 
recall@10 : 0.1265    recall@50 : 0.4545    recall@100 : 0.747    ndcg@10 : 0.0628    ndcg@50 : 0.1329    ndcg@100 : 0.1804
Tue 11 Aug 2026 12:57:04 INFO  epoch 96 training [time: 0.05s, train loss: 4.0901]
Tue 11 Aug 2026 12:57:04 INFO  epoch 96 evaluating [time: 0.01s, valid_score: 0.064000]
Tue 11 Aug 2026 12:57:04 INFO  valid result: 
recall@10 : 0.1304    recall@50 : 0.4585    recall@100 : 0.747    ndcg@10 : 0.064    ndcg@50 : 0.1338    ndcg@100 : 0.1806
Tue 11 Aug 2026 12:57:04 INFO  epoch 97 training [time: 0.05s, train loss: 4.0830]
Tue 11 Aug 2026 12:57:04 INFO  epoch 97 evaluating [time: 0.01s, valid_score: 0.064100]
Tue 11 Aug 2026 12:57:04 INFO  valid result: 
recall@10 : 0.1304    recall@50 : 0.4585    recall@100 : 0.747    ndcg@10 : 0.0641    ndcg@50 : 0.1339    ndcg@100 : 0.1808
Tue 11 Aug 2026 12:57:04 INFO  epoch 98 training [time: 0.05s, train loss: 4.0658]
Tue 11 Aug 2026 12:57:04 INFO  epoch 98 evaluating [time: 0.01s, valid_score: 0.063800]
Tue 11 Aug 2026 12:57:04 INFO  valid result: 
recall@10 : 0.1304    recall@50 : 0.4625    recall@100 : 0.747    ndcg@10 : 0.0638    ndcg@50 : 0.1346    ndcg@100 : 0.1807
Tue 11 Aug 2026 12:57:04 INFO  epoch 99 training [time: 0.05s, train loss: 4.0558]
Tue 11 Aug 2026 12:57:04 INFO  epoch 99 evaluating [time: 0.01s, valid_score: 0.063800]
Tue 11 Aug 2026 12:57:04 INFO  valid result: 
recall@10 : 0.1304    recall@50 : 0.4625    recall@100 : 0.7549    ndcg@10 : 0.0638    ndcg@50 : 0.1344    ndcg@100 : 0.1818
Tue 11 Aug 2026 12:57:04 INFO  epoch 100 training [time: 0.05s, train loss: 4.0531]
Tue 11 Aug 2026 12:57:04 INFO  epoch 100 evaluating [time: 0.01s, valid_score: 0.063900]
Tue 11 Aug 2026 12:57:04 INFO  valid result: 
recall@10 : 0.1304    recall@50 : 0.4585    recall@100 : 0.7589    ndcg@10 : 0.0639    ndcg@50 : 0.1339    ndcg@100 : 0.1826
Tue 11 Aug 2026 12:57:04 INFO  epoch 101 training [time: 0.05s, train loss: 4.0131]
Tue 11 Aug 2026 12:57:04 INFO  epoch 101 evaluating [time: 0.01s, valid_score: 0.065400]
Tue 11 Aug 2026 12:57:04 INFO  valid result: 
recall@10 : 0.1344    recall@50 : 0.4545    recall@100 : 0.7589    ndcg@10 : 0.0654    ndcg@50 : 0.1335    ndcg@100 : 0.1828
Tue 11 Aug 2026 12:57:04 INFO  epoch 102 training [time: 0.05s, train loss: 4.0115]
Tue 11 Aug 2026 12:57:04 INFO  epoch 102 evaluating [time: 0.01s, valid_score: 0.065400]
Tue 11 Aug 2026 12:57:04 INFO  valid result: 
recall@10 : 0.1344    recall@50 : 0.4545    recall@100 : 0.7589    ndcg@10 : 0.0654    ndcg@50 : 0.1335    ndcg@100 : 0.1828
Tue 11 Aug 2026 12:57:04 INFO  Finished training, best eval result in epoch 91
Tue 11 Aug 2026 12:57:04 INFO  Loading model structure and parameters from /projects/PROJECT_ALLOC/R-project/results/anchor/All_Beauty/_ckpt/SASRec-Aug-11-2026_12-56-56.pth
Tue 11 Aug 2026 12:57:04 WARNING  command line args [--category All_Beauty --legs pop,itemknn,sasrec,sasrec_len20] will not be used in RecBole
Tue 11 Aug 2026 12:57:04 INFO  [Training]: train_batch_size = [2048] train_neg_sample_args: [{'distribution': 'none', 'sample_num': 'none', 'alpha': 'none', 'dynamic': False, 'candidate_num': 0}]
Tue 11 Aug 2026 12:57:04 INFO  [Evaluation]: eval_batch_size = [4096] eval_args: [{'split': {'LS': 'valid_and_test'}, 'order': 'TO', 'group_by': 'user', 'mode': {'valid': 'full', 'test': 'full'}}]
Tue 11 Aug 2026 12:57:05 INFO  epoch 0 training [time: 0.04s, train loss: 5.8914]
Tue 11 Aug 2026 12:57:05 INFO  epoch 0 evaluating [time: 0.01s, valid_score: 0.010900]
Tue 11 Aug 2026 12:57:05 INFO  valid result: 
recall@10 : 0.0316    recall@50 : 0.1818    recall@100 : 0.332    ndcg@10 : 0.0109    ndcg@50 : 0.0415    ndcg@100 : 0.0658
Tue 11 Aug 2026 12:57:05 INFO  Saving current: /projects/PROJECT_ALLOC/R-project/results/anchor/All_Beauty/_ckpt/SASRec-Aug-11-2026_12-57-04.pth
Tue 11 Aug 2026 12:57:05 INFO  epoch 1 training [time: 0.04s, train loss: 5.8769]
Tue 11 Aug 2026 12:57:05 INFO  epoch 1 evaluating [time: 0.01s, valid_score: 0.011100]
Tue 11 Aug 2026 12:57:05 INFO  valid result: 
recall@10 : 0.0316    recall@50 : 0.1897    recall@100 : 0.332    ndcg@10 : 0.0111    ndcg@50 : 0.0434    ndcg@100 : 0.0663
Tue 11 Aug 2026 12:57:05 INFO  Saving current: /projects/PROJECT_ALLOC/R-project/results/anchor/All_Beauty/_ckpt/SASRec-Aug-11-2026_12-57-04.pth
Tue 11 Aug 2026 12:57:05 INFO  epoch 2 training [time: 0.04s, train loss: 5.8633]
Tue 11 Aug 2026 12:57:05 INFO  epoch 2 evaluating [time: 0.01s, valid_score: 0.010900]
Tue 11 Aug 2026 12:57:05 INFO  valid result: 
recall@10 : 0.0316    recall@50 : 0.1858    recall@100 : 0.336    ndcg@10 : 0.0109    ndcg@50 : 0.0429    ndcg@100 : 0.0671
Tue 11 Aug 2026 12:57:05 INFO  epoch 3 training [time: 0.04s, train loss: 5.8420]
Tue 11 Aug 2026 12:57:05 INFO  epoch 3 evaluating [time: 0.01s, valid_score: 0.013000]
Tue 11 Aug 2026 12:57:05 INFO  valid result: 
recall@10 : 0.0356    recall@50 : 0.1818    recall@100 : 0.336    ndcg@10 : 0.013    ndcg@50 : 0.0436    ndcg@100 : 0.0686
Tue 11 Aug 2026 12:57:05 INFO  Saving current: /projects/PROJECT_ALLOC/R-project/results/anchor/All_Beauty/_ckpt/SASRec-Aug-11-2026_12-57-04.pth
Tue 11 Aug 2026 12:57:05 INFO  epoch 4 training [time: 0.04s, train loss: 5.8229]
Tue 11 Aug 2026 12:57:05 INFO  epoch 4 evaluating [time: 0.01s, valid_score: 0.010800]
Tue 11 Aug 2026 12:57:05 INFO  valid result: 
recall@10 : 0.0277    recall@50 : 0.1779    recall@100 : 0.3478    ndcg@10 : 0.0108    ndcg@50 : 0.0435    ndcg@100 : 0.0709
Tue 11 Aug 2026 12:57:05 INFO  epoch 5 training [time: 0.04s, train loss: 5.8049]
Tue 11 Aug 2026 12:57:05 INFO  epoch 5 evaluating [time: 0.01s, valid_score: 0.012100]
Tue 11 Aug 2026 12:57:05 INFO  valid result: 
recall@10 : 0.0316    recall@50 : 0.1937    recall@100 : 0.3281    ndcg@10 : 0.0121    ndcg@50 : 0.0469    ndcg@100 : 0.0687
Tue 11 Aug 2026 12:57:05 INFO  epoch 6 training [time: 0.04s, train loss: 5.7851]
Tue 11 Aug 2026 12:57:05 INFO  epoch 6 evaluating [time: 0.01s, valid_score: 0.011100]
Tue 11 Aug 2026 12:57:05 INFO  valid result: 
recall@10 : 0.0277    recall@50 : 0.1937    recall@100 : 0.3241    ndcg@10 : 0.0111    ndcg@50 : 0.0471    ndcg@100 : 0.0684
Tue 11 Aug 2026 12:57:05 INFO  epoch 7 training [time: 0.04s, train loss: 5.7661]
Tue 11 Aug 2026 12:57:05 INFO  epoch 7 evaluating [time: 0.01s, valid_score: 0.014300]
Tue 11 Aug 2026 12:57:05 INFO  valid result: 
recall@10 : 0.0395    recall@50 : 0.1976    recall@100 : 0.3439    ndcg@10 : 0.0143    ndcg@50 : 0.048    ndcg@100 : 0.0717
Tue 11 Aug 2026 12:57:05 INFO  Saving current: /projects/PROJECT_ALLOC/R-project/results/anchor/All_Beauty/_ckpt/SASRec-Aug-11-2026_12-57-04.pth
Tue 11 Aug 2026 12:57:05 INFO  epoch 8 training [time: 0.04s, train loss: 5.7438]
Tue 11 Aug 2026 12:57:05 INFO  epoch 8 evaluating [time: 0.01s, valid_score: 0.014500]
Tue 11 Aug 2026 12:57:05 INFO  valid result: 
recall@10 : 0.0395    recall@50 : 0.2095    recall@100 : 0.3518    ndcg@10 : 0.0145    ndcg@50 : 0.0509    ndcg@100 : 0.0739
Tue 11 Aug 2026 12:57:05 INFO  Saving current: /projects/PROJECT_ALLOC/R-project/results/anchor/All_Beauty/_ckpt/SASRec-Aug-11-2026_12-57-04.pth
Tue 11 Aug 2026 12:57:05 INFO  epoch 9 training [time: 0.04s, train loss: 5.7351]
Tue 11 Aug 2026 12:57:05 INFO  epoch 9 evaluating [time: 0.01s, valid_score: 0.014700]
Tue 11 Aug 2026 12:57:05 INFO  valid result: 
recall@10 : 0.0395    recall@50 : 0.2095    recall@100 : 0.3478    ndcg@10 : 0.0147    ndcg@50 : 0.0516    ndcg@100 : 0.074
Tue 11 Aug 2026 12:57:05 INFO  Saving current: /projects/PROJECT_ALLOC/R-project/results/anchor/All_Beauty/_ckpt/SASRec-Aug-11-2026_12-57-04.pth
Tue 11 Aug 2026 12:57:05 INFO  epoch 10 training [time: 0.04s, train loss: 5.7057]
Tue 11 Aug 2026 12:57:05 INFO  epoch 10 evaluating [time: 0.01s, valid_score: 0.016800]
Tue 11 Aug 2026 12:57:05 INFO  valid result: 
recall@10 : 0.0474    recall@50 : 0.2174    recall@100 : 0.3557    ndcg@10 : 0.0168    ndcg@50 : 0.0529    ndcg@100 : 0.0751
Tue 11 Aug 2026 12:57:05 INFO  Saving current: /projects/PROJECT_ALLOC/R-project/results/anchor/All_Beauty/_ckpt/SASRec-Aug-11-2026_12-57-04.pth
Tue 11 Aug 2026 12:57:05 INFO  epoch 11 training [time: 0.04s, train loss: 5.6972]
Tue 11 Aug 2026 12:57:05 INFO  epoch 11 evaluating [time: 0.01s, valid_score: 0.017400]
Tue 11 Aug 2026 12:57:05 INFO  valid result: 
recall@10 : 0.0474    recall@50 : 0.2134    recall@100 : 0.3557    ndcg@10 : 0.0174    ndcg@50 : 0.0528    ndcg@100 : 0.0759
Tue 11 Aug 2026 12:57:05 INFO  Saving current: /projects/PROJECT_ALLOC/R-project/results/anchor/All_Beauty/_ckpt/SASRec-Aug-11-2026_12-57-04.pth
Tue 11 Aug 2026 12:57:05 INFO  epoch 12 training [time: 0.04s, train loss: 5.6746]
Tue 11 Aug 2026 12:57:05 INFO  epoch 12 evaluating [time: 0.01s, valid_score: 0.014700]
Tue 11 Aug 2026 12:57:05 INFO  valid result: 
recall@10 : 0.0395    recall@50 : 0.2332    recall@100 : 0.3597    ndcg@10 : 0.0147    ndcg@50 : 0.0557    ndcg@100 : 0.0761
Tue 11 Aug 2026 12:57:05 INFO  epoch 13 training [time: 0.04s, train loss: 5.6549]
Tue 11 Aug 2026 12:57:05 INFO  epoch 13 evaluating [time: 0.01s, valid_score: 0.015100]
Tue 11 Aug 2026 12:57:05 INFO  valid result: 
recall@10 : 0.0395    recall@50 : 0.2332    recall@100 : 0.3557    ndcg@10 : 0.0151    ndcg@50 : 0.0563    ndcg@100 : 0.0761
Tue 11 Aug 2026 12:57:05 INFO  epoch 14 training [time: 0.04s, train loss: 5.6362]
Tue 11 Aug 2026 12:57:05 INFO  epoch 14 evaluating [time: 0.00s, valid_score: 0.014200]
Tue 11 Aug 2026 12:57:05 INFO  valid result: 
recall@10 : 0.0316    recall@50 : 0.2372    recall@100 : 0.3557    ndcg@10 : 0.0142    ndcg@50 : 0.0586    ndcg@100 : 0.0779
Tue 11 Aug 2026 12:57:05 INFO  epoch 15 training [time: 0.04s, train loss: 5.6173]
Tue 11 Aug 2026 12:57:05 INFO  epoch 15 evaluating [time: 0.01s, valid_score: 0.012700]
Tue 11 Aug 2026 12:57:05 INFO  valid result: 
recall@10 : 0.0316    recall@50 : 0.2411    recall@100 : 0.3597    ndcg@10 : 0.0127    ndcg@50 : 0.058    ndcg@100 : 0.0774
Tue 11 Aug 2026 12:57:05 INFO  epoch 16 training [time: 0.04s, train loss: 5.5991]
Tue 11 Aug 2026 12:57:05 INFO  epoch 16 evaluating [time: 0.01s, valid_score: 0.014600]
Tue 11 Aug 2026 12:57:05 INFO  valid result: 
recall@10 : 0.0395    recall@50 : 0.249    recall@100 : 0.3715    ndcg@10 : 0.0146    ndcg@50 : 0.0594    ndcg@100 : 0.0792
Tue 11 Aug 2026 12:57:05 INFO  epoch 17 training [time: 0.04s, train loss: 5.5720]
Tue 11 Aug 2026 12:57:05 INFO  epoch 17 evaluating [time: 0.01s, valid_score: 0.015900]
Tue 11 Aug 2026 12:57:05 INFO  valid result: 
recall@10 : 0.0435    recall@50 : 0.2569    recall@100 : 0.3834    ndcg@10 : 0.0159    ndcg@50 : 0.0612    ndcg@100 : 0.0815
Tue 11 Aug 2026 12:57:05 INFO  epoch 18 training [time: 0.04s, train loss: 5.5557]
Tue 11 Aug 2026 12:57:05 INFO  epoch 18 evaluating [time: 0.01s, valid_score: 0.015600]
Tue 11 Aug 2026 12:57:05 INFO  valid result: 
recall@10 : 0.0435    recall@50 : 0.2609    recall@100 : 0.3755    ndcg@10 : 0.0156    ndcg@50 : 0.0619    ndcg@100 : 0.0805
Tue 11 Aug 2026 12:57:06 INFO  epoch 19 training [time: 0.04s, train loss: 5.5412]
Tue 11 Aug 2026 12:57:06 INFO  epoch 19 evaluating [time: 0.01s, valid_score: 0.016900]
Tue 11 Aug 2026 12:57:06 INFO  valid result: 
recall@10 : 0.0474    recall@50 : 0.2648    recall@100 : 0.3913    ndcg@10 : 0.0169    ndcg@50 : 0.0633    ndcg@100 : 0.0837
Tue 11 Aug 2026 12:57:06 INFO  epoch 20 training [time: 0.04s, train loss: 5.5144]
Tue 11 Aug 2026 12:57:06 INFO  epoch 20 evaluating [time: 0.01s, valid_score: 0.016600]
Tue 11 Aug 2026 12:57:06 INFO  valid result: 
recall@10 : 0.0474    recall@50 : 0.2688    recall@100 : 0.3953    ndcg@10 : 0.0166    ndcg@50 : 0.0642    ndcg@100 : 0.0848
Tue 11 Aug 2026 12:57:06 INFO  epoch 21 training [time: 0.04s, train loss: 5.4976]
Tue 11 Aug 2026 12:57:06 INFO  epoch 21 evaluating [time: 0.01s, valid_score: 0.019000]
Tue 11 Aug 2026 12:57:06 INFO  valid result: 
recall@10 : 0.0553    recall@50 : 0.2806    recall@100 : 0.4071    ndcg@10 : 0.019    ndcg@50 : 0.067    ndcg@100 : 0.0874
Tue 11 Aug 2026 12:57:06 INFO  Saving current: /projects/PROJECT_ALLOC/R-project/results/anchor/All_Beauty/_ckpt/SASRec-Aug-11-2026_12-57-04.pth
Tue 11 Aug 2026 12:57:06 INFO  epoch 22 training [time: 0.04s, train loss: 5.4765]
Tue 11 Aug 2026 12:57:06 INFO  epoch 22 evaluating [time: 0.01s, valid_score: 0.022200]
Tue 11 Aug 2026 12:57:06 INFO  valid result: 
recall@10 : 0.0632    recall@50 : 0.2846    recall@100 : 0.4229    ndcg@10 : 0.0222    ndcg@50 : 0.0692    ndcg@100 : 0.0914
Tue 11 Aug 2026 12:57:06 INFO  Saving current: /projects/PROJECT_ALLOC/R-project/results/anchor/All_Beauty/_ckpt/SASRec-Aug-11-2026_12-57-04.pth
Tue 11 Aug 2026 12:57:06 INFO  epoch 23 training [time: 0.04s, train loss: 5.4508]
Tue 11 Aug 2026 12:57:06 INFO  epoch 23 evaluating [time: 0.01s, valid_score: 0.024900]
Tue 11 Aug 2026 12:57:06 INFO  valid result: 
recall@10 : 0.0711    recall@50 : 0.2925    recall@100 : 0.4348    ndcg@10 : 0.0249    ndcg@50 : 0.0716    ndcg@100 : 0.0946
Tue 11 Aug 2026 12:57:06 INFO  Saving current: /projects/PROJECT_ALLOC/R-project/results/anchor/All_Beauty/_ckpt/SASRec-Aug-11-2026_12-57-04.pth
Tue 11 Aug 2026 12:57:06 INFO  epoch 24 training [time: 0.04s, train loss: 5.4333]
Tue 11 Aug 2026 12:57:06 INFO  epoch 24 evaluating [time: 0.01s, valid_score: 0.025100]
Tue 11 Aug 2026 12:57:06 INFO  valid result: 
recall@10 : 0.0711    recall@50 : 0.2964    recall@100 : 0.4545    ndcg@10 : 0.0251    ndcg@50 : 0.0732    ndcg@100 : 0.0986
Tue 11 Aug 2026 12:57:06 INFO  Saving current: /projects/PROJECT_ALLOC/R-project/results/anchor/All_Beauty/_ckpt/SASRec-Aug-11-2026_12-57-04.pth
Tue 11 Aug 2026 12:57:06 INFO  epoch 25 training [time: 0.04s, train loss: 5.4105]
Tue 11 Aug 2026 12:57:06 INFO  epoch 25 evaluating [time: 0.01s, valid_score: 0.024900]
Tue 11 Aug 2026 12:57:06 INFO  valid result: 
recall@10 : 0.0672    recall@50 : 0.3123    recall@100 : 0.4704    ndcg@10 : 0.0249    ndcg@50 : 0.0773    ndcg@100 : 0.1027
Tue 11 Aug 2026 12:57:06 INFO  epoch 26 training [time: 0.04s, train loss: 5.3851]
Tue 11 Aug 2026 12:57:06 INFO  epoch 26 evaluating [time: 0.01s, valid_score: 0.025700]
Tue 11 Aug 2026 12:57:06 INFO  valid result: 
recall@10 : 0.0672    recall@50 : 0.3241    recall@100 : 0.4941    ndcg@10 : 0.0257    ndcg@50 : 0.0805    ndcg@100 : 0.1077
Tue 11 Aug 2026 12:57:06 INFO  Saving current: /projects/PROJECT_ALLOC/R-project/results/anchor/All_Beauty/_ckpt/SASRec-Aug-11-2026_12-57-04.pth
Tue 11 Aug 2026 12:57:06 INFO  epoch 27 training [time: 0.04s, train loss: 5.3634]
Tue 11 Aug 2026 12:57:06 INFO  epoch 27 evaluating [time: 0.01s, valid_score: 0.027400]
Tue 11 Aug 2026 12:57:06 INFO  valid result: 
recall@10 : 0.0711    recall@50 : 0.3399    recall@100 : 0.498    ndcg@10 : 0.0274    ndcg@50 : 0.0848    ndcg@100 : 0.11
Tue 11 Aug 2026 12:57:06 INFO  Saving current: /projects/PROJECT_ALLOC/R-project/results/anchor/All_Beauty/_ckpt/SASRec-Aug-11-2026_12-57-04.pth
Tue 11 Aug 2026 12:57:06 INFO  epoch 28 training [time: 0.04s, train loss: 5.3332]
Tue 11 Aug 2026 12:57:06 INFO  epoch 28 evaluating [time: 0.01s, valid_score: 0.026300]
Tue 11 Aug 2026 12:57:06 INFO  valid result: 
recall@10 : 0.0672    recall@50 : 0.3478    recall@100 : 0.498    ndcg@10 : 0.0263    ndcg@50 : 0.0865    ndcg@100 : 0.1105
Tue 11 Aug 2026 12:57:06 INFO  epoch 29 training [time: 0.04s, train loss: 5.3084]
Tue 11 Aug 2026 12:57:06 INFO  epoch 29 evaluating [time: 0.01s, valid_score: 0.029100]
Tue 11 Aug 2026 12:57:06 INFO  valid result: 
recall@10 : 0.0751    recall@50 : 0.3557    recall@100 : 0.5099    ndcg@10 : 0.0291    ndcg@50 : 0.0889    ndcg@100 : 0.1136
Tue 11 Aug 2026 12:57:06 INFO  Saving current: /projects/PROJECT_ALLOC/R-project/results/anchor/All_Beauty/_ckpt/SASRec-Aug-11-2026_12-57-04.pth
Tue 11 Aug 2026 12:57:06 INFO  epoch 30 training [time: 0.04s, train loss: 5.2849]
Tue 11 Aug 2026 12:57:06 INFO  epoch 30 evaluating [time: 0.01s, valid_score: 0.029800]
Tue 11 Aug 2026 12:57:06 INFO  valid result: 
recall@10 : 0.0751    recall@50 : 0.3597    recall@100 : 0.5217    ndcg@10 : 0.0298    ndcg@50 : 0.0907    ndcg@100 : 0.1166
Tue 11 Aug 2026 12:57:06 INFO  Saving current: /projects/PROJECT_ALLOC/R-project/results/anchor/All_Beauty/_ckpt/SASRec-Aug-11-2026_12-57-04.pth
Tue 11 Aug 2026 12:57:06 INFO  epoch 31 training [time: 0.04s, train loss: 5.2590]
Tue 11 Aug 2026 12:57:06 INFO  epoch 31 evaluating [time: 0.01s, valid_score: 0.030300]
Tue 11 Aug 2026 12:57:06 INFO  valid result: 
recall@10 : 0.0751    recall@50 : 0.3597    recall@100 : 0.5494    ndcg@10 : 0.0303    ndcg@50 : 0.0916    ndcg@100 : 0.122
Tue 11 Aug 2026 12:57:06 INFO  Saving current: /projects/PROJECT_ALLOC/R-project/results/anchor/All_Beauty/_ckpt/SASRec-Aug-11-2026_12-57-04.pth
Tue 11 Aug 2026 12:57:06 INFO  epoch 32 training [time: 0.04s, train loss: 5.2389]
Tue 11 Aug 2026 12:57:06 INFO  epoch 32 evaluating [time: 0.01s, valid_score: 0.032500]
Tue 11 Aug 2026 12:57:06 INFO  valid result: 
recall@10 : 0.083    recall@50 : 0.3676    recall@100 : 0.5652    ndcg@10 : 0.0325    ndcg@50 : 0.0934    ndcg@100 : 0.125
Tue 11 Aug 2026 12:57:06 INFO  Saving current: /projects/PROJECT_ALLOC/R-project/results/anchor/All_Beauty/_ckpt/SASRec-Aug-11-2026_12-57-04.pth
Tue 11 Aug 2026 12:57:06 INFO  epoch 33 training [time: 0.04s, train loss: 5.2077]
Tue 11 Aug 2026 12:57:06 INFO  epoch 33 evaluating [time: 0.01s, valid_score: 0.033400]
Tue 11 Aug 2026 12:57:06 INFO  valid result: 
recall@10 : 0.083    recall@50 : 0.3676    recall@100 : 0.585    ndcg@10 : 0.0334    ndcg@50 : 0.0947    ndcg@100 : 0.1297
Tue 11 Aug 2026 12:57:06 INFO  Saving current: /projects/PROJECT_ALLOC/R-project/results/anchor/All_Beauty/_ckpt/SASRec-Aug-11-2026_12-57-04.pth
Tue 11 Aug 2026 12:57:06 INFO  epoch 34 training [time: 0.04s, train loss: 5.1891]
Tue 11 Aug 2026 12:57:06 INFO  epoch 34 evaluating [time: 0.01s, valid_score: 0.036600]
Tue 11 Aug 2026 12:57:06 INFO  valid result: 
recall@10 : 0.0909    recall@50 : 0.3676    recall@100 : 0.5889    ndcg@10 : 0.0366    ndcg@50 : 0.0962    ndcg@100 : 0.132
Tue 11 Aug 2026 12:57:06 INFO  Saving current: /projects/PROJECT_ALLOC/R-project/results/anchor/All_Beauty/_ckpt/SASRec-Aug-11-2026_12-57-04.pth
Tue 11 Aug 2026 12:57:06 INFO  epoch 35 training [time: 0.04s, train loss: 5.1595]
Tue 11 Aug 2026 12:57:06 INFO  epoch 35 evaluating [time: 0.01s, valid_score: 0.036600]
Tue 11 Aug 2026 12:57:06 INFO  valid result: 
recall@10 : 0.0909    recall@50 : 0.3874    recall@100 : 0.5929    ndcg@10 : 0.0366    ndcg@50 : 0.1003    ndcg@100 : 0.1335
Tue 11 Aug 2026 12:57:06 INFO  Saving current: /projects/PROJECT_ALLOC/R-project/results/anchor/All_Beauty/_ckpt/SASRec-Aug-11-2026_12-57-04.pth
Tue 11 Aug 2026 12:57:07 INFO  epoch 36 training [time: 0.04s, train loss: 5.1377]
Tue 11 Aug 2026 12:57:07 INFO  epoch 36 evaluating [time: 0.01s, valid_score: 0.038400]
Tue 11 Aug 2026 12:57:07 INFO  valid result: 
recall@10 : 0.0949    recall@50 : 0.3834    recall@100 : 0.6047    ndcg@10 : 0.0384    ndcg@50 : 0.101    ndcg@100 : 0.1368
Tue 11 Aug 2026 12:57:07 INFO  Saving current: /projects/PROJECT_ALLOC/R-project/results/anchor/All_Beauty/_ckpt/SASRec-Aug-11-2026_12-57-04.pth
Tue 11 Aug 2026 12:57:07 INFO  epoch 37 training [time: 0.04s, train loss: 5.1099]
Tue 11 Aug 2026 12:57:07 INFO  epoch 37 evaluating [time: 0.01s, valid_score: 0.039700]
Tue 11 Aug 2026 12:57:07 INFO  valid result: 
recall@10 : 0.0988    recall@50 : 0.3794    recall@100 : 0.6087    ndcg@10 : 0.0397    ndcg@50 : 0.101    ndcg@100 : 0.1382
Tue 11 Aug 2026 12:57:07 INFO  Saving current: /projects/PROJECT_ALLOC/R-project/results/anchor/All_Beauty/_ckpt/SASRec-Aug-11-2026_12-57-04.pth
Tue 11 Aug 2026 12:57:07 INFO  epoch 38 training [time: 0.04s, train loss: 5.0904]
Tue 11 Aug 2026 12:57:07 INFO  epoch 38 evaluating [time: 0.01s, valid_score: 0.039900]
Tue 11 Aug 2026 12:57:07 INFO  valid result: 
recall@10 : 0.0988    recall@50 : 0.3874    recall@100 : 0.6166    ndcg@10 : 0.0399    ndcg@50 : 0.1028    ndcg@100 : 0.1401
Tue 11 Aug 2026 12:57:07 INFO  Saving current: /projects/PROJECT_ALLOC/R-project/results/anchor/All_Beauty/_ckpt/SASRec-Aug-11-2026_12-57-04.pth
Tue 11 Aug 2026 12:57:07 INFO  epoch 39 training [time: 0.04s, train loss: 5.0658]
Tue 11 Aug 2026 12:57:07 INFO  epoch 39 evaluating [time: 0.01s, valid_score: 0.041200]
Tue 11 Aug 2026 12:57:07 INFO  valid result: 
recall@10 : 0.1028    recall@50 : 0.4071    recall@100 : 0.6245    ndcg@10 : 0.0412    ndcg@50 : 0.1068    ndcg@100 : 0.142
Tue 11 Aug 2026 12:57:07 INFO  Saving current: /projects/PROJECT_ALLOC/R-project/results/anchor/All_Beauty/_ckpt/SASRec-Aug-11-2026_12-57-04.pth
Tue 11 Aug 2026 12:57:07 INFO  epoch 40 training [time: 0.04s, train loss: 5.0427]
Tue 11 Aug 2026 12:57:07 INFO  epoch 40 evaluating [time: 0.01s, valid_score: 0.040300]
Tue 11 Aug 2026 12:57:07 INFO  valid result: 
recall@10 : 0.0988    recall@50 : 0.4071    recall@100 : 0.6324    ndcg@10 : 0.0403    ndcg@50 : 0.1072    ndcg@100 : 0.1438
Tue 11 Aug 2026 12:57:07 INFO  epoch 41 training [time: 0.04s, train loss: 5.0241]
Tue 11 Aug 2026 12:57:07 INFO  epoch 41 evaluating [time: 0.01s, valid_score: 0.042500]
Tue 11 Aug 2026 12:57:07 INFO  valid result: 
recall@10 : 0.1067    recall@50 : 0.419    recall@100 : 0.6403    ndcg@10 : 0.0425    ndcg@50 : 0.1097    ndcg@100 : 0.1455
Tue 11 Aug 2026 12:57:07 INFO  Saving current: /projects/PROJECT_ALLOC/R-project/results/anchor/All_Beauty/_ckpt/SASRec-Aug-11-2026_12-57-04.pth
Tue 11 Aug 2026 12:57:07 INFO  epoch 42 training [time: 0.04s, train loss: 4.9919]
Tue 11 Aug 2026 12:57:07 INFO  epoch 42 evaluating [time: 0.01s, valid_score: 0.042800]
Tue 11 Aug 2026 12:57:07 INFO  valid result: 
recall@10 : 0.1067    recall@50 : 0.415    recall@100 : 0.6403    ndcg@10 : 0.0428    ndcg@50 : 0.1095    ndcg@100 : 0.146
Tue 11 Aug 2026 12:57:07 INFO  Saving current: /projects/PROJECT_ALLOC/R-project/results/anchor/All_Beauty/_ckpt/SASRec-Aug-11-2026_12-57-04.pth
Tue 11 Aug 2026 12:57:07 INFO  epoch 43 training [time: 0.04s, train loss: 4.9738]
Tue 11 Aug 2026 12:57:07 INFO  epoch 43 evaluating [time: 0.01s, valid_score: 0.041600]
Tue 11 Aug 2026 12:57:07 INFO  valid result: 
recall@10 : 0.1028    recall@50 : 0.419    recall@100 : 0.6443    ndcg@10 : 0.0416    ndcg@50 : 0.1104    ndcg@100 : 0.1469
Tue 11 Aug 2026 12:57:07 INFO  epoch 44 training [time: 0.04s, train loss: 4.9592]
Tue 11 Aug 2026 12:57:07 INFO  epoch 44 evaluating [time: 0.01s, valid_score: 0.043800]
Tue 11 Aug 2026 12:57:07 INFO  valid result: 
recall@10 : 0.1107    recall@50 : 0.4229    recall@100 : 0.6522    ndcg@10 : 0.0438    ndcg@50 : 0.1111    ndcg@100 : 0.1482
Tue 11 Aug 2026 12:57:07 INFO  Saving current: /projects/PROJECT_ALLOC/R-project/results/anchor/All_Beauty/_ckpt/SASRec-Aug-11-2026_12-57-04.pth
Tue 11 Aug 2026 12:57:07 INFO  epoch 45 training [time: 0.05s, train loss: 4.9316]
Tue 11 Aug 2026 12:57:07 INFO  epoch 45 evaluating [time: 0.01s, valid_score: 0.044600]
Tue 11 Aug 2026 12:57:07 INFO  valid result: 
recall@10 : 0.1107    recall@50 : 0.4111    recall@100 : 0.6601    ndcg@10 : 0.0446    ndcg@50 : 0.1098    ndcg@100 : 0.1501
Tue 11 Aug 2026 12:57:07 INFO  Saving current: /projects/PROJECT_ALLOC/R-project/results/anchor/All_Beauty/_ckpt/SASRec-Aug-11-2026_12-57-04.pth
Tue 11 Aug 2026 12:57:07 INFO  epoch 46 training [time: 0.04s, train loss: 4.9134]
Tue 11 Aug 2026 12:57:07 INFO  epoch 46 evaluating [time: 0.01s, valid_score: 0.044500]
Tue 11 Aug 2026 12:57:07 INFO  valid result: 
recall@10 : 0.1107    recall@50 : 0.4111    recall@100 : 0.668    ndcg@10 : 0.0445    ndcg@50 : 0.1098    ndcg@100 : 0.1514
Tue 11 Aug 2026 12:57:07 INFO  epoch 47 training [time: 0.04s, train loss: 4.8925]
Tue 11 Aug 2026 12:57:07 INFO  epoch 47 evaluating [time: 0.01s, valid_score: 0.044900]
Tue 11 Aug 2026 12:57:07 INFO  valid result: 
recall@10 : 0.1107    recall@50 : 0.419    recall@100 : 0.6759    ndcg@10 : 0.0449    ndcg@50 : 0.1117    ndcg@100 : 0.1531
Tue 11 Aug 2026 12:57:07 INFO  Saving current: /projects/PROJECT_ALLOC/R-project/results/anchor/All_Beauty/_ckpt/SASRec-Aug-11-2026_12-57-04.pth
Tue 11 Aug 2026 12:57:07 INFO  epoch 48 training [time: 0.04s, train loss: 4.8567]
Tue 11 Aug 2026 12:57:07 INFO  epoch 48 evaluating [time: 0.01s, valid_score: 0.044100]
Tue 11 Aug 2026 12:57:07 INFO  valid result: 
recall@10 : 0.1067    recall@50 : 0.4269    recall@100 : 0.6719    ndcg@10 : 0.0441    ndcg@50 : 0.1136    ndcg@100 : 0.153
Tue 11 Aug 2026 12:57:07 INFO  epoch 49 training [time: 0.04s, train loss: 4.8495]
Tue 11 Aug 2026 12:57:07 INFO  epoch 49 evaluating [time: 0.01s, valid_score: 0.045200]
Tue 11 Aug 2026 12:57:07 INFO  valid result: 
recall@10 : 0.1107    recall@50 : 0.419    recall@100 : 0.6798    ndcg@10 : 0.0452    ndcg@50 : 0.1121    ndcg@100 : 0.1541
Tue 11 Aug 2026 12:57:07 INFO  Saving current: /projects/PROJECT_ALLOC/R-project/results/anchor/All_Beauty/_ckpt/SASRec-Aug-11-2026_12-57-04.pth
Tue 11 Aug 2026 12:57:07 INFO  epoch 50 training [time: 0.04s, train loss: 4.8198]
Tue 11 Aug 2026 12:57:07 INFO  epoch 50 evaluating [time: 0.01s, valid_score: 0.047200]
Tue 11 Aug 2026 12:57:07 INFO  valid result: 
recall@10 : 0.1146    recall@50 : 0.419    recall@100 : 0.6798    ndcg@10 : 0.0472    ndcg@50 : 0.1133    ndcg@100 : 0.1554
Tue 11 Aug 2026 12:57:07 INFO  Saving current: /projects/PROJECT_ALLOC/R-project/results/anchor/All_Beauty/_ckpt/SASRec-Aug-11-2026_12-57-04.pth
Tue 11 Aug 2026 12:57:07 INFO  epoch 51 training [time: 0.04s, train loss: 4.8097]
Tue 11 Aug 2026 12:57:07 INFO  epoch 51 evaluating [time: 0.01s, valid_score: 0.047700]
Tue 11 Aug 2026 12:57:07 INFO  valid result: 
recall@10 : 0.1146    recall@50 : 0.4229    recall@100 : 0.6798    ndcg@10 : 0.0477    ndcg@50 : 0.1145    ndcg@100 : 0.156
Tue 11 Aug 2026 12:57:07 INFO  Saving current: /projects/PROJECT_ALLOC/R-project/results/anchor/All_Beauty/_ckpt/SASRec-Aug-11-2026_12-57-04.pth
Tue 11 Aug 2026 12:57:07 INFO  epoch 52 training [time: 0.04s, train loss: 4.7851]
Tue 11 Aug 2026 12:57:07 INFO  epoch 52 evaluating [time: 0.01s, valid_score: 0.047600]
Tue 11 Aug 2026 12:57:07 INFO  valid result: 
recall@10 : 0.1146    recall@50 : 0.4269    recall@100 : 0.6798    ndcg@10 : 0.0476    ndcg@50 : 0.1152    ndcg@100 : 0.156
Tue 11 Aug 2026 12:57:08 INFO  epoch 53 training [time: 0.04s, train loss: 4.7619]
Tue 11 Aug 2026 12:57:08 INFO  epoch 53 evaluating [time: 0.01s, valid_score: 0.046800]
Tue 11 Aug 2026 12:57:08 INFO  valid result: 
recall@10 : 0.1107    recall@50 : 0.4229    recall@100 : 0.6838    ndcg@10 : 0.0468    ndcg@50 : 0.115    ndcg@100 : 0.1572
Tue 11 Aug 2026 12:57:08 INFO  epoch 54 training [time: 0.04s, train loss: 4.7527]
Tue 11 Aug 2026 12:57:08 INFO  epoch 54 evaluating [time: 0.01s, valid_score: 0.047100]
Tue 11 Aug 2026 12:57:08 INFO  valid result: 
recall@10 : 0.1107    recall@50 : 0.4269    recall@100 : 0.6759    ndcg@10 : 0.0471    ndcg@50 : 0.1163    ndcg@100 : 0.1567
Tue 11 Aug 2026 12:57:08 INFO  epoch 55 training [time: 0.04s, train loss: 4.7326]
Tue 11 Aug 2026 12:57:08 INFO  epoch 55 evaluating [time: 0.01s, valid_score: 0.048800]
Tue 11 Aug 2026 12:57:08 INFO  valid result: 
recall@10 : 0.1146    recall@50 : 0.4269    recall@100 : 0.6719    ndcg@10 : 0.0488    ndcg@50 : 0.1171    ndcg@100 : 0.1569
Tue 11 Aug 2026 12:57:08 INFO  Saving current: /projects/PROJECT_ALLOC/R-project/results/anchor/All_Beauty/_ckpt/SASRec-Aug-11-2026_12-57-04.pth
Tue 11 Aug 2026 12:57:08 INFO  epoch 56 training [time: 0.04s, train loss: 4.7094]
Tue 11 Aug 2026 12:57:08 INFO  epoch 56 evaluating [time: 0.01s, valid_score: 0.047900]
Tue 11 Aug 2026 12:57:08 INFO  valid result: 
recall@10 : 0.1107    recall@50 : 0.4269    recall@100 : 0.6759    ndcg@10 : 0.0479    ndcg@50 : 0.1174    ndcg@100 : 0.1579
Tue 11 Aug 2026 12:57:08 INFO  epoch 57 training [time: 0.04s, train loss: 4.6902]
Tue 11 Aug 2026 12:57:08 INFO  epoch 57 evaluating [time: 0.01s, valid_score: 0.051800]
Tue 11 Aug 2026 12:57:08 INFO  valid result: 
recall@10 : 0.1225    recall@50 : 0.4348    recall@100 : 0.6798    ndcg@10 : 0.0518    ndcg@50 : 0.1194    ndcg@100 : 0.1591
Tue 11 Aug 2026 12:57:08 INFO  Saving current: /projects/PROJECT_ALLOC/R-project/results/anchor/All_Beauty/_ckpt/SASRec-Aug-11-2026_12-57-04.pth
Tue 11 Aug 2026 12:57:08 INFO  epoch 58 training [time: 0.04s, train loss: 4.6726]
Tue 11 Aug 2026 12:57:08 INFO  epoch 58 evaluating [time: 0.01s, valid_score: 0.050600]
Tue 11 Aug 2026 12:57:08 INFO  valid result: 
recall@10 : 0.1186    recall@50 : 0.4348    recall@100 : 0.6798    ndcg@10 : 0.0506    ndcg@50 : 0.1194    ndcg@100 : 0.1591
Tue 11 Aug 2026 12:57:08 INFO  epoch 59 training [time: 0.04s, train loss: 4.6609]
Tue 11 Aug 2026 12:57:08 INFO  epoch 59 evaluating [time: 0.01s, valid_score: 0.051100]
Tue 11 Aug 2026 12:57:08 INFO  valid result: 
recall@10 : 0.1186    recall@50 : 0.4387    recall@100 : 0.6798    ndcg@10 : 0.0511    ndcg@50 : 0.1207    ndcg@100 : 0.1598
Tue 11 Aug 2026 12:57:08 INFO  epoch 60 training [time: 0.04s, train loss: 4.6433]
Tue 11 Aug 2026 12:57:08 INFO  epoch 60 evaluating [time: 0.01s, valid_score: 0.052300]
Tue 11 Aug 2026 12:57:08 INFO  valid result: 
recall@10 : 0.1225    recall@50 : 0.4348    recall@100 : 0.6798    ndcg@10 : 0.0523    ndcg@50 : 0.1202    ndcg@100 : 0.16
Tue 11 Aug 2026 12:57:08 INFO  Saving current: /projects/PROJECT_ALLOC/R-project/results/anchor/All_Beauty/_ckpt/SASRec-Aug-11-2026_12-57-04.pth
Tue 11 Aug 2026 12:57:08 INFO  epoch 61 training [time: 0.04s, train loss: 4.6137]
Tue 11 Aug 2026 12:57:08 INFO  epoch 61 evaluating [time: 0.01s, valid_score: 0.053800]
Tue 11 Aug 2026 12:57:08 INFO  valid result: 
recall@10 : 0.1265    recall@50 : 0.4427    recall@100 : 0.6838    ndcg@10 : 0.0538    ndcg@50 : 0.1223    ndcg@100 : 0.1613
Tue 11 Aug 2026 12:57:08 INFO  Saving current: /projects/PROJECT_ALLOC/R-project/results/anchor/All_Beauty/_ckpt/SASRec-Aug-11-2026_12-57-04.pth
Tue 11 Aug 2026 12:57:08 INFO  epoch 62 training [time: 0.04s, train loss: 4.5924]
Tue 11 Aug 2026 12:57:08 INFO  epoch 62 evaluating [time: 0.01s, valid_score: 0.053800]
Tue 11 Aug 2026 12:57:08 INFO  valid result: 
recall@10 : 0.1265    recall@50 : 0.4427    recall@100 : 0.6917    ndcg@10 : 0.0538    ndcg@50 : 0.1223    ndcg@100 : 0.1627
Tue 11 Aug 2026 12:57:08 INFO  Saving current: /projects/PROJECT_ALLOC/R-project/results/anchor/All_Beauty/_ckpt/SASRec-Aug-11-2026_12-57-04.pth
Tue 11 Aug 2026 12:57:08 INFO  epoch 63 training [time: 0.04s, train loss: 4.5763]
Tue 11 Aug 2026 12:57:08 INFO  epoch 63 evaluating [time: 0.01s, valid_score: 0.054100]
Tue 11 Aug 2026 12:57:08 INFO  valid result: 
recall@10 : 0.1265    recall@50 : 0.4506    recall@100 : 0.6957    ndcg@10 : 0.0541    ndcg@50 : 0.1241    ndcg@100 : 0.1637
Tue 11 Aug 2026 12:57:08 INFO  Saving current: /projects/PROJECT_ALLOC/R-project/results/anchor/All_Beauty/_ckpt/SASRec-Aug-11-2026_12-57-04.pth
Tue 11 Aug 2026 12:57:08 INFO  epoch 64 training [time: 0.04s, train loss: 4.5662]
Tue 11 Aug 2026 12:57:08 INFO  epoch 64 evaluating [time: 0.01s, valid_score: 0.058000]
Tue 11 Aug 2026 12:57:08 INFO  valid result: 
recall@10 : 0.1344    recall@50 : 0.4506    recall@100 : 0.6957    ndcg@10 : 0.058    ndcg@50 : 0.1258    ndcg@100 : 0.1656
Tue 11 Aug 2026 12:57:08 INFO  Saving current: /projects/PROJECT_ALLOC/R-project/results/anchor/All_Beauty/_ckpt/SASRec-Aug-11-2026_12-57-04.pth
Tue 11 Aug 2026 12:57:08 INFO  epoch 65 training [time: 0.05s, train loss: 4.5470]
Tue 11 Aug 2026 12:57:08 INFO  epoch 65 evaluating [time: 0.01s, valid_score: 0.058200]
Tue 11 Aug 2026 12:57:08 INFO  valid result: 
recall@10 : 0.1344    recall@50 : 0.4506    recall@100 : 0.6957    ndcg@10 : 0.0582    ndcg@50 : 0.1262    ndcg@100 : 0.166
Tue 11 Aug 2026 12:57:08 INFO  Saving current: /projects/PROJECT_ALLOC/R-project/results/anchor/All_Beauty/_ckpt/SASRec-Aug-11-2026_12-57-04.pth
Tue 11 Aug 2026 12:57:08 INFO  epoch 66 training [time: 0.04s, train loss: 4.5220]
Tue 11 Aug 2026 12:57:08 INFO  epoch 66 evaluating [time: 0.01s, valid_score: 0.058400]
Tue 11 Aug 2026 12:57:08 INFO  valid result: 
recall@10 : 0.1344    recall@50 : 0.4466    recall@100 : 0.6996    ndcg@10 : 0.0584    ndcg@50 : 0.1259    ndcg@100 : 0.1669
Tue 11 Aug 2026 12:57:08 INFO  Saving current: /projects/PROJECT_ALLOC/R-project/results/anchor/All_Beauty/_ckpt/SASRec-Aug-11-2026_12-57-04.pth
Tue 11 Aug 2026 12:57:08 INFO  epoch 67 training [time: 0.05s, train loss: 4.5127]
Tue 11 Aug 2026 12:57:08 INFO  epoch 67 evaluating [time: 0.01s, valid_score: 0.059500]
Tue 11 Aug 2026 12:57:08 INFO  valid result: 
recall@10 : 0.1383    recall@50 : 0.4466    recall@100 : 0.7036    ndcg@10 : 0.0595    ndcg@50 : 0.1259    ndcg@100 : 0.1674
Tue 11 Aug 2026 12:57:08 INFO  Saving current: /projects/PROJECT_ALLOC/R-project/results/anchor/All_Beauty/_ckpt/SASRec-Aug-11-2026_12-57-04.pth
Tue 11 Aug 2026 12:57:08 INFO  epoch 68 training [time: 0.04s, train loss: 4.4990]
Tue 11 Aug 2026 12:57:08 INFO  epoch 68 evaluating [time: 0.01s, valid_score: 0.059200]
Tue 11 Aug 2026 12:57:08 INFO  valid result: 
recall@10 : 0.1383    recall@50 : 0.4427    recall@100 : 0.6996    ndcg@10 : 0.0592    ndcg@50 : 0.1249    ndcg@100 : 0.1666
Tue 11 Aug 2026 12:57:08 INFO  epoch 69 training [time: 0.04s, train loss: 4.4866]
Tue 11 Aug 2026 12:57:08 INFO  epoch 69 evaluating [time: 0.01s, valid_score: 0.056800]
Tue 11 Aug 2026 12:57:08 INFO  valid result: 
recall@10 : 0.1304    recall@50 : 0.4545    recall@100 : 0.6996    ndcg@10 : 0.0568    ndcg@50 : 0.1269    ndcg@100 : 0.1665
Tue 11 Aug 2026 12:57:09 INFO  epoch 70 training [time: 0.04s, train loss: 4.4662]
Tue 11 Aug 2026 12:57:09 INFO  epoch 70 evaluating [time: 0.01s, valid_score: 0.057100]
Tue 11 Aug 2026 12:57:09 INFO  valid result: 
recall@10 : 0.1304    recall@50 : 0.4585    recall@100 : 0.6996    ndcg@10 : 0.0571    ndcg@50 : 0.1278    ndcg@100 : 0.1667
Tue 11 Aug 2026 12:57:09 INFO  epoch 71 training [time: 0.04s, train loss: 4.4518]
Tue 11 Aug 2026 12:57:09 INFO  epoch 71 evaluating [time: 0.01s, valid_score: 0.057300]
Tue 11 Aug 2026 12:57:09 INFO  valid result: 
recall@10 : 0.1304    recall@50 : 0.4625    recall@100 : 0.7036    ndcg@10 : 0.0573    ndcg@50 : 0.1286    ndcg@100 : 0.1675
Tue 11 Aug 2026 12:57:09 INFO  epoch 72 training [time: 0.04s, train loss: 4.4423]
Tue 11 Aug 2026 12:57:09 INFO  epoch 72 evaluating [time: 0.01s, valid_score: 0.058700]
Tue 11 Aug 2026 12:57:09 INFO  valid result: 
recall@10 : 0.1344    recall@50 : 0.4625    recall@100 : 0.7075    ndcg@10 : 0.0587    ndcg@50 : 0.1292    ndcg@100 : 0.1687
Tue 11 Aug 2026 12:57:09 INFO  epoch 73 training [time: 0.04s, train loss: 4.4246]
Tue 11 Aug 2026 12:57:09 INFO  epoch 73 evaluating [time: 0.01s, valid_score: 0.060400]
Tue 11 Aug 2026 12:57:09 INFO  valid result: 
recall@10 : 0.1383    recall@50 : 0.4625    recall@100 : 0.7115    ndcg@10 : 0.0604    ndcg@50 : 0.1298    ndcg@100 : 0.1701
Tue 11 Aug 2026 12:57:09 INFO  Saving current: /projects/PROJECT_ALLOC/R-project/results/anchor/All_Beauty/_ckpt/SASRec-Aug-11-2026_12-57-04.pth
Tue 11 Aug 2026 12:57:09 INFO  epoch 74 training [time: 0.04s, train loss: 4.4093]
Tue 11 Aug 2026 12:57:09 INFO  epoch 74 evaluating [time: 0.01s, valid_score: 0.059900]
Tue 11 Aug 2026 12:57:09 INFO  valid result: 
recall@10 : 0.1344    recall@50 : 0.4664    recall@100 : 0.7075    ndcg@10 : 0.0599    ndcg@50 : 0.1314    ndcg@100 : 0.1704
Tue 11 Aug 2026 12:57:09 INFO  epoch 75 training [time: 0.04s, train loss: 4.3980]
Tue 11 Aug 2026 12:57:09 INFO  epoch 75 evaluating [time: 0.01s, valid_score: 0.062900]
Tue 11 Aug 2026 12:57:09 INFO  valid result: 
recall@10 : 0.1462    recall@50 : 0.4704    recall@100 : 0.7075    ndcg@10 : 0.0629    ndcg@50 : 0.1318    ndcg@100 : 0.1702
Tue 11 Aug 2026 12:57:09 INFO  Saving current: /projects/PROJECT_ALLOC/R-project/results/anchor/All_Beauty/_ckpt/SASRec-Aug-11-2026_12-57-04.pth
Tue 11 Aug 2026 12:57:09 INFO  epoch 76 training [time: 0.04s, train loss: 4.3663]
Tue 11 Aug 2026 12:57:09 INFO  epoch 76 evaluating [time: 0.01s, valid_score: 0.064900]
Tue 11 Aug 2026 12:57:09 INFO  valid result: 
recall@10 : 0.1502    recall@50 : 0.4783    recall@100 : 0.7075    ndcg@10 : 0.0649    ndcg@50 : 0.1341    ndcg@100 : 0.1712
Tue 11 Aug 2026 12:57:09 INFO  Saving current: /projects/PROJECT_ALLOC/R-project/results/anchor/All_Beauty/_ckpt/SASRec-Aug-11-2026_12-57-04.pth
Tue 11 Aug 2026 12:57:09 INFO  epoch 77 training [time: 0.05s, train loss: 4.3633]
Tue 11 Aug 2026 12:57:09 INFO  epoch 77 evaluating [time: 0.01s, valid_score: 0.066100]
Tue 11 Aug 2026 12:57:09 INFO  valid result: 
recall@10 : 0.1542    recall@50 : 0.4822    recall@100 : 0.7075    ndcg@10 : 0.0661    ndcg@50 : 0.1348    ndcg@100 : 0.1712
Tue 11 Aug 2026 12:57:09 INFO  Saving current: /projects/PROJECT_ALLOC/R-project/results/anchor/All_Beauty/_ckpt/SASRec-Aug-11-2026_12-57-04.pth
Tue 11 Aug 2026 12:57:09 INFO  epoch 78 training [time: 0.04s, train loss: 4.3459]
Tue 11 Aug 2026 12:57:09 INFO  epoch 78 evaluating [time: 0.01s, valid_score: 0.066200]
Tue 11 Aug 2026 12:57:09 INFO  valid result: 
recall@10 : 0.1542    recall@50 : 0.4822    recall@100 : 0.7036    ndcg@10 : 0.0662    ndcg@50 : 0.1349    ndcg@100 : 0.1707
Tue 11 Aug 2026 12:57:09 INFO  Saving current: /projects/PROJECT_ALLOC/R-project/results/anchor/All_Beauty/_ckpt/SASRec-Aug-11-2026_12-57-04.pth
Tue 11 Aug 2026 12:57:09 INFO  epoch 79 training [time: 0.04s, train loss: 4.3199]
Tue 11 Aug 2026 12:57:09 INFO  epoch 79 evaluating [time: 0.01s, valid_score: 0.065200]
Tue 11 Aug 2026 12:57:09 INFO  valid result: 
recall@10 : 0.1502    recall@50 : 0.4783    recall@100 : 0.7036    ndcg@10 : 0.0652    ndcg@50 : 0.1343    ndcg@100 : 0.1707
Tue 11 Aug 2026 12:57:09 INFO  epoch 80 training [time: 0.04s, train loss: 4.3233]
Tue 11 Aug 2026 12:57:09 INFO  epoch 80 evaluating [time: 0.01s, valid_score: 0.065100]
Tue 11 Aug 2026 12:57:09 INFO  valid result: 
recall@10 : 0.1502    recall@50 : 0.4743    recall@100 : 0.7075    ndcg@10 : 0.0651    ndcg@50 : 0.1335    ndcg@100 : 0.1713
Tue 11 Aug 2026 12:57:09 INFO  epoch 81 training [time: 0.04s, train loss: 4.3160]
Tue 11 Aug 2026 12:57:09 INFO  epoch 81 evaluating [time: 0.01s, valid_score: 0.063600]
Tue 11 Aug 2026 12:57:09 INFO  valid result: 
recall@10 : 0.1502    recall@50 : 0.4664    recall@100 : 0.7075    ndcg@10 : 0.0636    ndcg@50 : 0.1308    ndcg@100 : 0.1698
Tue 11 Aug 2026 12:57:09 INFO  epoch 82 training [time: 0.04s, train loss: 4.2947]
Tue 11 Aug 2026 12:57:09 INFO  epoch 82 evaluating [time: 0.01s, valid_score: 0.064700]
Tue 11 Aug 2026 12:57:09 INFO  valid result: 
recall@10 : 0.1542    recall@50 : 0.4664    recall@100 : 0.7075    ndcg@10 : 0.0647    ndcg@50 : 0.1308    ndcg@100 : 0.1699
Tue 11 Aug 2026 12:57:09 INFO  epoch 83 training [time: 0.04s, train loss: 4.2801]
Tue 11 Aug 2026 12:57:09 INFO  epoch 83 evaluating [time: 0.01s, valid_score: 0.064900]
Tue 11 Aug 2026 12:57:09 INFO  valid result: 
recall@10 : 0.1502    recall@50 : 0.4704    recall@100 : 0.7075    ndcg@10 : 0.0649    ndcg@50 : 0.1329    ndcg@100 : 0.1714
Tue 11 Aug 2026 12:57:09 INFO  epoch 84 training [time: 0.04s, train loss: 4.2682]
Tue 11 Aug 2026 12:57:09 INFO  epoch 84 evaluating [time: 0.01s, valid_score: 0.064800]
Tue 11 Aug 2026 12:57:09 INFO  valid result: 
recall@10 : 0.1502    recall@50 : 0.4743    recall@100 : 0.7036    ndcg@10 : 0.0648    ndcg@50 : 0.1334    ndcg@100 : 0.1706
Tue 11 Aug 2026 12:57:09 INFO  epoch 85 training [time: 0.05s, train loss: 4.2547]
Tue 11 Aug 2026 12:57:09 INFO  epoch 85 evaluating [time: 0.01s, valid_score: 0.065400]
Tue 11 Aug 2026 12:57:09 INFO  valid result: 
recall@10 : 0.1462    recall@50 : 0.4743    recall@100 : 0.7115    ndcg@10 : 0.0654    ndcg@50 : 0.1351    ndcg@100 : 0.1737
Tue 11 Aug 2026 12:57:09 INFO  epoch 86 training [time: 0.05s, train loss: 4.2388]
Tue 11 Aug 2026 12:57:09 INFO  epoch 86 evaluating [time: 0.01s, valid_score: 0.070400]
Tue 11 Aug 2026 12:57:09 INFO  valid result: 
recall@10 : 0.1502    recall@50 : 0.4783    recall@100 : 0.7194    ndcg@10 : 0.0704    ndcg@50 : 0.1398    ndcg@100 : 0.1789
Tue 11 Aug 2026 12:57:09 INFO  Saving current: /projects/PROJECT_ALLOC/R-project/results/anchor/All_Beauty/_ckpt/SASRec-Aug-11-2026_12-57-04.pth
Tue 11 Aug 2026 12:57:09 INFO  epoch 87 training [time: 0.05s, train loss: 4.2192]
Tue 11 Aug 2026 12:57:09 INFO  epoch 87 evaluating [time: 0.01s, valid_score: 0.070700]
Tue 11 Aug 2026 12:57:09 INFO  valid result: 
recall@10 : 0.1502    recall@50 : 0.4743    recall@100 : 0.7233    ndcg@10 : 0.0707    ndcg@50 : 0.1394    ndcg@100 : 0.1799
Tue 11 Aug 2026 12:57:09 INFO  Saving current: /projects/PROJECT_ALLOC/R-project/results/anchor/All_Beauty/_ckpt/SASRec-Aug-11-2026_12-57-04.pth
Tue 11 Aug 2026 12:57:10 INFO  epoch 88 training [time: 0.05s, train loss: 4.2107]
Tue 11 Aug 2026 12:57:10 INFO  epoch 88 evaluating [time: 0.01s, valid_score: 0.072000]
Tue 11 Aug 2026 12:57:10 INFO  valid result: 
recall@10 : 0.1542    recall@50 : 0.4783    recall@100 : 0.7233    ndcg@10 : 0.072    ndcg@50 : 0.1404    ndcg@100 : 0.1802
Tue 11 Aug 2026 12:57:10 INFO  Saving current: /projects/PROJECT_ALLOC/R-project/results/anchor/All_Beauty/_ckpt/SASRec-Aug-11-2026_12-57-04.pth
Tue 11 Aug 2026 12:57:10 INFO  epoch 89 training [time: 0.05s, train loss: 4.2031]
Tue 11 Aug 2026 12:57:10 INFO  epoch 89 evaluating [time: 0.01s, valid_score: 0.073500]
Tue 11 Aug 2026 12:57:10 INFO  valid result: 
recall@10 : 0.1581    recall@50 : 0.4743    recall@100 : 0.7233    ndcg@10 : 0.0735    ndcg@50 : 0.1402    ndcg@100 : 0.1807
Tue 11 Aug 2026 12:57:10 INFO  Saving current: /projects/PROJECT_ALLOC/R-project/results/anchor/All_Beauty/_ckpt/SASRec-Aug-11-2026_12-57-04.pth
Tue 11 Aug 2026 12:57:10 INFO  epoch 90 training [time: 0.05s, train loss: 4.1937]
Tue 11 Aug 2026 12:57:10 INFO  epoch 90 evaluating [time: 0.01s, valid_score: 0.073100]
Tue 11 Aug 2026 12:57:10 INFO  valid result: 
recall@10 : 0.1581    recall@50 : 0.4862    recall@100 : 0.7233    ndcg@10 : 0.0731    ndcg@50 : 0.142    ndcg@100 : 0.1803
Tue 11 Aug 2026 12:57:10 INFO  epoch 91 training [time: 0.05s, train loss: 4.1776]
Tue 11 Aug 2026 12:57:10 INFO  epoch 91 evaluating [time: 0.01s, valid_score: 0.071700]
Tue 11 Aug 2026 12:57:10 INFO  valid result: 
recall@10 : 0.1581    recall@50 : 0.4862    recall@100 : 0.7233    ndcg@10 : 0.0717    ndcg@50 : 0.1407    ndcg@100 : 0.179
Tue 11 Aug 2026 12:57:10 INFO  epoch 92 training [time: 0.05s, train loss: 4.1473]
Tue 11 Aug 2026 12:57:10 INFO  epoch 92 evaluating [time: 0.01s, valid_score: 0.072100]
Tue 11 Aug 2026 12:57:10 INFO  valid result: 
recall@10 : 0.1581    recall@50 : 0.4862    recall@100 : 0.7233    ndcg@10 : 0.0721    ndcg@50 : 0.1411    ndcg@100 : 0.1795
Tue 11 Aug 2026 12:57:10 INFO  epoch 93 training [time: 0.04s, train loss: 4.1381]
Tue 11 Aug 2026 12:57:10 INFO  epoch 93 evaluating [time: 0.01s, valid_score: 0.072600]
Tue 11 Aug 2026 12:57:10 INFO  valid result: 
recall@10 : 0.1581    recall@50 : 0.4822    recall@100 : 0.7233    ndcg@10 : 0.0726    ndcg@50 : 0.141    ndcg@100 : 0.1799
Tue 11 Aug 2026 12:57:10 INFO  epoch 94 training [time: 0.04s, train loss: 4.1377]
Tue 11 Aug 2026 12:57:10 INFO  epoch 94 evaluating [time: 0.01s, valid_score: 0.073000]
Tue 11 Aug 2026 12:57:10 INFO  valid result: 
recall@10 : 0.1581    recall@50 : 0.4783    recall@100 : 0.7233    ndcg@10 : 0.073    ndcg@50 : 0.1406    ndcg@100 : 0.1803
Tue 11 Aug 2026 12:57:10 INFO  epoch 95 training [time: 0.05s, train loss: 4.1276]
Tue 11 Aug 2026 12:57:10 INFO  epoch 95 evaluating [time: 0.01s, valid_score: 0.072600]
Tue 11 Aug 2026 12:57:10 INFO  valid result: 
recall@10 : 0.1581    recall@50 : 0.4743    recall@100 : 0.7233    ndcg@10 : 0.0726    ndcg@50 : 0.1395    ndcg@100 : 0.1799
Tue 11 Aug 2026 12:57:10 INFO  epoch 96 training [time: 0.05s, train loss: 4.1156]
Tue 11 Aug 2026 12:57:10 INFO  epoch 96 evaluating [time: 0.01s, valid_score: 0.071900]
Tue 11 Aug 2026 12:57:10 INFO  valid result: 
recall@10 : 0.1581    recall@50 : 0.4743    recall@100 : 0.7233    ndcg@10 : 0.0719    ndcg@50 : 0.1388    ndcg@100 : 0.1793
Tue 11 Aug 2026 12:57:10 INFO  epoch 97 training [time: 0.05s, train loss: 4.1115]
Tue 11 Aug 2026 12:57:10 INFO  epoch 97 evaluating [time: 0.01s, valid_score: 0.072800]
Tue 11 Aug 2026 12:57:10 INFO  valid result: 
recall@10 : 0.1621    recall@50 : 0.4743    recall@100 : 0.7273    ndcg@10 : 0.0728    ndcg@50 : 0.1387    ndcg@100 : 0.1798
Tue 11 Aug 2026 12:57:10 INFO  epoch 98 training [time: 0.05s, train loss: 4.0978]
Tue 11 Aug 2026 12:57:10 INFO  epoch 98 evaluating [time: 0.01s, valid_score: 0.071900]
Tue 11 Aug 2026 12:57:10 INFO  valid result: 
recall@10 : 0.1581    recall@50 : 0.4743    recall@100 : 0.7233    ndcg@10 : 0.0719    ndcg@50 : 0.1389    ndcg@100 : 0.1794
Tue 11 Aug 2026 12:57:10 INFO  epoch 99 training [time: 0.05s, train loss: 4.0839]
Tue 11 Aug 2026 12:57:10 INFO  epoch 99 evaluating [time: 0.01s, valid_score: 0.071900]
Tue 11 Aug 2026 12:57:10 INFO  valid result: 
recall@10 : 0.1581    recall@50 : 0.4822    recall@100 : 0.7273    ndcg@10 : 0.0719    ndcg@50 : 0.1402    ndcg@100 : 0.18
Tue 11 Aug 2026 12:57:10 INFO  epoch 100 training [time: 0.05s, train loss: 4.0652]
Tue 11 Aug 2026 12:57:10 INFO  epoch 100 evaluating [time: 0.01s, valid_score: 0.073300]
Tue 11 Aug 2026 12:57:10 INFO  valid result: 
recall@10 : 0.1621    recall@50 : 0.4822    recall@100 : 0.7273    ndcg@10 : 0.0733    ndcg@50 : 0.1406    ndcg@100 : 0.1804
Tue 11 Aug 2026 12:57:10 INFO  Finished training, best eval result in epoch 89
Tue 11 Aug 2026 12:57:10 INFO  Loading model structure and parameters from /projects/PROJECT_ALLOC/R-project/results/anchor/All_Beauty/_ckpt/SASRec-Aug-11-2026_12-57-04.pth
