Tue 11 Aug 2026 11:44:59 INFO  [Training]: train_batch_size = [2048] train_neg_sample_args: [{'distribution': 'uniform', 'sample_num': 1, 'alpha': 1.0, 'dynamic': False, 'candidate_num': 0}]
Tue 11 Aug 2026 11:44:59 INFO  [Evaluation]: eval_batch_size = [4096] eval_args: [{'split': {'LS': 'valid_and_test'}, 'order': 'TO', 'group_by': 'user', 'mode': {'valid': 'full', 'test': 'full'}}]
Tue 11 Aug 2026 11:45:01 INFO  epoch 0 training [time: 0.01s, train loss: 0.0000]
Tue 11 Aug 2026 11:45:02 INFO  epoch 0 evaluating [time: 0.25s, valid_score: 0.036600]
Tue 11 Aug 2026 11:45:02 INFO  valid result: 
recall@10 : 0.083    recall@50 : 0.2174    recall@100 : 0.3755    ndcg@10 : 0.0366    ndcg@50 : 0.065    ndcg@100 : 0.0906
Tue 11 Aug 2026 11:45:02 INFO  Saving current: /projects/PROJECT_ALLOC/R-project/results/anchor/All_Beauty/_ckpt/ItemKNN-Aug-11-2026_11-44-59.pth
Tue 11 Aug 2026 11:45:02 INFO  Loading model structure and parameters from /projects/PROJECT_ALLOC/R-project/results/anchor/All_Beauty/_ckpt/ItemKNN-Aug-11-2026_11-44-59.pth
Tue 11 Aug 2026 11:45:02 WARNING  command line args [--category All_Beauty --legs itemknn,sasrec,sasrec_len20 --cpu] will not be used in RecBole
Tue 11 Aug 2026 11:45:04 INFO  [Training]: train_batch_size = [2048] train_neg_sample_args: [{'distribution': 'none', 'sample_num': 'none', 'alpha': 'none', 'dynamic': False, 'candidate_num': 0}]
Tue 11 Aug 2026 11:45:04 INFO  [Evaluation]: eval_batch_size = [4096] eval_args: [{'split': {'LS': 'valid_and_test'}, 'order': 'TO', 'group_by': 'user', 'mode': {'valid': 'full', 'test': 'full'}}]
Tue 11 Aug 2026 11:45:47 INFO  epoch 0 training [time: 43.79s, train loss: 5.8975]
Tue 11 Aug 2026 11:45:50 INFO  epoch 0 evaluating [time: 2.81s, valid_score: 0.006600]
Tue 11 Aug 2026 11:45:50 INFO  valid result: 
recall@10 : 0.0198    recall@50 : 0.1344    recall@100 : 0.2846    ndcg@10 : 0.0066    ndcg@50 : 0.0314    ndcg@100 : 0.0553
Tue 11 Aug 2026 11:45:50 INFO  Saving current: /projects/PROJECT_ALLOC/R-project/results/anchor/All_Beauty/_ckpt/SASRec-Aug-11-2026_11-45-04.pth
Tue 11 Aug 2026 11:46:31 INFO  epoch 1 training [time: 40.40s, train loss: 5.8774]
Tue 11 Aug 2026 11:46:34 INFO  epoch 1 evaluating [time: 3.09s, valid_score: 0.006700]
Tue 11 Aug 2026 11:46:34 INFO  valid result: 
recall@10 : 0.0198    recall@50 : 0.1383    recall@100 : 0.2767    ndcg@10 : 0.0067    ndcg@50 : 0.0321    ndcg@100 : 0.0544
Tue 11 Aug 2026 11:46:34 INFO  Saving current: /projects/PROJECT_ALLOC/R-project/results/anchor/All_Beauty/_ckpt/SASRec-Aug-11-2026_11-45-04.pth
Tue 11 Aug 2026 11:47:07 INFO  epoch 2 training [time: 33.39s, train loss: 5.8539]
Tue 11 Aug 2026 11:47:09 INFO  epoch 2 evaluating [time: 1.40s, valid_score: 0.007600]
Tue 11 Aug 2026 11:47:09 INFO  valid result: 
recall@10 : 0.0237    recall@50 : 0.1502    recall@100 : 0.2767    ndcg@10 : 0.0076    ndcg@50 : 0.0344    ndcg@100 : 0.0548
Tue 11 Aug 2026 11:47:09 INFO  Saving current: /projects/PROJECT_ALLOC/R-project/results/anchor/All_Beauty/_ckpt/SASRec-Aug-11-2026_11-45-04.pth
Tue 11 Aug 2026 11:47:44 INFO  epoch 3 training [time: 35.69s, train loss: 5.8373]
Tue 11 Aug 2026 11:47:46 INFO  epoch 3 evaluating [time: 1.59s, valid_score: 0.007800]
Tue 11 Aug 2026 11:47:46 INFO  valid result: 
recall@10 : 0.0237    recall@50 : 0.1542    recall@100 : 0.2846    ndcg@10 : 0.0078    ndcg@50 : 0.0357    ndcg@100 : 0.0566
Tue 11 Aug 2026 11:47:46 INFO  Saving current: /projects/PROJECT_ALLOC/R-project/results/anchor/All_Beauty/_ckpt/SASRec-Aug-11-2026_11-45-04.pth
Tue 11 Aug 2026 11:48:21 INFO  epoch 4 training [time: 34.90s, train loss: 5.8145]
Tue 11 Aug 2026 11:48:23 INFO  epoch 4 evaluating [time: 1.50s, valid_score: 0.007400]
Tue 11 Aug 2026 11:48:23 INFO  valid result: 
recall@10 : 0.0198    recall@50 : 0.1621    recall@100 : 0.2885    ndcg@10 : 0.0074    ndcg@50 : 0.0378    ndcg@100 : 0.058
Tue 11 Aug 2026 11:48:59 INFO  epoch 5 training [time: 36.40s, train loss: 5.7929]
Tue 11 Aug 2026 11:49:01 INFO  epoch 5 evaluating [time: 1.60s, valid_score: 0.008600]
Tue 11 Aug 2026 11:49:01 INFO  valid result: 
recall@10 : 0.0237    recall@50 : 0.166    recall@100 : 0.2846    ndcg@10 : 0.0086    ndcg@50 : 0.0388    ndcg@100 : 0.0579
Tue 11 Aug 2026 11:49:01 INFO  Saving current: /projects/PROJECT_ALLOC/R-project/results/anchor/All_Beauty/_ckpt/SASRec-Aug-11-2026_11-45-04.pth
Tue 11 Aug 2026 11:49:28 INFO  epoch 6 training [time: 27.29s, train loss: 5.7783]
Tue 11 Aug 2026 11:49:30 INFO  epoch 6 evaluating [time: 1.50s, valid_score: 0.009100]
Tue 11 Aug 2026 11:49:30 INFO  valid result: 
recall@10 : 0.0237    recall@50 : 0.1739    recall@100 : 0.3004    ndcg@10 : 0.0091    ndcg@50 : 0.0411    ndcg@100 : 0.0614
Tue 11 Aug 2026 11:49:30 INFO  Saving current: /projects/PROJECT_ALLOC/R-project/results/anchor/All_Beauty/_ckpt/SASRec-Aug-11-2026_11-45-04.pth
Tue 11 Aug 2026 11:50:03 INFO  epoch 7 training [time: 32.90s, train loss: 5.7614]
Tue 11 Aug 2026 11:50:05 INFO  epoch 7 evaluating [time: 2.70s, valid_score: 0.009900]
Tue 11 Aug 2026 11:50:05 INFO  valid result: 
recall@10 : 0.0237    recall@50 : 0.1739    recall@100 : 0.3162    ndcg@10 : 0.0099    ndcg@50 : 0.0421    ndcg@100 : 0.065
Tue 11 Aug 2026 11:50:05 INFO  Saving current: /projects/PROJECT_ALLOC/R-project/results/anchor/All_Beauty/_ckpt/SASRec-Aug-11-2026_11-45-04.pth
Tue 11 Aug 2026 11:50:35 INFO  epoch 8 training [time: 30.19s, train loss: 5.7429]
Tue 11 Aug 2026 11:50:37 INFO  epoch 8 evaluating [time: 1.50s, valid_score: 0.008700]
Tue 11 Aug 2026 11:50:37 INFO  valid result: 
recall@10 : 0.0198    recall@50 : 0.1897    recall@100 : 0.3202    ndcg@10 : 0.0087    ndcg@50 : 0.0449    ndcg@100 : 0.0658
Tue 11 Aug 2026 11:51:02 INFO  epoch 9 training [time: 25.20s, train loss: 5.7261]
Tue 11 Aug 2026 11:51:05 INFO  epoch 9 evaluating [time: 3.10s, valid_score: 0.009600]
Tue 11 Aug 2026 11:51:05 INFO  valid result: 
recall@10 : 0.0237    recall@50 : 0.1937    recall@100 : 0.3281    ndcg@10 : 0.0096    ndcg@50 : 0.0458    ndcg@100 : 0.0674
Tue 11 Aug 2026 11:51:36 INFO  epoch 10 training [time: 31.10s, train loss: 5.7019]
Tue 11 Aug 2026 11:51:39 INFO  epoch 10 evaluating [time: 2.60s, valid_score: 0.012300]
Tue 11 Aug 2026 11:51:39 INFO  valid result: 
recall@10 : 0.0316    recall@50 : 0.2016    recall@100 : 0.3241    ndcg@10 : 0.0123    ndcg@50 : 0.0478    ndcg@100 : 0.0676
Tue 11 Aug 2026 11:51:39 INFO  Saving current: /projects/PROJECT_ALLOC/R-project/results/anchor/All_Beauty/_ckpt/SASRec-Aug-11-2026_11-45-04.pth
Tue 11 Aug 2026 11:52:07 INFO  epoch 11 training [time: 27.60s, train loss: 5.6804]
Tue 11 Aug 2026 11:52:08 INFO  epoch 11 evaluating [time: 1.00s, valid_score: 0.014700]
Tue 11 Aug 2026 11:52:08 INFO  valid result: 
recall@10 : 0.0395    recall@50 : 0.2016    recall@100 : 0.3241    ndcg@10 : 0.0147    ndcg@50 : 0.0482    ndcg@100 : 0.0682
Tue 11 Aug 2026 11:52:08 INFO  Saving current: /projects/PROJECT_ALLOC/R-project/results/anchor/All_Beauty/_ckpt/SASRec-Aug-11-2026_11-45-04.pth
Tue 11 Aug 2026 11:52:38 INFO  epoch 12 training [time: 30.19s, train loss: 5.6632]
Tue 11 Aug 2026 11:52:39 INFO  epoch 12 evaluating [time: 1.40s, valid_score: 0.014700]
Tue 11 Aug 2026 11:52:39 INFO  valid result: 
recall@10 : 0.0395    recall@50 : 0.1976    recall@100 : 0.332    ndcg@10 : 0.0147    ndcg@50 : 0.0476    ndcg@100 : 0.0695
Tue 11 Aug 2026 11:52:39 INFO  Saving current: /projects/PROJECT_ALLOC/R-project/results/anchor/All_Beauty/_ckpt/SASRec-Aug-11-2026_11-45-04.pth
Tue 11 Aug 2026 11:53:10 INFO  epoch 13 training [time: 30.80s, train loss: 5.6373]
Tue 11 Aug 2026 11:53:12 INFO  epoch 13 evaluating [time: 1.40s, valid_score: 0.015900]
Tue 11 Aug 2026 11:53:12 INFO  valid result: 
recall@10 : 0.0435    recall@50 : 0.2055    recall@100 : 0.3478    ndcg@10 : 0.0159    ndcg@50 : 0.0493    ndcg@100 : 0.0723
Tue 11 Aug 2026 11:53:12 INFO  Saving current: /projects/PROJECT_ALLOC/R-project/results/anchor/All_Beauty/_ckpt/SASRec-Aug-11-2026_11-45-04.pth
Tue 11 Aug 2026 11:53:47 INFO  epoch 14 training [time: 34.89s, train loss: 5.6200]
Tue 11 Aug 2026 11:53:49 INFO  epoch 14 evaluating [time: 2.20s, valid_score: 0.013700]
Tue 11 Aug 2026 11:53:49 INFO  valid result: 
recall@10 : 0.0356    recall@50 : 0.1976    recall@100 : 0.3557    ndcg@10 : 0.0137    ndcg@50 : 0.0482    ndcg@100 : 0.0739
Tue 11 Aug 2026 11:54:19 INFO  epoch 15 training [time: 30.50s, train loss: 5.5985]
Tue 11 Aug 2026 11:54:21 INFO  epoch 15 evaluating [time: 1.50s, valid_score: 0.016300]
Tue 11 Aug 2026 11:54:21 INFO  valid result: 
recall@10 : 0.0435    recall@50 : 0.2016    recall@100 : 0.3597    ndcg@10 : 0.0163    ndcg@50 : 0.0498    ndcg@100 : 0.0755
Tue 11 Aug 2026 11:54:21 INFO  Saving current: /projects/PROJECT_ALLOC/R-project/results/anchor/All_Beauty/_ckpt/SASRec-Aug-11-2026_11-45-04.pth
Tue 11 Aug 2026 11:54:48 INFO  epoch 16 training [time: 27.60s, train loss: 5.5846]
Tue 11 Aug 2026 11:54:50 INFO  epoch 16 evaluating [time: 1.20s, valid_score: 0.018000]
Tue 11 Aug 2026 11:54:50 INFO  valid result: 
recall@10 : 0.0474    recall@50 : 0.2213    recall@100 : 0.3478    ndcg@10 : 0.018    ndcg@50 : 0.0546    ndcg@100 : 0.0751
Tue 11 Aug 2026 11:54:50 INFO  Saving current: /projects/PROJECT_ALLOC/R-project/results/anchor/All_Beauty/_ckpt/SASRec-Aug-11-2026_11-45-04.pth
Tue 11 Aug 2026 11:55:15 INFO  epoch 17 training [time: 24.80s, train loss: 5.5631]
Tue 11 Aug 2026 11:55:20 INFO  epoch 17 evaluating [time: 5.20s, valid_score: 0.019500]
Tue 11 Aug 2026 11:55:20 INFO  valid result: 
recall@10 : 0.0514    recall@50 : 0.2253    recall@100 : 0.3557    ndcg@10 : 0.0195    ndcg@50 : 0.0562    ndcg@100 : 0.0773
Tue 11 Aug 2026 11:55:20 INFO  Saving current: /projects/PROJECT_ALLOC/R-project/results/anchor/All_Beauty/_ckpt/SASRec-Aug-11-2026_11-45-04.pth
Tue 11 Aug 2026 11:55:46 INFO  epoch 18 training [time: 25.79s, train loss: 5.5429]
Tue 11 Aug 2026 11:55:47 INFO  epoch 18 evaluating [time: 1.10s, valid_score: 0.023600]
Tue 11 Aug 2026 11:55:47 INFO  valid result: 
recall@10 : 0.0632    recall@50 : 0.2213    recall@100 : 0.3755    ndcg@10 : 0.0236    ndcg@50 : 0.057    ndcg@100 : 0.0818
Tue 11 Aug 2026 11:55:47 INFO  Saving current: /projects/PROJECT_ALLOC/R-project/results/anchor/All_Beauty/_ckpt/SASRec-Aug-11-2026_11-45-04.pth
Tue 11 Aug 2026 11:56:19 INFO  epoch 19 training [time: 32.40s, train loss: 5.5211]
Tue 11 Aug 2026 11:56:21 INFO  epoch 19 evaluating [time: 1.80s, valid_score: 0.027800]
Tue 11 Aug 2026 11:56:21 INFO  valid result: 
recall@10 : 0.0751    recall@50 : 0.2292    recall@100 : 0.3913    ndcg@10 : 0.0278    ndcg@50 : 0.0601    ndcg@100 : 0.0862
Tue 11 Aug 2026 11:56:21 INFO  Saving current: /projects/PROJECT_ALLOC/R-project/results/anchor/All_Beauty/_ckpt/SASRec-Aug-11-2026_11-45-04.pth
Tue 11 Aug 2026 11:56:50 INFO  epoch 20 training [time: 28.40s, train loss: 5.4966]
Tue 11 Aug 2026 11:56:51 INFO  epoch 20 evaluating [time: 0.99s, valid_score: 0.026800]
Tue 11 Aug 2026 11:56:51 INFO  valid result: 
recall@10 : 0.0711    recall@50 : 0.2372    recall@100 : 0.4032    ndcg@10 : 0.0268    ndcg@50 : 0.0622    ndcg@100 : 0.089
Tue 11 Aug 2026 11:57:19 INFO  epoch 21 training [time: 28.60s, train loss: 5.4710]
Tue 11 Aug 2026 11:57:21 INFO  epoch 21 evaluating [time: 1.19s, valid_score: 0.029300]
Tue 11 Aug 2026 11:57:21 INFO  valid result: 
recall@10 : 0.0791    recall@50 : 0.2569    recall@100 : 0.419    ndcg@10 : 0.0293    ndcg@50 : 0.0666    ndcg@100 : 0.0926
Tue 11 Aug 2026 11:57:21 INFO  Saving current: /projects/PROJECT_ALLOC/R-project/results/anchor/All_Beauty/_ckpt/SASRec-Aug-11-2026_11-45-04.pth
Tue 11 Aug 2026 11:58:47 INFO  epoch 22 training [time: 86.09s, train loss: 5.4479]
Tue 11 Aug 2026 11:58:55 INFO  epoch 22 evaluating [time: 8.20s, valid_score: 0.029800]
Tue 11 Aug 2026 11:58:55 INFO  valid result: 
recall@10 : 0.0791    recall@50 : 0.2609    recall@100 : 0.4269    ndcg@10 : 0.0298    ndcg@50 : 0.0685    ndcg@100 : 0.0953
Tue 11 Aug 2026 11:58:55 INFO  Saving current: /projects/PROJECT_ALLOC/R-project/results/anchor/All_Beauty/_ckpt/SASRec-Aug-11-2026_11-45-04.pth
Tue 11 Aug 2026 12:00:32 INFO  epoch 23 training [time: 96.70s, train loss: 5.4317]
Tue 11 Aug 2026 12:00:36 INFO  epoch 23 evaluating [time: 4.29s, valid_score: 0.028900]
Tue 11 Aug 2026 12:00:36 INFO  valid result: 
recall@10 : 0.0751    recall@50 : 0.2688    recall@100 : 0.4427    ndcg@10 : 0.0289    ndcg@50 : 0.0708    ndcg@100 : 0.0989
Tue 11 Aug 2026 12:01:12 INFO  epoch 24 training [time: 36.20s, train loss: 5.4108]
Tue 11 Aug 2026 12:01:14 INFO  epoch 24 evaluating [time: 1.80s, valid_score: 0.029800]
Tue 11 Aug 2026 12:01:14 INFO  valid result: 
recall@10 : 0.0751    recall@50 : 0.2767    recall@100 : 0.4783    ndcg@10 : 0.0298    ndcg@50 : 0.0736    ndcg@100 : 0.1062
Tue 11 Aug 2026 12:01:14 INFO  Saving current: /projects/PROJECT_ALLOC/R-project/results/anchor/All_Beauty/_ckpt/SASRec-Aug-11-2026_11-45-04.pth
Tue 11 Aug 2026 12:01:41 INFO  epoch 25 training [time: 26.78s, train loss: 5.3815]
Tue 11 Aug 2026 12:01:42 INFO  epoch 25 evaluating [time: 1.30s, valid_score: 0.029900]
Tue 11 Aug 2026 12:01:42 INFO  valid result: 
recall@10 : 0.0751    recall@50 : 0.2964    recall@100 : 0.4901    ndcg@10 : 0.0299    ndcg@50 : 0.0776    ndcg@100 : 0.1088
Tue 11 Aug 2026 12:01:42 INFO  Saving current: /projects/PROJECT_ALLOC/R-project/results/anchor/All_Beauty/_ckpt/SASRec-Aug-11-2026_11-45-04.pth
